Archive member included to satisfy reference by file (symbol)

d:/stm32cube/gcc-arm-none-eabi-10.3-2021.10-win32/gcc-arm-none-eabi-10.3-2021.10/bin/../lib/gcc/arm-none-eabi/10.3.1/../../../../arm-none-eabi/lib/thumb/v7-m/nofp\libg.a(lib_a-errno.o)
                              CMakeFiles/STM32F1_demo.elf.dir/Core/Src/syscalls.c.obj (__errno)
d:/stm32cube/gcc-arm-none-eabi-10.3-2021.10-win32/gcc-arm-none-eabi-10.3-2021.10/bin/../lib/gcc/arm-none-eabi/10.3.1/../../../../arm-none-eabi/lib/thumb/v7-m/nofp\libg.a(lib_a-exit.o)
                              d:/stm32cube/gcc-arm-none-eabi-10.3-2021.10-win32/gcc-arm-none-eabi-10.3-2021.10/bin/../lib/gcc/arm-none-eabi/10.3.1/../../../../arm-none-eabi/lib/thumb/v7-m/nofp/crt0.o (exit)
d:/stm32cube/gcc-arm-none-eabi-10.3-2021.10-win32/gcc-arm-none-eabi-10.3-2021.10/bin/../lib/gcc/arm-none-eabi/10.3.1/../../../../arm-none-eabi/lib/thumb/v7-m/nofp\libg.a(lib_a-impure.o)
                              d:/stm32cube/gcc-arm-none-eabi-10.3-2021.10-win32/gcc-arm-none-eabi-10.3-2021.10/bin/../lib/gcc/arm-none-eabi/10.3.1/../../../../arm-none-eabi/lib/thumb/v7-m/nofp\libg.a(lib_a-exit.o) (_global_impure_ptr)
d:/stm32cube/gcc-arm-none-eabi-10.3-2021.10-win32/gcc-arm-none-eabi-10.3-2021.10/bin/../lib/gcc/arm-none-eabi/10.3.1/../../../../arm-none-eabi/lib/thumb/v7-m/nofp\libg.a(lib_a-init.o)
                              d:/stm32cube/gcc-arm-none-eabi-10.3-2021.10-win32/gcc-arm-none-eabi-10.3-2021.10/bin/../lib/gcc/arm-none-eabi/10.3.1/../../../../arm-none-eabi/lib/thumb/v7-m/nofp/crt0.o (__libc_init_array)
d:/stm32cube/gcc-arm-none-eabi-10.3-2021.10-win32/gcc-arm-none-eabi-10.3-2021.10/bin/../lib/gcc/arm-none-eabi/10.3.1/../../../../arm-none-eabi/lib/thumb/v7-m/nofp\libg.a(lib_a-memcpy.o)
                              CMakeFiles/STM32F1_demo.elf.dir/Middlewares/Third_Party/FreeRTOS/Source/CMSIS_RTOS_V2/cmsis_os2.c.obj (memcpy)
d:/stm32cube/gcc-arm-none-eabi-10.3-2021.10-win32/gcc-arm-none-eabi-10.3-2021.10/bin/../lib/gcc/arm-none-eabi/10.3.1/../../../../arm-none-eabi/lib/thumb/v7-m/nofp\libg.a(lib_a-memset.o)
                              d:/stm32cube/gcc-arm-none-eabi-10.3-2021.10-win32/gcc-arm-none-eabi-10.3-2021.10/bin/../lib/gcc/arm-none-eabi/10.3.1/../../../../arm-none-eabi/lib/thumb/v7-m/nofp/crt0.o (memset)
d:/stm32cube/gcc-arm-none-eabi-10.3-2021.10-win32/gcc-arm-none-eabi-10.3-2021.10/bin/../lib/gcc/arm-none-eabi/10.3.1/../../../../arm-none-eabi/lib/thumb/v7-m/nofp\libg.a(lib_a-reent.o)
                              CMakeFiles/STM32F1_demo.elf.dir/Middlewares/Third_Party/FreeRTOS/Source/tasks.c.obj (_reclaim_reent)
d:/stm32cube/gcc-arm-none-eabi-10.3-2021.10-win32/gcc-arm-none-eabi-10.3-2021.10/bin/../lib/gcc/arm-none-eabi/10.3.1/../../../../arm-none-eabi/lib/thumb/v7-m/nofp\libg.a(lib_a-__call_atexit.o)
                              d:/stm32cube/gcc-arm-none-eabi-10.3-2021.10-win32/gcc-arm-none-eabi-10.3-2021.10/bin/../lib/gcc/arm-none-eabi/10.3.1/../../../../arm-none-eabi/lib/thumb/v7-m/nofp\libg.a(lib_a-exit.o) (__call_exitprocs)
d:/stm32cube/gcc-arm-none-eabi-10.3-2021.10-win32/gcc-arm-none-eabi-10.3-2021.10/bin/../lib/gcc/arm-none-eabi/10.3.1/../../../../arm-none-eabi/lib/thumb/v7-m/nofp\libg.a(lib_a-atexit.o)
                              d:/stm32cube/gcc-arm-none-eabi-10.3-2021.10-win32/gcc-arm-none-eabi-10.3-2021.10/bin/../lib/gcc/arm-none-eabi/10.3.1/../../../../arm-none-eabi/lib/thumb/v7-m/nofp\libg.a(lib_a-__call_atexit.o) (atexit)
d:/stm32cube/gcc-arm-none-eabi-10.3-2021.10-win32/gcc-arm-none-eabi-10.3-2021.10/bin/../lib/gcc/arm-none-eabi/10.3.1/../../../../arm-none-eabi/lib/thumb/v7-m/nofp\libg.a(lib_a-fini.o)
                              d:/stm32cube/gcc-arm-none-eabi-10.3-2021.10-win32/gcc-arm-none-eabi-10.3-2021.10/bin/../lib/gcc/arm-none-eabi/10.3.1/../../../../arm-none-eabi/lib/thumb/v7-m/nofp\libg.a(lib_a-__call_atexit.o) (__libc_fini_array)
d:/stm32cube/gcc-arm-none-eabi-10.3-2021.10-win32/gcc-arm-none-eabi-10.3-2021.10/bin/../lib/gcc/arm-none-eabi/10.3.1/../../../../arm-none-eabi/lib/thumb/v7-m/nofp\libg.a(lib_a-freer.o)
                              d:/stm32cube/gcc-arm-none-eabi-10.3-2021.10-win32/gcc-arm-none-eabi-10.3-2021.10/bin/../lib/gcc/arm-none-eabi/10.3.1/../../../../arm-none-eabi/lib/thumb/v7-m/nofp\libg.a(lib_a-reent.o) (_free_r)
d:/stm32cube/gcc-arm-none-eabi-10.3-2021.10-win32/gcc-arm-none-eabi-10.3-2021.10/bin/../lib/gcc/arm-none-eabi/10.3.1/../../../../arm-none-eabi/lib/thumb/v7-m/nofp\libg.a(lib_a-lock.o)
                              d:/stm32cube/gcc-arm-none-eabi-10.3-2021.10-win32/gcc-arm-none-eabi-10.3-2021.10/bin/../lib/gcc/arm-none-eabi/10.3.1/../../../../arm-none-eabi/lib/thumb/v7-m/nofp\libg.a(lib_a-__call_atexit.o) (__retarget_lock_acquire_recursive)
d:/stm32cube/gcc-arm-none-eabi-10.3-2021.10-win32/gcc-arm-none-eabi-10.3-2021.10/bin/../lib/gcc/arm-none-eabi/10.3.1/../../../../arm-none-eabi/lib/thumb/v7-m/nofp\libg.a(lib_a-mallocr.o)
[...]
Memory Configuration

Name             Origin             Length             Attributes
RAM              0x20000000         0x00005000         xrw
FLASH            0x08000000         0x00010000         xr
*default*        0x00000000         0xffffffff

Linker script and memory map

LOAD d:/stm32cube/gcc-arm-none-eabi-10.3-2021.10-win32/gcc-arm-none-eabi-10.3-2021.10/bin/../lib/gcc/arm-none-eabi/10.3.1/thumb/v7-m/nofp/crti.o
LOAD d:/stm32cube/gcc-arm-none-eabi-10.3-2021.10-win32/gcc-arm-none-eabi-10.3-2021.10/bin/../lib/gcc/arm-none-eabi/10.3.1/thumb/v7-m/nofp/crtbegin.o
LOAD d:/stm32cube/gcc-arm-none-eabi-10.3-2021.10-win32/gcc-arm-none-eabi-10.3-2021.10/bin/../lib/gcc/arm-none-eabi/10.3.1/../../../../arm-none-eabi/lib/thumb/v7-m/nofp/crt0.o
LOAD CMakeFiles/STM32F1_demo.elf.dir/Core/Src/freertos.c.obj
LOAD CMakeFiles/STM32F1_demo.elf.dir/Core/Src/main.c.obj
LOAD CMakeFiles/STM32F1_demo.elf.dir/Core/Src/stm32f1xx_hal_msp.c.obj
LOAD CMakeFiles/STM32F1_demo.elf.dir/Core/Src/stm32f1xx_hal_timebase_tim.c.obj
LOAD CMakeFiles/STM32F1_demo.elf.dir/Core/Src/stm32f1xx_it.c.obj
LOAD CMakeFiles/STM32F1_demo.elf.dir/Core/Src/syscalls.c.obj
LOAD CMakeFiles/STM32F1_demo.elf.dir/Core/Src/sysmem.c.obj
LOAD CMakeFiles/STM32F1_demo.elf.dir/Core/Src/system_stm32f1xx.c.obj
LOAD CMakeFiles/STM32F1_demo.elf.dir/Core/Startup/startup_stm32f103c8tx.s.obj
LOAD CMakeFiles/STM32F1_demo.elf.dir/Drivers/STM32F1xx_HAL_Driver/Src/stm32f1xx_hal.c.obj
LOAD CMakeFiles/STM32F1_demo.elf.dir/Drivers/STM32F1xx_HAL_Driver/Src/stm32f1xx_hal_cortex.c.obj
LOAD CMakeFiles/STM32F1_demo.elf.dir/Drivers/STM32F1xx_HAL_Driver/Src/stm32f1xx_hal_dma.c.obj
LOAD CMakeFiles/STM32F1_demo.elf.dir/Drivers/STM32F1xx_HAL_Driver/Src/stm32f1xx_hal_exti.c.obj
LOAD CMakeFiles/STM32F1_demo.elf.dir/Drivers/STM32F1xx_HAL_Driver/Src/stm32f1xx_hal_flash.c.obj
LOAD CMakeFiles/STM32F1_demo.elf.dir/Drivers/STM32F1xx_HAL_Driver/Src/stm32f1xx_hal_flash_ex.c.obj
LOAD CMakeFiles/STM32F1_demo.elf.dir/Drivers/STM32F1xx_HAL_Driver/Src/stm32f1xx_hal_gpio.c.obj
LOAD CMakeFiles/STM32F1_demo.elf.dir/Drivers/STM32F1xx_HAL_Driver/Src/stm32f1xx_hal_gpio_ex.c.obj
LOAD CMakeFiles/STM32F1_demo.elf.dir/Drivers/STM32F1xx_HAL_Driver/Src/stm32f1xx_hal_i2c.c.obj
LOAD CMakeFiles/STM32F1_demo.elf.dir/Drivers/STM32F1xx_HAL_Driver/Src/stm32f1xx_hal_pcd.c.obj
LOAD CMakeFiles/STM32F1_demo.elf.dir/Drivers/STM32F1xx_HAL_Driver/Src/stm32f1xx_hal_pcd_ex.c.obj
LOAD CMakeFiles/STM32F1_demo.elf.dir/Drivers/STM32F1xx_HAL_Driver/Src/stm32f1xx_hal_pwr.c.obj
LOAD CMakeFiles/STM32F1_demo.elf.dir/Drivers/STM32F1xx_HAL_Driver/Src/stm32f1xx_hal_rcc.c.obj
LOAD CMakeFiles/STM32F1_demo.elf.dir/Drivers/STM32F1xx_HAL_Driver/Src/stm32f1xx_hal_rcc_ex.c.obj
LOAD CMakeFiles/STM32F1_demo.elf.dir/Drivers/STM32F1xx_HAL_Driver/Src/stm32f1xx_hal_spi.c.obj
LOAD CMakeFiles/STM32F1_demo.elf.dir/Drivers/STM32F1xx_HAL_Driver/Src/stm32f1xx_hal_tim.c.obj
LOAD CMakeFiles/STM32F1_demo.elf.dir/Drivers/STM32F1xx_HAL_Driver/Src/stm32f1xx_hal_tim_ex.c.obj
LOAD CMakeFiles/STM32F1_demo.elf.dir/Drivers/STM32F1xx_HAL_Driver/Src/stm32f1xx_ll_usb.c.obj
LOAD CMakeFiles/STM32F1_demo.elf.dir/Middlewares/Third_Party/FreeRTOS/Source/CMSIS_RTOS_V2/cmsis_os2.c.obj
LOAD CMakeFiles/STM32F1_demo.elf.dir/Middlewares/Third_Party/FreeRTOS/Source/croutine.c.obj
LOAD CMakeFiles/STM32F1_demo.elf.dir/Middlewares/Third_Party/FreeRTOS/Source/event_groups.c.obj
LOAD CMakeFiles/STM32F1_demo.elf.dir/Middlewares/Third_Party/FreeRTOS/Source/list.c.obj
LOAD CMakeFiles/STM32F1_demo.elf.dir/Middlewares/Third_Party/FreeRTOS/Source/portable/GCC/ARM_CM3/port.c.obj
LOAD CMakeFiles/STM32F1_demo.elf.dir/Middlewares/Third_Party/FreeRTOS/Source/portable/MemMang/heap_4.c.obj
LOAD CMakeFiles/STM32F1_demo.elf.dir/Middlewares/Third_Party/FreeRTOS/Source/queue.c.obj
LOAD CMakeFiles/STM32F1_demo.elf.dir/Middlewares/Third_Party/FreeRTOS/Source/stream_buffer.c.obj
LOAD CMakeFiles/STM32F1_demo.elf.dir/Middlewares/Third_Party/FreeRTOS/Source/tasks.c.obj
LOAD CMakeFiles/STM32F1_demo.elf.dir/Middlewares/Third_Party/FreeRTOS/Source/timers.c.obj
START GROUP
LOAD d:/stm32cube/gcc-arm-none-eabi-10.3-2021.10-win32/gcc-arm-none-eabi-10.3-2021.10/bin/../lib/gcc/arm-none-eabi/10.3.1/thumb/v7-m/nofp\libgcc.a
LOAD d:/stm32cube/gcc-arm-none-eabi-10.3-2021.10-win32/gcc-arm-none-eabi-10.3-2021.10/bin/../lib/gcc/arm-none-eabi/10.3.1/../../../../arm-none-eabi/lib/thumb/v7-m/nofp\libg.a
LOAD d:/stm32cube/gcc-arm-none-eabi-10.3-2021.10-win32/gcc-arm-none-eabi-10.3-2021.10/bin/../lib/gcc/arm-none-eabi/10.3.1/../../../../arm-none-eabi/lib/thumb/v7-m/nofp\libc.a
END GROUP
LOAD d:/stm32cube/gcc-arm-none-eabi-10.3-2021.10-win32/gcc-arm-none-eabi-10.3-2021.10/bin/../lib/gcc/arm-none-eabi/10.3.1/thumb/v7-m/nofp/crtend.o
LOAD d:/stm32cube/gcc-arm-none-eabi-10.3-2021.10-win32/gcc-arm-none-eabi-10.3-2021.10/bin/../lib/gcc/arm-none-eabi/10.3.1/thumb/v7-m/nofp/crtn.o
                0x20005000                _estack = (ORIGIN (RAM) + LENGTH (RAM))
                0x00000200                _Min_Heap_Size = 0x200
                0x00000400                _Min_Stack_Size = 0x400

.isr_vector     0x08000000      0x10c
                0x08000000                . = ALIGN (0x4)
 *(.isr_vector)
 .isr_vector    0x08000000      0x10c CMakeFiles/STM32F1_demo.elf.dir/Core/Startup/startup_stm32f103c8tx.s.obj
                0x08000000                g_pfnVectors
                0x0800010c                . = ALIGN (0x4)

.text           0x08000110     0x3a34
                0x08000110                . = ALIGN (0x4)
 *(.text)
 .text          0x08000110       0x40 d:/stm32cube/gcc-arm-none-eabi-10.3-2021.10-win32/gcc-arm-none-eabi-10.3-2021.10/bin/../lib/gcc/arm-none-eabi/10.3.1/thumb/v7-m/nofp/crtbegin.o
 .text          0x08000150       0xec d:/stm32cube/gcc-arm-none-eabi-10.3-2021.10-win32/gcc-arm-none-eabi-10.3-2021.10/bin/../lib/gcc/arm-none-eabi/10.3.1/../../../../arm-none-eabi/lib/thumb/v7-m/nofp\libg.a(lib_a-memcpy.o)
                0x08000150                memcpy
 *(.text*)
 .text.MX_GPIO_Init
                0x0800023c       0x30 CMakeFiles/STM32F1_demo.elf.dir/Core/Src/main.c.obj
 .text.StartDefaultTask
                0x0800026c        0xc CMakeFiles/STM32F1_demo.elf.dir/Core/Src/main.c.obj
                0x0800026c                StartDefaultTask
 .text.HAL_TIM_PeriodElapsedCallback
                0x08000278       0x18 CMakeFiles/STM32F1_demo.elf.dir/Core/Src/main.c.obj
                0x08000278                HAL_TIM_PeriodElapsedCallback
 .text.Error_Handler
                0x08000290        0x4 CMakeFiles/STM32F1_demo.elf.dir/Core/Src/main.c.obj
                0x08000290                Error_Handler
 .text.MX_SPI1_Init
                0x08000294       0x40 CMakeFiles/STM32F1_demo.elf.dir/Core/Src/main.c.obj
 .text.MX_USB_PCD_Init
                0x080002d4       0x30 CMakeFiles/STM32F1_demo.elf.dir/Core/Src/main.c.obj
 .text.MX_I2C1_Init
                0x08000304       0x38 CMakeFiles/STM32F1_demo.elf.dir/Core/Src/main.c.obj
 .text.MX_I2C2_Init
                0x0800033c       0x38 CMakeFiles/STM32F1_demo.elf.dir/Core/Src/main.c.obj
 .text.SystemClock_Config
                0x08000374       0x74 CMakeFiles/STM32F1_demo.elf.dir/Core/Src/main.c.obj
                0x08000374                SystemClock_Config
 .text.main     0x080003e8       0x44 CMakeFiles/STM32F1_demo.elf.dir/Core/Src/main.c.obj
                0x080003e8                main
 .text.HAL_MspInit
                0x0800042c       0x40 CMakeFiles/STM32F1_demo.elf.dir/Core/Src/stm32f1xx_hal_msp.c.obj
                0x0800042c                HAL_MspInit
 .text.HAL_I2C_MspInit
                0x0800046c       0xc0 CMakeFiles/STM32F1_demo.elf.dir/Core/Src/stm32f1xx_hal_msp.c.obj
                0x0800046c                HAL_I2C_MspInit
 .text.HAL_SPI_MspInit
                0x0800052c       0x74 CMakeFiles/STM32F1_demo.elf.dir/Core/Src/stm32f1xx_hal_msp.c.obj
                0x0800052c                HAL_SPI_MspInit
 .text.HAL_PCD_MspInit
                0x080005a0       0x6c CMakeFiles/STM32F1_demo.elf.dir/Core/Src/stm32f1xx_hal_msp.c.obj
                0x080005a0                HAL_PCD_MspInit
 .text.HAL_InitTick
                0x0800060c       0x94 CMakeFiles/STM32F1_demo.elf.dir/Core/Src/stm32f1xx_hal_timebase_tim.c.obj
                0x0800060c                HAL_InitTick
 .text.NMI_Handler
                0x080006a0        0x2 CMakeFiles/STM32F1_demo.elf.dir/Core/Src/stm32f1xx_it.c.obj
                0x080006a0                NMI_Handler
 .text.HardFault_Handler
                0x080006a2        0x2 CMakeFiles/STM32F1_demo.elf.dir/Core/Src/stm32f1xx_it.c.obj
                0x080006a2                HardFault_Handler
 .text.MemManage_Handler
                0x080006a4        0x2 CMakeFiles/STM32F1_demo.elf.dir/Core/Src/stm32f1xx_it.c.obj
                0x080006a4                MemManage_Handler
 .text.BusFault_Handler
                0x080006a6        0x2 CMakeFiles/STM32F1_demo.elf.dir/Core/Src/stm32f1xx_it.c.obj
                0x080006a6                BusFault_Handler
 .text.UsageFault_Handler
                0x080006a8        0x2 CMakeFiles/STM32F1_demo.elf.dir/Core/Src/stm32f1xx_it.c.obj
                0x080006a8                UsageFault_Handler
 .text.DebugMon_Handler
                0x080006aa        0x2 CMakeFiles/STM32F1_demo.elf.dir/Core/Src/stm32f1xx_it.c.obj
                0x080006aa                DebugMon_Handler
 .text.TIM1_UP_IRQHandler
                0x080006ac       0x10 CMakeFiles/STM32F1_demo.elf.dir/Core/Src/stm32f1xx_it.c.obj
                0x080006ac                TIM1_UP_IRQHandler
 .text.USBWakeUp_IRQHandler
                0x080006bc       0x30 CMakeFiles/STM32F1_demo.elf.dir/Core/Src/stm32f1xx_it.c.obj
                0x080006bc                USBWakeUp_IRQHandler
 .text._sbrk    0x080006ec       0x48 CMakeFiles/STM32F1_demo.elf.dir/Core/Src/sysmem.c.obj
                0x080006ec                _sbrk
 .text.SystemInit
                0x08000734        0x2 CMakeFiles/STM32F1_demo.elf.dir/Core/Src/system_stm32f1xx.c.obj
                0x08000734                SystemInit
 *fill*         0x08000736        0x2 
 .text.Reset_Handler
                0x08000738       0x48 CMakeFiles/STM32F1_demo.elf.dir/Core/Startup/startup_stm32f103c8tx.s.obj
                0x08000738                Reset_Handler
 .text.Default_Handler
                0x08000780        0x2 CMakeFiles/STM32F1_demo.elf.dir/Core/Startup/startup_stm32f103c8tx.s.obj
                0x08000780                RTC_Alarm_IRQHandler
                0x08000780                EXTI2_IRQHandler
                0x08000780                TIM1_CC_IRQHandler
                0x08000780                PVD_IRQHandler
                0x08000780                EXTI3_IRQHandler
                0x08000780                EXTI0_IRQHandler
                0x08000780                I2C2_EV_IRQHandler
                0x08000780                ADC1_2_IRQHandler
                0x08000780                SPI1_IRQHandler
                0x08000780                TAMPER_IRQHandler
                0x08000780                DMA1_Channel4_IRQHandler
                0x08000780                USART3_IRQHandler
                0x08000780                RTC_IRQHandler
                0x08000780                DMA1_Channel7_IRQHandler
                0x08000780                CAN1_RX1_IRQHandler
                0x08000780                TIM4_IRQHandler
                0x08000780                I2C1_EV_IRQHandler
                0x08000780                DMA1_Channel6_IRQHandler
                0x08000780                TIM3_IRQHandler
                0x08000780                RCC_IRQHandler
                0x08000780                TIM1_TRG_COM_IRQHandler
                0x08000780                DMA1_Channel1_IRQHandler
                0x08000780                Default_Handler
                0x08000780                EXTI15_10_IRQHandler
                0x08000780                EXTI9_5_IRQHandler
                0x08000780                SPI2_IRQHandler
                0x08000780                DMA1_Channel5_IRQHandler
                0x08000780                EXTI4_IRQHandler
                0x08000780                USB_LP_CAN1_RX0_IRQHandler
                0x08000780                USB_HP_CAN1_TX_IRQHandler
                0x08000780                DMA1_Channel3_IRQHandler
                0x08000780                WWDG_IRQHandler
                0x08000780                TIM2_IRQHandler
                0x08000780                TIM1_BRK_IRQHandler
                0x08000780                EXTI1_IRQHandler
                0x08000780                USART2_IRQHandler
                0x08000780                I2C2_ER_IRQHandler
                0x08000780                DMA1_Channel2_IRQHandler
                0x08000780                CAN1_SCE_IRQHandler
                0x08000780                FLASH_IRQHandler
                0x08000780                USART1_IRQHandler
                0x08000780                I2C1_ER_IRQHandler
 *fill*         0x08000782        0x2 
 .text.HAL_Init
                0x08000784       0x24 CMakeFiles/STM32F1_demo.elf.dir/Drivers/STM32F1xx_HAL_Driver/Src/stm32f1xx_hal.c.obj
                0x08000784                HAL_Init
 .text.HAL_IncTick
                0x080007a8       0x18 CMakeFiles/STM32F1_demo.elf.dir/Drivers/STM32F1xx_HAL_Driver/Src/stm32f1xx_hal.c.obj
                0x080007a8                HAL_IncTick
 .text.HAL_GetTick
                0x080007c0        0xc CMakeFiles/STM32F1_demo.elf.dir/Drivers/STM32F1xx_HAL_Driver/Src/stm32f1xx_hal.c.obj
                0x080007c0                HAL_GetTick
 .text.HAL_NVIC_SetPriorityGrouping
                0x080007cc       0x24 CMakeFiles/STM32F1_demo.elf.dir/Drivers/STM32F1xx_HAL_Driver/Src/stm32f1xx_hal_cortex.c.obj
                0x080007cc                HAL_NVIC_SetPriorityGrouping
 .text.HAL_NVIC_SetPriority
                0x080007f0       0x70 CMakeFiles/STM32F1_demo.elf.dir/Drivers/STM32F1xx_HAL_Driver/Src/stm32f1xx_hal_cortex.c.obj
                0x080007f0                HAL_NVIC_SetPriority
 .text.HAL_NVIC_EnableIRQ
                0x08000860       0x1c CMakeFiles/STM32F1_demo.elf.dir/Drivers/STM32F1xx_HAL_Driver/Src/stm32f1xx_hal_cortex.c.obj
                0x08000860                HAL_NVIC_EnableIRQ
 .text.HAL_GPIO_Init
                0x0800087c      0x224 CMakeFiles/STM32F1_demo.elf.dir/Drivers/STM32F1xx_HAL_Driver/Src/stm32f1xx_hal_gpio.c.obj
                0x0800087c                HAL_GPIO_Init
 .text.HAL_I2C_Init
                0x08000aa0      0x1bc CMakeFiles/STM32F1_demo.elf.dir/Drivers/STM32F1xx_HAL_Driver/Src/stm32f1xx_hal_i2c.c.obj
                0x08000aa0                HAL_I2C_Init
 .text.HAL_PCD_Init
                0x08000c5c      0x118 CMakeFiles/STM32F1_demo.elf.dir/Drivers/STM32F1xx_HAL_Driver/Src/stm32f1xx_hal_pcd.c.obj
                0x08000c5c                HAL_PCD_Init
 .text.RCC_Delay
                0x08000d74       0x2c CMakeFiles/STM32F1_demo.elf.dir/Drivers/STM32F1xx_HAL_Driver/Src/stm32f1xx_hal_rcc.c.obj
 .text.HAL_RCC_OscConfig
                0x08000da0      0x410 CMakeFiles/STM32F1_demo.elf.dir/Drivers/STM32F1xx_HAL_Driver/Src/stm32f1xx_hal_rcc.c.obj
                0x08000da0                HAL_RCC_OscConfig
 .text.HAL_RCC_GetSysClockFreq
                0x080011b0       0x70 CMakeFiles/STM32F1_demo.elf.dir/Drivers/STM32F1xx_HAL_Driver/Src/stm32f1xx_hal_rcc.c.obj
                0x080011b0                HAL_RCC_GetSysClockFreq
 .text.HAL_RCC_ClockConfig
                0x08001220      0x16c CMakeFiles/STM32F1_demo.elf.dir/Drivers/STM32F1xx_HAL_Driver/Src/stm32f1xx_hal_rcc.c.obj
                0x08001220                HAL_RCC_ClockConfig
 .text.HAL_RCC_GetHCLKFreq
                0x0800138c        0xc CMakeFiles/STM32F1_demo.elf.dir/Drivers/STM32F1xx_HAL_Driver/Src/stm32f1xx_hal_rcc.c.obj
                0x0800138c                HAL_RCC_GetHCLKFreq
 .text.HAL_RCC_GetPCLK1Freq
                0x08001398       0x20 CMakeFiles/STM32F1_demo.elf.dir/Drivers/STM32F1xx_HAL_Driver/Src/stm32f1xx_hal_rcc.c.obj
                0x08001398                HAL_RCC_GetPCLK1Freq
 .text.HAL_RCC_GetPCLK2Freq
                0x080013b8       0x20 CMakeFiles/STM32F1_demo.elf.dir/Drivers/STM32F1xx_HAL_Driver/Src/stm32f1xx_hal_rcc.c.obj
                0x080013b8                HAL_RCC_GetPCLK2Freq
 .text.HAL_RCC_GetClockConfig
                0x080013d8       0x3c CMakeFiles/STM32F1_demo.elf.dir/Drivers/STM32F1xx_HAL_Driver/Src/stm32f1xx_hal_rcc.c.obj
                0x080013d8                HAL_RCC_GetClockConfig
 .text.HAL_RCCEx_PeriphCLKConfig
                0x08001414      0x118 CMakeFiles/STM32F1_demo.elf.dir/Drivers/STM32F1xx_HAL_Driver/Src/stm32f1xx_hal_rcc_ex.c.obj
                0x08001414                HAL_RCCEx_PeriphCLKConfig
 .text.HAL_SPI_Init
                0x0800152c       0xb6 CMakeFiles/STM32F1_demo.elf.dir/Drivers/STM32F1xx_HAL_Driver/Src/stm32f1xx_hal_spi.c.obj
                0x0800152c                HAL_SPI_Init
 .text.HAL_TIM_Base_MspInit
                0x080015e2        0x2 CMakeFiles/STM32F1_demo.elf.dir/Drivers/STM32F1xx_HAL_Driver/Src/stm32f1xx_hal_tim.c.obj
                0x080015e2                HAL_TIM_Base_MspInit
 .text.HAL_TIM_Base_Start_IT
                0x080015e4       0x68 CMakeFiles/STM32F1_demo.elf.dir/Drivers/STM32F1xx_HAL_Driver/Src/stm32f1xx_hal_tim.c.obj
                0x080015e4                HAL_TIM_Base_Start_IT
 .text.HAL_TIM_OC_DelayElapsedCallback
                0x0800164c        0x2 CMakeFiles/STM32F1_demo.elf.dir/Drivers/STM32F1xx_HAL_Driver/Src/stm32f1xx_hal_tim.c.obj
                0x0800164c                HAL_TIM_OC_DelayElapsedCallback
 .text.HAL_TIM_IC_CaptureCallback
                0x0800164e        0x2 CMakeFiles/STM32F1_demo.elf.dir/Drivers/STM32F1xx_HAL_Driver/Src/stm32f1xx_hal_tim.c.obj
                0x0800164e                HAL_TIM_IC_CaptureCallback
 .text.HAL_TIM_PWM_PulseFinishedCallback
                0x08001650        0x2 CMakeFiles/STM32F1_demo.elf.dir/Drivers/STM32F1xx_HAL_Driver/Src/stm32f1xx_hal_tim.c.obj
                0x08001650                HAL_TIM_PWM_PulseFinishedCallback
 .text.HAL_TIM_TriggerCallback
                0x08001652        0x2 CMakeFiles/STM32F1_demo.elf.dir/Drivers/STM32F1xx_HAL_Driver/Src/stm32f1xx_hal_tim.c.obj
                0x08001652                HAL_TIM_TriggerCallback
 .text.HAL_TIM_IRQHandler
                0x08001654      0x17a CMakeFiles/STM32F1_demo.elf.dir/Drivers/STM32F1xx_HAL_Driver/Src/stm32f1xx_hal_tim.c.obj
                0x08001654                HAL_TIM_IRQHandler
 *fill*         0x080017ce        0x2 
 .text.TIM_Base_SetConfig
                0x080017d0       0x74 CMakeFiles/STM32F1_demo.elf.dir/Drivers/STM32F1xx_HAL_Driver/Src/stm32f1xx_hal_tim.c.obj
                0x080017d0                TIM_Base_SetConfig
 .text.HAL_TIM_Base_Init
                0x08001844       0x58 CMakeFiles/STM32F1_demo.elf.dir/Drivers/STM32F1xx_HAL_Driver/Src/stm32f1xx_hal_tim.c.obj
                0x08001844                HAL_TIM_Base_Init
 .text.HAL_TIMEx_CommutCallback
                0x0800189c        0x2 CMakeFiles/STM32F1_demo.elf.dir/Drivers/STM32F1xx_HAL_Driver/Src/stm32f1xx_hal_tim_ex.c.obj
                0x0800189c                HAL_TIMEx_CommutCallback
 .text.HAL_TIMEx_BreakCallback
                0x0800189e        0x2 CMakeFiles/STM32F1_demo.elf.dir/Drivers/STM32F1xx_HAL_Driver/Src/stm32f1xx_hal_tim_ex.c.obj
                0x0800189e                HAL_TIMEx_BreakCallback
 .text.USB_CoreInit
                0x080018a0        0xe CMakeFiles/STM32F1_demo.elf.dir/Drivers/STM32F1xx_HAL_Driver/Src/stm32f1xx_ll_usb.c.obj
                0x080018a0                USB_CoreInit
 .text.USB_DisableGlobalInt
                0x080018ae       0x14 CMakeFiles/STM32F1_demo.elf.dir/Drivers/STM32F1xx_HAL_Driver/Src/stm32f1xx_ll_usb.c.obj
                0x080018ae                USB_DisableGlobalInt
 .text.USB_SetCurrentMode
                0x080018c2        0x4 CMakeFiles/STM32F1_demo.elf.dir/Drivers/STM32F1xx_HAL_Driver/Src/stm32f1xx_ll_usb.c.obj
                0x080018c2                USB_SetCurrentMode
 .text.USB_DevInit
                0x080018c6       0x22 CMakeFiles/STM32F1_demo.elf.dir/Drivers/STM32F1xx_HAL_Driver/Src/stm32f1xx_ll_usb.c.obj
                0x080018c6                USB_DevInit
 .text.USB_DevDisconnect
                0x080018e8        0x4 CMakeFiles/STM32F1_demo.elf.dir/Drivers/STM32F1xx_HAL_Driver/Src/stm32f1xx_ll_usb.c.obj
                0x080018e8                USB_DevDisconnect
 .text.osKernelInitialize
                0x080018ec       0x44 CMakeFiles/STM32F1_demo.elf.dir/Middlewares/Third_Party/FreeRTOS/Source/CMSIS_RTOS_V2/cmsis_os2.c.obj
                0x080018ec                osKernelInitialize
 .text.osKernelStart
                0x08001930       0x4c CMakeFiles/STM32F1_demo.elf.dir/Middlewares/Third_Party/FreeRTOS/Source/CMSIS_RTOS_V2/cmsis_os2.c.obj
                0x08001930                osKernelStart
 .text.osThreadNew
                0x0800197c       0xf0 CMakeFiles/STM32F1_demo.elf.dir/Middlewares/Third_Party/FreeRTOS/Source/CMSIS_RTOS_V2/cmsis_os2.c.obj
                0x0800197c                osThreadNew
 .text.osDelay  0x08001a6c       0x44 CMakeFiles/STM32F1_demo.elf.dir/Middlewares/Third_Party/FreeRTOS/Source/CMSIS_RTOS_V2/cmsis_os2.c.obj
                0x08001a6c                osDelay
 .text.vApplicationGetIdleTaskMemory
                0x08001ab0       0x18 CMakeFiles/STM32F1_demo.elf.dir/Middlewares/Third_Party/FreeRTOS/Source/CMSIS_RTOS_V2/cmsis_os2.c.obj
                0x08001ab0                vApplicationGetIdleTaskMemory
 .text.vApplicationGetTimerTaskMemory
                0x08001ac8       0x18 CMakeFiles/STM32F1_demo.elf.dir/Middlewares/Third_Party/FreeRTOS/Source/CMSIS_RTOS_V2/cmsis_os2.c.obj
                0x08001ac8                vApplicationGetTimerTaskMemory
 .text.vListInitialise
                0x08001ae0       0x16 CMakeFiles/STM32F1_demo.elf.dir/Middlewares/Third_Party/FreeRTOS/Source/list.c.obj
                0x08001ae0                vListInitialise
 .text.vListInitialiseItem
                0x08001af6        0x6 CMakeFiles/STM32F1_demo.elf.dir/Middlewares/Third_Party/FreeRTOS/Source/list.c.obj
                0x08001af6                vListInitialiseItem
 .text.vListInsertEnd
                0x08001afc       0x16 CMakeFiles/STM32F1_demo.elf.dir/Middlewares/Third_Party/FreeRTOS/Source/list.c.obj
                0x08001afc                vListInsertEnd
 .text.vListInsert
                0x08001b12       0x32 CMakeFiles/STM32F1_demo.elf.dir/Middlewares/Third_Party/FreeRTOS/Source/list.c.obj
                0x08001b12                vListInsert
 .text.uxListRemove
                0x08001b44       0x26 CMakeFiles/STM32F1_demo.elf.dir/Middlewares/Third_Party/FreeRTOS/Source/list.c.obj
                0x08001b44                uxListRemove
 *fill*         0x08001b6a        0x2 
 .text.prvTaskExitError
                0x08001b6c       0x40 CMakeFiles/STM32F1_demo.elf.dir/Middlewares/Third_Party/FreeRTOS/Source/portable/GCC/ARM_CM3/port.c.obj
 .text.prvPortStartFirstTask
                0x08001bac       0x20 CMakeFiles/STM32F1_demo.elf.dir/Middlewares/Third_Party/FreeRTOS/Source/portable/GCC/ARM_CM3/port.c.obj
 .text.pxPortInitialiseStack
                0x08001bcc       0x24 CMakeFiles/STM32F1_demo.elf.dir/Middlewares/Third_Party/FreeRTOS/Source/portable/GCC/ARM_CM3/port.c.obj
                0x08001bcc                pxPortInitialiseStack
 .text.SVC_Handler
                0x08001bf0       0x24 CMakeFiles/STM32F1_demo.elf.dir/Middlewares/Third_Party/FreeRTOS/Source/portable/GCC/ARM_CM3/port.c.obj
                0x08001bf0                SVC_Handler
 .text.vPortEnterCritical
                0x08001c14       0x44 CMakeFiles/STM32F1_demo.elf.dir/Middlewares/Third_Party/FreeRTOS/Source/portable/GCC/ARM_CM3/port.c.obj
                0x08001c14                vPortEnterCritical
 .text.vPortExitCritical
                0x08001c58       0x2c CMakeFiles/STM32F1_demo.elf.dir/Middlewares/Third_Party/FreeRTOS/Source/portable/GCC/ARM_CM3/port.c.obj
                0x08001c58                vPortExitCritical
 *fill*         0x08001c84        0xc 
 .text.PendSV_Handler
                0x08001c90       0x44 CMakeFiles/STM32F1_demo.elf.dir/Middlewares/Third_Party/FreeRTOS/Source/portable/GCC/ARM_CM3/port.c.obj
                0x08001c90                PendSV_Handler
 .text.SysTick_Handler
                0x08001cd4       0x2c CMakeFiles/STM32F1_demo.elf.dir/Middlewares/Third_Party/FreeRTOS/Source/portable/GCC/ARM_CM3/port.c.obj
                0x08001cd4                SysTick_Handler
 .text.vPortSetupTimerInterrupt
                0x08001d00       0x28 CMakeFiles/STM32F1_demo.elf.dir/Middlewares/Third_Party/FreeRTOS/Source/portable/GCC/ARM_CM3/port.c.obj
                0x08001d00                vPortSetupTimerInterrupt
 .text.xPortStartScheduler
                0x08001d28       0xc0 CMakeFiles/STM32F1_demo.elf.dir/Middlewares/Third_Party/FreeRTOS/Source/portable/GCC/ARM_CM3/port.c.obj
                0x08001d28                xPortStartScheduler
 .text.vPortValidateInterruptPriority
                0x08001de8       0x5c CMakeFiles/STM32F1_demo.elf.dir/Middlewares/Third_Party/FreeRTOS/Source/portable/GCC/ARM_CM3/port.c.obj
                0x08001de8                vPortValidateInterruptPriority
 .text.prvHeapInit
                0x08001e44       0x64 CMakeFiles/STM32F1_demo.elf.dir/Middlewares/Third_Party/FreeRTOS/Source/portable/MemMang/heap_4.c.obj
 .text.prvInsertBlockIntoFreeList
                0x08001ea8       0x60 CMakeFiles/STM32F1_demo.elf.dir/Middlewares/Third_Party/FreeRTOS/Source/portable/MemMang/heap_4.c.obj
 .text.pvPortMalloc
                0x08001f08       0xf0 CMakeFiles/STM32F1_demo.elf.dir/Middlewares/Third_Party/FreeRTOS/Source/portable/MemMang/heap_4.c.obj
                0x08001f08                pvPortMalloc
 .text.vPortFree
                0x08001ff8       0x70 CMakeFiles/STM32F1_demo.elf.dir/Middlewares/Third_Party/FreeRTOS/Source/portable/MemMang/heap_4.c.obj
                0x08001ff8                vPortFree
 .text.prvIsQueueFull
                0x08002068       0x1e CMakeFiles/STM32F1_demo.elf.dir/Middlewares/Third_Party/FreeRTOS/Source/queue.c.obj
 .text.prvIsQueueEmpty
                0x08002086       0x1a CMakeFiles/STM32F1_demo.elf.dir/Middlewares/Third_Party/FreeRTOS/Source/queue.c.obj
 .text.prvCopyDataToQueue
                0x080020a0       0x76 CMakeFiles/STM32F1_demo.elf.dir/Middlewares/Third_Party/FreeRTOS/Source/queue.c.obj
 .text.prvCopyDataFromQueue
                0x08002116       0x24 CMakeFiles/STM32F1_demo.elf.dir/Middlewares/Third_Party/FreeRTOS/Source/queue.c.obj
 .text.prvUnlockQueue
                0x0800213a       0x6e CMakeFiles/STM32F1_demo.elf.dir/Middlewares/Third_Party/FreeRTOS/Source/queue.c.obj
 .text.xQueueGenericReset
                0x080021a8       0x84 CMakeFiles/STM32F1_demo.elf.dir/Middlewares/Third_Party/FreeRTOS/Source/queue.c.obj
                0x080021a8                xQueueGenericReset
 .text.prvInitialiseNewQueue
                0x0800222c       0x22 CMakeFiles/STM32F1_demo.elf.dir/Middlewares/Third_Party/FreeRTOS/Source/queue.c.obj
 .text.xQueueGenericCreateStatic
                0x0800224e       0x92 CMakeFiles/STM32F1_demo.elf.dir/Middlewares/Third_Party/FreeRTOS/Source/queue.c.obj
                0x0800224e                xQueueGenericCreateStatic
 .text.xQueueGenericSend
                0x080022e0      0x188 CMakeFiles/STM32F1_demo.elf.dir/Middlewares/Third_Party/FreeRTOS/Source/queue.c.obj
                0x080022e0                xQueueGenericSend
 .text.xQueueGenericSendFromISR
                0x08002468       0xcc CMakeFiles/STM32F1_demo.elf.dir/Middlewares/Third_Party/FreeRTOS/Source/queue.c.obj
                0x08002468                xQueueGenericSendFromISR
 .text.xQueueReceive
                0x08002534      0x15e CMakeFiles/STM32F1_demo.elf.dir/Middlewares/Third_Party/FreeRTOS/Source/queue.c.obj
                0x08002534                xQueueReceive
 *fill*         0x08002692        0x2 
 .text.vQueueAddToRegistry
                0x08002694       0x28 CMakeFiles/STM32F1_demo.elf.dir/Middlewares/Third_Party/FreeRTOS/Source/queue.c.obj
                0x08002694                vQueueAddToRegistry
 .text.vQueueWaitForMessageRestricted
                0x080026bc       0x52 CMakeFiles/STM32F1_demo.elf.dir/Middlewares/Third_Party/FreeRTOS/Source/queue.c.obj
                0x080026bc                vQueueWaitForMessageRestricted
 *fill*         0x0800270e        0x2 
 .text.prvResetNextTaskUnblockTime
                0x08002710       0x2c CMakeFiles/STM32F1_demo.elf.dir/Middlewares/Third_Party/FreeRTOS/Source/tasks.c.obj
 .text.prvInitialiseNewTask
                0x0800273c       0xfa CMakeFiles/STM32F1_demo.elf.dir/Middlewares/Third_Party/FreeRTOS/Source/tasks.c.obj
 *fill*         0x08002836        0x2 
 .text.prvInitialiseTaskLists
                0x08002838       0x68 CMakeFiles/STM32F1_demo.elf.dir/Middlewares/Third_Party/FreeRTOS/Source/tasks.c.obj
 .text.prvAddNewTaskToReadyList
                0x080028a0       0xac CMakeFiles/STM32F1_demo.elf.dir/Middlewares/Third_Party/FreeRTOS/Source/tasks.c.obj
 .text.prvDeleteTCB
                0x0800294c       0x40 CMakeFiles/STM32F1_demo.elf.dir/Middlewares/Third_Party/FreeRTOS/Source/tasks.c.obj
 .text.prvCheckTasksWaitingTermination
                0x0800298c       0x4c CMakeFiles/STM32F1_demo.elf.dir/Middlewares/Third_Party/FreeRTOS/Source/tasks.c.obj
 .text.prvIdleTask
                0x080029d8       0x28 CMakeFiles/STM32F1_demo.elf.dir/Middlewares/Third_Party/FreeRTOS/Source/tasks.c.obj
 .text.prvAddCurrentTaskToDelayedList
                0x08002a00       0x7c CMakeFiles/STM32F1_demo.elf.dir/Middlewares/Third_Party/FreeRTOS/Source/tasks.c.obj
 .text.xTaskCreateStatic
                0x08002a7c       0x78 CMakeFiles/STM32F1_demo.elf.dir/Middlewares/Third_Party/FreeRTOS/Source/tasks.c.obj
                0x08002a7c                xTaskCreateStatic
 .text.xTaskCreate
                0x08002af4       0x6a CMakeFiles/STM32F1_demo.elf.dir/Middlewares/Third_Party/FreeRTOS/Source/tasks.c.obj
                0x08002af4                xTaskCreate
 *fill*         0x08002b5e        0x2 
 .text.vTaskStartScheduler
                0x08002b60       0xac CMakeFiles/STM32F1_demo.elf.dir/Middlewares/Third_Party/FreeRTOS/Source/tasks.c.obj
                0x08002b60                vTaskStartScheduler
 .text.vTaskSuspendAll
                0x08002c0c       0x10 CMakeFiles/STM32F1_demo.elf.dir/Middlewares/Third_Party/FreeRTOS/Source/tasks.c.obj
                0x08002c0c                vTaskSuspendAll
 .text.xTaskGetTickCount
                0x08002c1c        0xc CMakeFiles/STM32F1_demo.elf.dir/Middlewares/Third_Party/FreeRTOS/Source/tasks.c.obj
                0x08002c1c                xTaskGetTickCount
 .text.xTaskIncrementTick
                0x08002c28      0x118 CMakeFiles/STM32F1_demo.elf.dir/Middlewares/Third_Party/FreeRTOS/Source/tasks.c.obj
                0x08002c28                xTaskIncrementTick
 .text.xTaskResumeAll
                0x08002d40       0xf8 CMakeFiles/STM32F1_demo.elf.dir/Middlewares/Third_Party/FreeRTOS/Source/tasks.c.obj
                0x08002d40                xTaskResumeAll
 .text.vTaskDelay
                0x08002e38       0x4c CMakeFiles/STM32F1_demo.elf.dir/Middlewares/Third_Party/FreeRTOS/Source/tasks.c.obj
                0x08002e38                vTaskDelay
 .text.vTaskSwitchContext
                0x08002e84       0xa0 CMakeFiles/STM32F1_demo.elf.dir/Middlewares/Third_Party/FreeRTOS/Source/tasks.c.obj
                0x08002e84                vTaskSwitchContext
 .text.vTaskPlaceOnEventList
                0x08002f24       0x30 CMakeFiles/STM32F1_demo.elf.dir/Middlewares/Third_Party/FreeRTOS/Source/tasks.c.obj
                0x08002f24                vTaskPlaceOnEventList
 .text.vTaskPlaceOnEventListRestricted
                0x08002f54       0x38 CMakeFiles/STM32F1_demo.elf.dir/Middlewares/Third_Party/FreeRTOS/Source/tasks.c.obj
                0x08002f54                vTaskPlaceOnEventListRestricted
 .text.xTaskRemoveFromEventList
                0x08002f8c       0x8c CMakeFiles/STM32F1_demo.elf.dir/Middlewares/Third_Party/FreeRTOS/Source/tasks.c.obj
                0x08002f8c                xTaskRemoveFromEventList
 .text.vTaskInternalSetTimeOutState
                0x08003018       0x18 CMakeFiles/STM32F1_demo.elf.dir/Middlewares/Third_Party/FreeRTOS/Source/tasks.c.obj
                0x08003018                vTaskInternalSetTimeOutState
 .text.xTaskCheckForTimeOut
                0x08003030       0x84 CMakeFiles/STM32F1_demo.elf.dir/Middlewares/Third_Party/FreeRTOS/Source/tasks.c.obj
                0x08003030                xTaskCheckForTimeOut
 .text.vTaskMissedYield
                0x080030b4        0xc CMakeFiles/STM32F1_demo.elf.dir/Middlewares/Third_Party/FreeRTOS/Source/tasks.c.obj
                0x080030b4                vTaskMissedYield
 .text.xTaskGetSchedulerState
                0x080030c0       0x20 CMakeFiles/STM32F1_demo.elf.dir/Middlewares/Third_Party/FreeRTOS/Source/tasks.c.obj
                0x080030c0                xTaskGetSchedulerState
 .text.xTaskPriorityDisinherit
                0x080030e0       0x90 CMakeFiles/STM32F1_demo.elf.dir/Middlewares/Third_Party/FreeRTOS/Source/tasks.c.obj
                0x080030e0                xTaskPriorityDisinherit
 .text.prvGetNextExpireTime
                0x08003170       0x20 CMakeFiles/STM32F1_demo.elf.dir/Middlewares/Third_Party/FreeRTOS/Source/timers.c.obj
 .text.prvInsertTimerInActiveList
                0x08003190       0x48 CMakeFiles/STM32F1_demo.elf.dir/Middlewares/Third_Party/FreeRTOS/Source/timers.c.obj
 .text.prvCheckForValidListAndQueue
                0x080031d8       0x70 CMakeFiles/STM32F1_demo.elf.dir/Middlewares/Third_Party/FreeRTOS/Source/timers.c.obj
 .text.xTimerCreateTimerTask
                0x08003248       0x64 CMakeFiles/STM32F1_demo.elf.dir/Middlewares/Third_Party/FreeRTOS/Source/timers.c.obj
                0x08003248                xTimerCreateTimerTask
 .text.xTimerGenericCommand
                0x080032ac       0x6c CMakeFiles/STM32F1_demo.elf.dir/Middlewares/Third_Party/FreeRTOS/Source/timers.c.obj
                0x080032ac                xTimerGenericCommand
 .text.prvSwitchTimerLists
                0x08003318       0x78 CMakeFiles/STM32F1_demo.elf.dir/Middlewares/Third_Party/FreeRTOS/Source/timers.c.obj
 .text.prvSampleTimeNow
                0x08003390       0x2c CMakeFiles/STM32F1_demo.elf.dir/Middlewares/Third_Party/FreeRTOS/Source/timers.c.obj
 .text.prvProcessExpiredTimer
                0x080033bc       0x60 CMakeFiles/STM32F1_demo.elf.dir/Middlewares/Third_Party/FreeRTOS/Source/timers.c.obj
 .text.prvProcessTimerOrBlockTask
                0x0800341c       0x74 CMakeFiles/STM32F1_demo.elf.dir/Middlewares/Third_Party/FreeRTOS/Source/timers.c.obj
 .text.prvProcessReceivedCommands
                0x08003490       0xf8 CMakeFiles/STM32F1_demo.elf.dir/Middlewares/Third_Party/FreeRTOS/Source/timers.c.obj
 .text.prvTimerTask
                0x08003588       0x16 CMakeFiles/STM32F1_demo.elf.dir/Middlewares/Third_Party/FreeRTOS/Source/timers.c.obj
 *fill*         0x0800359e        0x2 
 .text.__errno  0x080035a0        0xc d:/stm32cube/gcc-arm-none-eabi-10.3-2021.10-win32/gcc-arm-none-eabi-10.3-2021.10/bin/../lib/gcc/arm-none-eabi/10.3.1/../../../../arm-none-eabi/lib/thumb/v7-m/nofp\libg.a(lib_a-errno.o)
                0x080035a0                __errno
 .text.__libc_init_array
                0x080035ac       0x48 d:/stm32cube/gcc-arm-none-eabi-10.3-2021.10-win32/gcc-arm-none-eabi-10.3-2021.10/bin/../lib/gcc/arm-none-eabi/10.3.1/../../../../arm-none-eabi/lib/thumb/v7-m/nofp\libg.a(lib_a-init.o)
                0x080035ac                __libc_init_array
 .text.memset   0x080035f4       0xa4 d:/stm32cube/gcc-arm-none-eabi-10.3-2021.10-win32/gcc-arm-none-eabi-10.3-2021.10/bin/../lib/gcc/arm-none-eabi/10.3.1/../../../../arm-none-eabi/lib/thumb/v7-m/nofp\libg.a(lib_a-memset.o)
                0x080035f4                memset
 .text.cleanup_glue
                0x08003698       0x48 d:/stm32cube/gcc-arm-none-eabi-10.3-2021.10-win32/gcc-arm-none-eabi-10.3-2021.10/bin/../lib/gcc/arm-none-eabi/10.3.1/../../../../arm-none-eabi/lib/thumb/v7-m/nofp\libg.a(lib_a-reent.o)
                0x08003698                cleanup_glue
 .text._reclaim_reent
                0x080036e0       0x90 d:/stm32cube/gcc-arm-none-eabi-10.3-2021.10-win32/gcc-arm-none-eabi-10.3-2021.10/bin/../lib/gcc/arm-none-eabi/10.3.1/../../../../arm-none-eabi/lib/thumb/v7-m/nofp\libg.a(lib_a-reent.o)
                0x080036e0                _reclaim_reent
 .text.startup.register_fini
                0x08003770       0x14 d:/stm32cube/gcc-arm-none-eabi-10.3-2021.10-win32/gcc-arm-none-eabi-10.3-2021.10/bin/../lib/gcc/arm-none-eabi/10.3.1/../../../../arm-none-eabi/lib/thumb/v7-m/nofp\libg.a(lib_a-__call_atexit.o)
 .text.atexit   0x08003784        0xc d:/stm32cube/gcc-arm-none-eabi-10.3-2021.10-win32/gcc-arm-none-eabi-10.3-2021.10/bin/../lib/gcc/arm-none-eabi/10.3.1/../../../../arm-none-eabi/lib/thumb/v7-m/nofp\libg.a(lib_a-atexit.o)
                0x08003784                atexit
 .text.__libc_fini_array
                0x08003790       0x2c d:/stm32cube/gcc-arm-none-eabi-10.3-2021.10-win32/gcc-arm-none-eabi-10.3-2021.10/bin/../lib/gcc/arm-none-eabi/10.3.1/../../../../arm-none-eabi/lib/thumb/v7-m/nofp\libg.a(lib_a-fini.o)
                0x08003790                __libc_fini_array
 .text._malloc_trim_r
                0x080037bc       0xa0 d:/stm32cube/gcc-arm-none-eabi-10.3-2021.10-win32/gcc-arm-none-eabi-10.3-2021.10/bin/../lib/gcc/arm-none-eabi/10.3.1/../../../../arm-none-eabi/lib/thumb/v7-m/nofp\libg.a(lib_a-freer.o)
                0x080037bc                _malloc_trim_r
 .text._free_r  0x0800385c      0x200 d:/stm32cube/gcc-arm-none-eabi-10.3-2021.10-win32/gcc-arm-none-eabi-10.3-2021.10/bin/../lib/gcc/arm-none-eabi/10.3.1/../../../../arm-none-eabi/lib/thumb/v7-m/nofp\libg.a(lib_a-freer.o)
                0x0800385c                _free_r
 .text.__retarget_lock_acquire_recursive
                0x08003a5c        0x4 d:/stm32cube/gcc-arm-none-eabi-10.3-2021.10-win32/gcc-arm-none-eabi-10.3-2021.10/bin/../lib/gcc/arm-none-eabi/10.3.1/../../../../arm-none-eabi/lib/thumb/v7-m/nofp\libg.a(lib_a-lock.o)
                0x08003a5c                __retarget_lock_acquire_recursive
 .text.__retarget_lock_release_recursive
                0x08003a60        0x4 d:/stm32cube/gcc-arm-none-eabi-10.3-2021.10-win32/gcc-arm-none-eabi-10.3-2021.10/bin/../lib/gcc/arm-none-eabi/10.3.1/../../../../arm-none-eabi/lib/thumb/v7-m/nofp\libg.a(lib_a-lock.o)
                0x08003a60                __retarget_lock_release_recursive
 .text.__malloc_lock
                0x08003a64        0xc d:/stm32cube/gcc-arm-none-eabi-10.3-2021.10-win32/gcc-arm-none-eabi-10.3-2021.10/bin/../lib/gcc/arm-none-eabi/10.3.1/../../../../arm-none-eabi/lib/thumb/v7-m/nofp\libg.a(lib_a-mlock.o)
                0x08003a64                __malloc_lock
 .text.__malloc_unlock
                0x08003a70        0xc d:/stm32cube/gcc-arm-none-eabi-10.3-2021.10-win32/gcc-arm-none-eabi-10.3-2021.10/bin/../lib/gcc/arm-none-eabi/10.3.1/../../../../arm-none-eabi/lib/thumb/v7-m/nofp\libg.a(lib_a-mlock.o)
                0x08003a70                __malloc_unlock
 .text._sbrk_r  0x08003a7c       0x24 d:/stm32cube/gcc-arm-none-eabi-10.3-2021.10-win32/gcc-arm-none-eabi-10.3-2021.10/bin/../lib/gcc/arm-none-eabi/10.3.1/../../../../arm-none-eabi/lib/thumb/v7-m/nofp\libg.a(lib_a-sbrkr.o)
                0x08003a7c                _sbrk_r
 .text.__register_exitproc
                0x08003aa0       0x8c d:/stm32cube/gcc-arm-none-eabi-10.3-2021.10-win32/gcc-arm-none-eabi-10.3-2021.10/bin/../lib/gcc/arm-none-eabi/10.3.1/../../../../arm-none-eabi/lib/thumb/v7-m/nofp\libg.a(lib_a-__atexit.o)
                0x08003aa0                __register_exitproc
 *(.glue_7)
 .glue_7        0x08003b2c        0x0 linker stubs
 *(.glue_7t)
 .glue_7t       0x08003b2c        0x0 linker stubs
 *(.eh_frame)
 .eh_frame      0x08003b2c        0x0 d:/stm32cube/gcc-arm-none-eabi-10.3-2021.10-win32/gcc-arm-none-eabi-10.3-2021.10/bin/../lib/gcc/arm-none-eabi/10.3.1/thumb/v7-m/nofp/crtbegin.o
 *(.init)
 .init          0x08003b2c        0x4 d:/stm32cube/gcc-arm-none-eabi-10.3-2021.10-win32/gcc-arm-none-eabi-10.3-2021.10/bin/../lib/gcc/arm-none-eabi/10.3.1/thumb/v7-m/nofp/crti.o
                0x08003b2c                _init
 .init          0x08003b30        0x8 d:/stm32cube/gcc-arm-none-eabi-10.3-2021.10-win32/gcc-arm-none-eabi-10.3-2021.10/bin/../lib/gcc/arm-none-eabi/10.3.1/thumb/v7-m/nofp/crtn.o
 *(.fini)
 .fini          0x08003b38        0x4 d:/stm32cube/gcc-arm-none-eabi-10.3-2021.10-win32/gcc-arm-none-eabi-10.3-2021.10/bin/../lib/gcc/arm-none-eabi/10.3.1/thumb/v7-m/nofp/crti.o
                0x08003b38                _fini
 .fini          0x08003b3c        0x8 d:/stm32cube/gcc-arm-none-eabi-10.3-2021.10-win32/gcc-arm-none-eabi-10.3-2021.10/bin/../lib/gcc/arm-none-eabi/10.3.1/thumb/v7-m/nofp/crtn.o
                0x08003b44                . = ALIGN (0x4)
                0x08003b44                _etext = .

.vfp11_veneer   0x08003b44        0x0
 .vfp11_veneer  0x08003b44        0x0 linker stubs

.v4_bx          0x08003b44        0x0
 .v4_bx         0x08003b44        0x0 linker stubs

.iplt           0x08003b44        0x0
 .iplt          0x08003b44        0x0 d:/stm32cube/gcc-arm-none-eabi-10.3-2021.10-win32/gcc-arm-none-eabi-10.3-2021.10/bin/../lib/gcc/arm-none-eabi/10.3.1/thumb/v7-m/nofp/crtbegin.o

.rodata         0x08003b44       0x78
                0x08003b44                . = ALIGN (0x4)
 *(.rodata)
 *(.rodata*)
 .rodata.str1.4
                0x08003b44        0xc CMakeFiles/STM32F1_demo.elf.dir/Core/Src/main.c.obj
 .rodata.defaultTask_attributes
                0x08003b50       0x24 CMakeFiles/STM32F1_demo.elf.dir/Core/Src/main.c.obj
                0x08003b50                defaultTask_attributes
 .rodata.AHBPrescTable
                0x08003b74       0x10 CMakeFiles/STM32F1_demo.elf.dir/Core/Src/system_stm32f1xx.c.obj
                0x08003b74                AHBPrescTable
 .rodata.APBPrescTable
                0x08003b84        0x8 CMakeFiles/STM32F1_demo.elf.dir/Core/Src/system_stm32f1xx.c.obj
                0x08003b84                APBPrescTable
 .rodata.HAL_RCC_GetSysClockFreq.str1.4
                0x08003b8c       0x11 CMakeFiles/STM32F1_demo.elf.dir/Drivers/STM32F1xx_HAL_Driver/Src/stm32f1xx_hal_rcc.c.obj
 *fill*         0x08003b9d        0x3 
 .rodata.vTaskStartScheduler.str1.4
                0x08003ba0        0x5 CMakeFiles/STM32F1_demo.elf.dir/Middlewares/Third_Party/FreeRTOS/Source/tasks.c.obj
 *fill*         0x08003ba5        0x3 
 .rodata.prvCheckForValidListAndQueue.str1.4
                0x08003ba8        0x5 CMakeFiles/STM32F1_demo.elf.dir/Middlewares/Third_Party/FreeRTOS/Source/timers.c.obj
 *fill*         0x08003bad        0x3 
 .rodata.xTimerCreateTimerTask.str1.4
                0x08003bb0        0x8 CMakeFiles/STM32F1_demo.elf.dir/Middlewares/Third_Party/FreeRTOS/Source/timers.c.obj
 .rodata._global_impure_ptr
                0x08003bb8        0x4 d:/stm32cube/gcc-arm-none-eabi-10.3-2021.10-win32/gcc-arm-none-eabi-10.3-2021.10/bin/../lib/gcc/arm-none-eabi/10.3.1/../../../../arm-none-eabi/lib/thumb/v7-m/nofp\libg.a(lib_a-impure.o)
                0x08003bb8                _global_impure_ptr
                0x08003bbc                . = ALIGN (0x4)

.rel.dyn        0x08003bbc        0x0
 .rel.iplt      0x08003bbc        0x0 d:/stm32cube/gcc-arm-none-eabi-10.3-2021.10-win32/gcc-arm-none-eabi-10.3-2021.10/bin/../lib/gcc/arm-none-eabi/10.3.1/thumb/v7-m/nofp/crtbegin.o

.ARM.extab      0x08003bbc        0x0
                0x08003bbc                . = ALIGN (0x4)
 *(.ARM.extab* .gnu.linkonce.armextab.*)
                0x08003bbc                . = ALIGN (0x4)

.ARM            0x08003bbc        0x0
                0x08003bbc                . = ALIGN (0x4)
                0x08003bbc                __exidx_start = .
 *(.ARM.exidx*)
                0x08003bbc                __exidx_end = .
                0x08003bbc                . = ALIGN (0x4)

.preinit_array  0x08003bbc        0x0
                0x08003bbc                . = ALIGN (0x4)
                0x08003bbc                PROVIDE (__preinit_array_start = .)
 *(.preinit_array*)
                0x08003bbc                PROVIDE (__preinit_array_end = .)
                0x08003bbc                . = ALIGN (0x4)

.init_array     0x08003bbc        0x8
                0x08003bbc                . = ALIGN (0x4)
                0x08003bbc                PROVIDE (__init_array_start = .)
 *(SORT_BY_NAME(.init_array.*))
 .init_array.00000
                0x08003bbc        0x4 d:/stm32cube/gcc-arm-none-eabi-10.3-2021.10-win32/gcc-arm-none-eabi-10.3-2021.10/bin/../lib/gcc/arm-none-eabi/10.3.1/../../../../arm-none-eabi/lib/thumb/v7-m/nofp\libg.a(lib_a-__call_atexit.o)
 *(.init_array*)
 .init_array    0x08003bc0        0x4 d:/stm32cube/gcc-arm-none-eabi-10.3-2021.10-win32/gcc-arm-none-eabi-10.3-2021.10/bin/../lib/gcc/arm-none-eabi/10.3.1/thumb/v7-m/nofp/crtbegin.o
                0x08003bc4                PROVIDE (__init_array_end = .)
                0x08003bc4                . = ALIGN (0x4)

.fini_array     0x08003bc4        0x4
                0x08003bc4                . = ALIGN (0x4)
                0x08003bc4                PROVIDE (__fini_array_start = .)
 *(SORT_BY_NAME(.fini_array.*))
 *(.fini_array*)
 .fini_array    0x08003bc4        0x4 d:/stm32cube/gcc-arm-none-eabi-10.3-2021.10-win32/gcc-arm-none-eabi-10.3-2021.10/bin/../lib/gcc/arm-none-eabi/10.3.1/thumb/v7-m/nofp/crtbegin.o
                0x08003bc8                PROVIDE (__fini_array_end = .)
                0x08003bc8                . = ALIGN (0x4)
                0x08003bc8                _sidata = LOADADDR (.data)

.data           0x20000000      0x854 load address 0x08003bc8
                0x20000000                . = ALIGN (0x4)
                0x20000000                _sdata = .
 *(.data)
 *(.data*)
 .data.SystemCoreClock
                0x20000000        0x4 CMakeFiles/STM32F1_demo.elf.dir/Core/Src/system_stm32f1xx.c.obj
                0x20000000                SystemCoreClock
 .data.uwTickFreq
                0x20000004        0x1 CMakeFiles/STM32F1_demo.elf.dir/Drivers/STM32F1xx_HAL_Driver/Src/stm32f1xx_hal.c.obj
                0x20000004                uwTickFreq
 *fill*         0x20000005        0x3 
 .data.uwTickPrio
                0x20000008        0x4 CMakeFiles/STM32F1_demo.elf.dir/Drivers/STM32F1xx_HAL_Driver/Src/stm32f1xx_hal.c.obj
                0x20000008                uwTickPrio
 .data.uxCriticalNesting
                0x2000000c        0x4 CMakeFiles/STM32F1_demo.elf.dir/Middlewares/Third_Party/FreeRTOS/Source/portable/GCC/ARM_CM3/port.c.obj
 .data._impure_ptr
                0x20000010        0x4 d:/stm32cube/gcc-arm-none-eabi-10.3-2021.10-win32/gcc-arm-none-eabi-10.3-2021.10/bin/../lib/gcc/arm-none-eabi/10.3.1/../../../../arm-none-eabi/lib/thumb/v7-m/nofp\libg.a(lib_a-impure.o)
                0x20000010                _impure_ptr
 *fill*         0x20000014        0x4 
 .data.impure_data
                0x20000018      0x428 d:/stm32cube/gcc-arm-none-eabi-10.3-2021.10-win32/gcc-arm-none-eabi-10.3-2021.10/bin/../lib/gcc/arm-none-eabi/10.3.1/../../../../arm-none-eabi/lib/thumb/v7-m/nofp\libg.a(lib_a-impure.o)
 .data.__atexit_recursive_mutex
                0x20000440        0x4 d:/stm32cube/gcc-arm-none-eabi-10.3-2021.10-win32/gcc-arm-none-eabi-10.3-2021.10/bin/../lib/gcc/arm-none-eabi/10.3.1/../../../../arm-none-eabi/lib/thumb/v7-m/nofp\libg.a(lib_a-__call_atexit.o)
                0x20000440                __atexit_recursive_mutex
 .data.__malloc_av_
                0x20000444      0x408 d:/stm32cube/gcc-arm-none-eabi-10.3-2021.10-win32/gcc-arm-none-eabi-10.3-2021.10/bin/../lib/gcc/arm-none-eabi/10.3.1/../../../../arm-none-eabi/lib/thumb/v7-m/nofp\libg.a(lib_a-mallocr.o)
                0x20000444                __malloc_av_
 .data.__malloc_sbrk_base
                0x2000084c        0x4 d:/stm32cube/gcc-arm-none-eabi-10.3-2021.10-win32/gcc-arm-none-eabi-10.3-2021.10/bin/../lib/gcc/arm-none-eabi/10.3.1/../../../../arm-none-eabi/lib/thumb/v7-m/nofp\libg.a(lib_a-mallocr.o)
                0x2000084c                __malloc_sbrk_base
 .data.__malloc_trim_threshold
                0x20000850        0x4 d:/stm32cube/gcc-arm-none-eabi-10.3-2021.10-win32/gcc-arm-none-eabi-10.3-2021.10/bin/../lib/gcc/arm-none-eabi/10.3.1/../../../../arm-none-eabi/lib/thumb/v7-m/nofp\libg.a(lib_a-mallocr.o)
                0x20000850                __malloc_trim_threshold
 *(.RamFunc)
 *(.RamFunc*)
                0x20000854                . = ALIGN (0x4)
                0x20000854                _edata = .

.igot.plt       0x20000854        0x0 load address 0x0800441c
 .igot.plt      0x20000854        0x0 d:/stm32cube/gcc-arm-none-eabi-10.3-2021.10-win32/gcc-arm-none-eabi-10.3-2021.10/bin/../lib/gcc/arm-none-eabi/10.3.1/thumb/v7-m/nofp/crtbegin.o
                0x20000854                . = ALIGN (0x4)

.bss            0x20000858     0x263c load address 0x0800441c
                0x20000858                _sbss = .
                0x20000858                __bss_start__ = _sbss
 *(.bss)
 .bss           0x20000858       0x1c d:/stm32cube/gcc-arm-none-eabi-10.3-2021.10-win32/gcc-arm-none-eabi-10.3-2021.10/bin/../lib/gcc/arm-none-eabi/10.3.1/thumb/v7-m/nofp/crtbegin.o
 *(.bss*)
 .bss.defaultTaskHandle
                0x20000874        0x4 CMakeFiles/STM32F1_demo.elf.dir/Core/Src/main.c.obj
                0x20000874                defaultTaskHandle
 .bss.hi2c1     0x20000878       0x54 CMakeFiles/STM32F1_demo.elf.dir/Core/Src/main.c.obj
                0x20000878                hi2c1
 .bss.hi2c2     0x200008cc       0x54 CMakeFiles/STM32F1_demo.elf.dir/Core/Src/main.c.obj
                0x200008cc                hi2c2
 .bss.hpcd_USB_FS
                0x20000920      0x2ec CMakeFiles/STM32F1_demo.elf.dir/Core/Src/main.c.obj
                0x20000920                hpcd_USB_FS
 .bss.hspi1     0x20000c0c       0x58 CMakeFiles/STM32F1_demo.elf.dir/Core/Src/main.c.obj
                0x20000c0c                hspi1
 .bss.htim1     0x20000c64       0x48 CMakeFiles/STM32F1_demo.elf.dir/Core/Src/stm32f1xx_hal_timebase_tim.c.obj
                0x20000c64                htim1
 .bss.__sbrk_heap_end
                0x20000cac        0x4 CMakeFiles/STM32F1_demo.elf.dir/Core/Src/sysmem.c.obj
 .bss.uwTick    0x20000cb0        0x4 CMakeFiles/STM32F1_demo.elf.dir/Drivers/STM32F1xx_HAL_Driver/Src/stm32f1xx_hal.c.obj
                0x20000cb0                uwTick
 .bss.Idle_Stack
                0x20000cb4      0x200 CMakeFiles/STM32F1_demo.elf.dir/Middlewares/Third_Party/FreeRTOS/Source/CMSIS_RTOS_V2/cmsis_os2.c.obj
 *fill*         0x20000eb4        0x4 
 .bss.Idle_TCB  0x20000eb8      0x488 CMakeFiles/STM32F1_demo.elf.dir/Middlewares/Third_Party/FreeRTOS/Source/CMSIS_RTOS_V2/cmsis_os2.c.obj
 .bss.KernelState
                0x20001340        0x4 CMakeFiles/STM32F1_demo.elf.dir/Middlewares/Third_Party/FreeRTOS/Source/CMSIS_RTOS_V2/cmsis_os2.c.obj
 .bss.Timer_Stack
                0x20001344      0x400 CMakeFiles/STM32F1_demo.elf.dir/Middlewares/Third_Party/FreeRTOS/Source/CMSIS_RTOS_V2/cmsis_os2.c.obj
 *fill*         0x20001744        0x4 
 .bss.Timer_TCB
                0x20001748      0x488 CMakeFiles/STM32F1_demo.elf.dir/Middlewares/Third_Party/FreeRTOS/Source/CMSIS_RTOS_V2/cmsis_os2.c.obj
 .bss.ucMaxSysCallPriority
                0x20001bd0        0x1 CMakeFiles/STM32F1_demo.elf.dir/Middlewares/Third_Party/FreeRTOS/Source/portable/GCC/ARM_CM3/port.c.obj
 *fill*         0x20001bd1        0x3 
 .bss.ulMaxPRIGROUPValue
                0x20001bd4        0x4 CMakeFiles/STM32F1_demo.elf.dir/Middlewares/Third_Party/FreeRTOS/Source/portable/GCC/ARM_CM3/port.c.obj
 .bss.pxEnd     0x20001bd8        0x4 CMakeFiles/STM32F1_demo.elf.dir/Middlewares/Third_Party/FreeRTOS/Source/portable/MemMang/heap_4.c.obj
 .bss.ucHeap    0x20001bdc      0xc00 CMakeFiles/STM32F1_demo.elf.dir/Middlewares/Third_Party/FreeRTOS/Source/portable/MemMang/heap_4.c.obj
 .bss.xBlockAllocatedBit
                0x200027dc        0x4 CMakeFiles/STM32F1_demo.elf.dir/Middlewares/Third_Party/FreeRTOS/Source/portable/MemMang/heap_4.c.obj
 .bss.xFreeBytesRemaining
                0x200027e0        0x4 CMakeFiles/STM32F1_demo.elf.dir/Middlewares/Third_Party/FreeRTOS/Source/portable/MemMang/heap_4.c.obj
 .bss.xMinimumEverFreeBytesRemaining
                0x200027e4        0x4 CMakeFiles/STM32F1_demo.elf.dir/Middlewares/Third_Party/FreeRTOS/Source/portable/MemMang/heap_4.c.obj
 .bss.xStart    0x200027e8        0x8 CMakeFiles/STM32F1_demo.elf.dir/Middlewares/Third_Party/FreeRTOS/Source/portable/MemMang/heap_4.c.obj
 .bss.xQueueRegistry
                0x200027f0       0x40 CMakeFiles/STM32F1_demo.elf.dir/Middlewares/Third_Party/FreeRTOS/Source/queue.c.obj
                0x200027f0                xQueueRegistry
 .bss.pxCurrentTCB
                0x20002830        0x4 CMakeFiles/STM32F1_demo.elf.dir/Middlewares/Third_Party/FreeRTOS/Source/tasks.c.obj
                0x20002830                pxCurrentTCB
 .bss.pxDelayedTaskList
                0x20002834        0x4 CMakeFiles/STM32F1_demo.elf.dir/Middlewares/Third_Party/FreeRTOS/Source/tasks.c.obj
 .bss.pxOverflowDelayedTaskList
                0x20002838        0x4 CMakeFiles/STM32F1_demo.elf.dir/Middlewares/Third_Party/FreeRTOS/Source/tasks.c.obj
 .bss.pxReadyTasksLists
                0x2000283c      0x460 CMakeFiles/STM32F1_demo.elf.dir/Middlewares/Third_Party/FreeRTOS/Source/tasks.c.obj
 .bss.uxCurrentNumberOfTasks
                0x20002c9c        0x4 CMakeFiles/STM32F1_demo.elf.dir/Middlewares/Third_Party/FreeRTOS/Source/tasks.c.obj
 .bss.uxDeletedTasksWaitingCleanUp
                0x20002ca0        0x4 CMakeFiles/STM32F1_demo.elf.dir/Middlewares/Third_Party/FreeRTOS/Source/tasks.c.obj
 .bss.uxPendedTicks
                0x20002ca4        0x4 CMakeFiles/STM32F1_demo.elf.dir/Middlewares/Third_Party/FreeRTOS/Source/tasks.c.obj
 .bss.uxSchedulerSuspended
                0x20002ca8        0x4 CMakeFiles/STM32F1_demo.elf.dir/Middlewares/Third_Party/FreeRTOS/Source/tasks.c.obj
 .bss.uxTaskNumber
                0x20002cac        0x4 CMakeFiles/STM32F1_demo.elf.dir/Middlewares/Third_Party/FreeRTOS/Source/tasks.c.obj
 .bss.uxTopReadyPriority
                0x20002cb0        0x4 CMakeFiles/STM32F1_demo.elf.dir/Middlewares/Third_Party/FreeRTOS/Source/tasks.c.obj
 .bss.xDelayedTaskList1
                0x20002cb4       0x14 CMakeFiles/STM32F1_demo.elf.dir/Middlewares/Third_Party/FreeRTOS/Source/tasks.c.obj
 .bss.xDelayedTaskList2
                0x20002cc8       0x14 CMakeFiles/STM32F1_demo.elf.dir/Middlewares/Third_Party/FreeRTOS/Source/tasks.c.obj
 .bss.xIdleTaskHandle
                0x20002cdc        0x4 CMakeFiles/STM32F1_demo.elf.dir/Middlewares/Third_Party/FreeRTOS/Source/tasks.c.obj
 .bss.xNextTaskUnblockTime
                0x20002ce0        0x4 CMakeFiles/STM32F1_demo.elf.dir/Middlewares/Third_Party/FreeRTOS/Source/tasks.c.obj
 .bss.xNumOfOverflows
                0x20002ce4        0x4 CMakeFiles/STM32F1_demo.elf.dir/Middlewares/Third_Party/FreeRTOS/Source/tasks.c.obj
 .bss.xPendingReadyList
                0x20002ce8       0x14 CMakeFiles/STM32F1_demo.elf.dir/Middlewares/Third_Party/FreeRTOS/Source/tasks.c.obj
 .bss.xSchedulerRunning
                0x20002cfc        0x4 CMakeFiles/STM32F1_demo.elf.dir/Middlewares/Third_Party/FreeRTOS/Source/tasks.c.obj
 .bss.xSuspendedTaskList
                0x20002d00       0x14 CMakeFiles/STM32F1_demo.elf.dir/Middlewares/Third_Party/FreeRTOS/Source/tasks.c.obj
 .bss.xTasksWaitingTermination
                0x20002d14       0x14 CMakeFiles/STM32F1_demo.elf.dir/Middlewares/Third_Party/FreeRTOS/Source/tasks.c.obj
 .bss.xTickCount
                0x20002d28        0x4 CMakeFiles/STM32F1_demo.elf.dir/Middlewares/Third_Party/FreeRTOS/Source/tasks.c.obj
 .bss.xYieldPending
                0x20002d2c        0x4 CMakeFiles/STM32F1_demo.elf.dir/Middlewares/Third_Party/FreeRTOS/Source/tasks.c.obj
 .bss.pxCurrentTimerList
                0x20002d30        0x4 CMakeFiles/STM32F1_demo.elf.dir/Middlewares/Third_Party/FreeRTOS/Source/timers.c.obj
 .bss.pxOverflowTimerList
                0x20002d34        0x4 CMakeFiles/STM32F1_demo.elf.dir/Middlewares/Third_Party/FreeRTOS/Source/timers.c.obj
 .bss.ucStaticTimerQueueStorage.1
                0x20002d38       0xa0 CMakeFiles/STM32F1_demo.elf.dir/Middlewares/Third_Party/FreeRTOS/Source/timers.c.obj
 .bss.xActiveTimerList1
                0x20002dd8       0x14 CMakeFiles/STM32F1_demo.elf.dir/Middlewares/Third_Party/FreeRTOS/Source/timers.c.obj
 .bss.xActiveTimerList2
                0x20002dec       0x14 CMakeFiles/STM32F1_demo.elf.dir/Middlewares/Third_Party/FreeRTOS/Source/timers.c.obj
 .bss.xLastTime.2
                0x20002e00        0x4 CMakeFiles/STM32F1_demo.elf.dir/Middlewares/Third_Party/FreeRTOS/Source/timers.c.obj
 .bss.xStaticTimerQueue.0
                0x20002e04       0x50 CMakeFiles/STM32F1_demo.elf.dir/Middlewares/Third_Party/FreeRTOS/Source/timers.c.obj
 .bss.xTimerQueue
                0x20002e54        0x4 CMakeFiles/STM32F1_demo.elf.dir/Middlewares/Third_Party/FreeRTOS/Source/timers.c.obj
 .bss.xTimerTaskHandle
                0x20002e58        0x4 CMakeFiles/STM32F1_demo.elf.dir/Middlewares/Third_Party/FreeRTOS/Source/timers.c.obj
 .bss.errno     0x20002e5c        0x4 d:/stm32cube/gcc-arm-none-eabi-10.3-2021.10-win32/gcc-arm-none-eabi-10.3-2021.10/bin/../lib/gcc/arm-none-eabi/10.3.1/../../../../arm-none-eabi/lib/thumb/v7-m/nofp\libg.a(lib_a-reent.o)
                0x20002e5c                errno
 .bss.__lock___atexit_recursive_mutex
                0x20002e60        0x1 d:/stm32cube/gcc-arm-none-eabi-10.3-2021.10-win32/gcc-arm-none-eabi-10.3-2021.10/bin/../lib/gcc/arm-none-eabi/10.3.1/../../../../arm-none-eabi/lib/thumb/v7-m/nofp\libg.a(lib_a-lock.o)
                0x20002e60                __lock___atexit_recursive_mutex
 *fill*         0x20002e61        0x3 
 .bss.__lock___malloc_recursive_mutex
                0x20002e64        0x1 d:/stm32cube/gcc-arm-none-eabi-10.3-2021.10-win32/gcc-arm-none-eabi-10.3-2021.10/bin/../lib/gcc/arm-none-eabi/10.3.1/../../../../arm-none-eabi/lib/thumb/v7-m/nofp\libg.a(lib_a-lock.o)
                0x20002e64                __lock___malloc_recursive_mutex
 *fill*         0x20002e65        0x3 
 .bss.__malloc_current_mallinfo
                0x20002e68       0x28 d:/stm32cube/gcc-arm-none-eabi-10.3-2021.10-win32/gcc-arm-none-eabi-10.3-2021.10/bin/../lib/gcc/arm-none-eabi/10.3.1/../../../../arm-none-eabi/lib/thumb/v7-m/nofp\libg.a(lib_a-mallocr.o)
                0x20002e68                __malloc_current_mallinfo
 .bss.__malloc_top_pad
                0x20002e90        0x4 d:/stm32cube/gcc-arm-none-eabi-10.3-2021.10-win32/gcc-arm-none-eabi-10.3-2021.10/bin/../lib/gcc/arm-none-eabi/10.3.1/../../../../arm-none-eabi/lib/thumb/v7-m/nofp\libg.a(lib_a-mallocr.o)
                0x20002e90                __malloc_top_pad
 *(COMMON)
                0x20002e94                . = ALIGN (0x4)
                0x20002e94                _ebss = .
                0x20002e94                __bss_end__ = _ebss

._user_heap_stack
                0x20002e94      0x604 load address 0x0800441c
                0x20002e98                . = ALIGN (0x8)
 *fill*         0x20002e94        0x4 
                [!provide]                PROVIDE (end = .)
                0x20002e98                PROVIDE (_end = .)
                0x20003098                . = (. + _Min_Heap_Size)
 *fill*         0x20002e98      0x200 
                0x20003498                . = (. + _Min_Stack_Size)
 *fill*         0x20003098      0x400 
                0x20003498                . = ALIGN (0x8)

/DISCARD/
 libc.a(*)
 libm.a(*)
 libgcc.a(*)

.ARM.attributes
                0x00000000       0x29
 *(.ARM.attributes)
 .ARM.attributes
                0x00000000       0x1d d:/stm32cube/gcc-arm-none-eabi-10.3-2021.10-win32/gcc-arm-none-eabi-10.3-2021.10/bin/../lib/gcc/arm-none-eabi/10.3.1/thumb/v7-m/nofp/crti.o
 .ARM.attributes
                0x0000001d       0x2d d:/stm32cube/gcc-arm-none-eabi-10.3-2021.10-win32/gcc-arm-none-eabi-10.3-2021.10/bin/../lib/gcc/arm-none-eabi/10.3.1/thumb/v7-m/nofp/crtbegin.o
 .ARM.attributes
                0x0000004a       0x2d CMakeFiles/STM32F1_demo.elf.dir/Core/Src/main.c.obj
 .ARM.attributes
                0x00000077       0x2d CMakeFiles/STM32F1_demo.elf.dir/Core/Src/stm32f1xx_hal_msp.c.obj
 .ARM.attributes
                0x000000a4       0x2d CMakeFiles/STM32F1_demo.elf.dir/Core/Src/stm32f1xx_hal_timebase_tim.c.obj
 .ARM.attributes
                0x000000d1       0x2d CMakeFiles/STM32F1_demo.elf.dir/Core/Src/stm32f1xx_it.c.obj
 .ARM.attributes
                0x000000fe       0x2d CMakeFiles/STM32F1_demo.elf.dir/Core/Src/sysmem.c.obj
 .ARM.attributes
                0x0000012b       0x2d CMakeFiles/STM32F1_demo.elf.dir/Core/Src/system_stm32f1xx.c.obj
 .ARM.attributes
                0x00000158       0x21 CMakeFiles/STM32F1_demo.elf.dir/Core/Startup/startup_stm32f103c8tx.s.obj
 .ARM.attributes
                0x00000179       0x2d CMakeFiles/STM32F1_demo.elf.dir/Drivers/STM32F1xx_HAL_Driver/Src/stm32f1xx_hal.c.obj
 .ARM.attributes
                0x000001a6       0x2d CMakeFiles/STM32F1_demo.elf.dir/Drivers/STM32F1xx_HAL_Driver/Src/stm32f1xx_hal_cortex.c.obj
 .ARM.attributes
                0x000001d3       0x2d CMakeFiles/STM32F1_demo.elf.dir/Drivers/STM32F1xx_HAL_Driver/Src/stm32f1xx_hal_gpio.c.obj
 .ARM.attributes
                0x00000200       0x2d CMakeFiles/STM32F1_demo.elf.dir/Drivers/STM32F1xx_HAL_Driver/Src/stm32f1xx_hal_i2c.c.obj
 .ARM.attributes
                0x0000022d       0x2d CMakeFiles/STM32F1_demo.elf.dir/Drivers/STM32F1xx_HAL_Driver/Src/stm32f1xx_hal_pcd.c.obj
 .ARM.attributes
                0x0000025a       0x2d CMakeFiles/STM32F1_demo.elf.dir/Drivers/STM32F1xx_HAL_Driver/Src/stm32f1xx_hal_rcc.c.obj
 .ARM.attributes
                0x00000287       0x2d CMakeFiles/STM32F1_demo.elf.dir/Drivers/STM32F1xx_HAL_Driver/Src/stm32f1xx_hal_rcc_ex.c.obj
 .ARM.attributes
                0x000002b4       0x2d CMakeFiles/STM32F1_demo.elf.dir/Drivers/STM32F1xx_HAL_Driver/Src/stm32f1xx_hal_spi.c.obj
 .ARM.attributes
                0x000002e1       0x2d CMakeFiles/STM32F1_demo.elf.dir/Drivers/STM32F1xx_HAL_Driver/Src/stm32f1xx_hal_tim.c.obj
 .ARM.attributes
                0x0000030e       0x2d CMakeFiles/STM32F1_demo.elf.dir/Drivers/STM32F1xx_HAL_Driver/Src/stm32f1xx_hal_tim_ex.c.obj
 .ARM.attributes
                0x0000033b       0x2d CMakeFiles/STM32F1_demo.elf.dir/Drivers/STM32F1xx_HAL_Driver/Src/stm32f1xx_ll_usb.c.obj
 .ARM.attributes
                0x00000368       0x2d CMakeFiles/STM32F1_demo.elf.dir/Middlewares/Third_Party/FreeRTOS/Source/CMSIS_RTOS_V2/cmsis_os2.c.obj
 .ARM.attributes
                0x00000395       0x2d CMakeFiles/STM32F1_demo.elf.dir/Middlewares/Third_Party/FreeRTOS/Source/list.c.obj
 .ARM.attributes
                0x000003c2       0x2d CMakeFiles/STM32F1_demo.elf.dir/Middlewares/Third_Party/FreeRTOS/Source/portable/GCC/ARM_CM3/port.c.obj
 .ARM.attributes
                0x000003ef       0x2d CMakeFiles/STM32F1_demo.elf.dir/Middlewares/Third_Party/FreeRTOS/Source/portable/MemMang/heap_4.c.obj
 .ARM.attributes
                0x0000041c       0x2d CMakeFiles/STM32F1_demo.elf.dir/Middlewares/Third_Party/FreeRTOS/Source/queue.c.obj
 .ARM.attributes
                0x00000449       0x2d CMakeFiles/STM32F1_demo.elf.dir/Middlewares/Third_Party/FreeRTOS/Source/tasks.c.obj
 .ARM.attributes
                0x00000476       0x2d CMakeFiles/STM32F1_demo.elf.dir/Middlewares/Third_Party/FreeRTOS/Source/timers.c.obj
 .ARM.attributes
                0x000004a3       0x2d d:/stm32cube/gcc-arm-none-eabi-10.3-2021.10-win32/gcc-arm-none-eabi-10.3-2021.10/bin/../lib/gcc/arm-none-eabi/10.3.1/../../../../arm-none-eabi/lib/thumb/v7-m/nofp\libg.a(lib_a-errno.o)
 .ARM.attributes
                0x000004d0       0x2d d:/stm32cube/gcc-arm-none-eabi-10.3-2021.10-win32/gcc-arm-none-eabi-10.3-2021.10/bin/../lib/gcc/arm-none-eabi/10.3.1/../../../../arm-none-eabi/lib/thumb/v7-m/nofp\libg.a(lib_a-impure.o)
 .ARM.attributes
                0x000004fd       0x2d d:/stm32cube/gcc-arm-none-eabi-10.3-2021.10-win32/gcc-arm-none-eabi-10.3-2021.10/bin/../lib/gcc/arm-none-eabi/10.3.1/../../../../arm-none-eabi/lib/thumb/v7-m/nofp\libg.a(lib_a-init.o)
 .ARM.attributes
                0x0000052a       0x1b d:/stm32cube/gcc-arm-none-eabi-10.3-2021.10-win32/gcc-arm-none-eabi-10.3-2021.10/bin/../lib/gcc/arm-none-eabi/10.3.1/../../../../arm-none-eabi/lib/thumb/v7-m/nofp\libg.a(lib_a-memcpy.o)
 .ARM.attributes
                0x00000545       0x2d d:/stm32cube/gcc-arm-none-eabi-10.3-2021.10-win32/gcc-arm-none-eabi-10.3-2021.10/bin/../lib/gcc/arm-none-eabi/10.3.1/../../../../arm-none-eabi/lib/thumb/v7-m/nofp\libg.a(lib_a-memset.o)
 .ARM.attributes
                0x00000572       0x2d d:/stm32cube/gcc-arm-none-eabi-10.3-2021.10-win32/gcc-arm-none-eabi-10.3-2021.10/bin/../lib/gcc/arm-none-eabi/10.3.1/../../../../arm-none-eabi/lib/thumb/v7-m/nofp\libg.a(lib_a-reent.o)
 .ARM.attributes
                0x0000059f       0x2d d:/stm32cube/gcc-arm-none-eabi-10.3-2021.10-win32/gcc-arm-none-eabi-10.3-2021.10/bin/../lib/gcc/arm-none-eabi/10.3.1/../../../../arm-none-eabi/lib/thumb/v7-m/nofp\libg.a(lib_a-__call_atexit.o)
 .ARM.attributes
                0x000005cc       0x2d d:/stm32cube/gcc-arm-none-eabi-10.3-2021.10-win32/gcc-arm-none-eabi-10.3-2021.10/bin/../lib/gcc/arm-none-eabi/10.3.1/../../../../arm-none-eabi/lib/thumb/v7-m/nofp\libg.a(lib_a-atexit.o)
 .ARM.attributes
                0x000005f9       0x2d d:/stm32cube/gcc-arm-none-eabi-10.3-2021.10-win32/gcc-arm-none-eabi-10.3-2021.10/bin/../lib/gcc/arm-none-eabi/10.3.1/../../../../arm-none-eabi/lib/thumb/v7-m/nofp\libg.a(lib_a-fini.o)
 .ARM.attributes
                0x00000626       0x2d d:/stm32cube/gcc-arm-none-eabi-10.3-2021.10-win32/gcc-arm-none-eabi-10.3-2021.10/bin/../lib/gcc/arm-none-eabi/10.3.1/../../../../arm-none-eabi/lib/thumb/v7-m/nofp\libg.a(lib_a-freer.o)
 .ARM.attributes
                0x00000653       0x2d d:/stm32cube/gcc-arm-none-eabi-10.3-2021.10-win32/gcc-arm-none-eabi-10.3-2021.10/bin/../lib/gcc/arm-none-eabi/10.3.1/../../../../arm-none-eabi/lib/thumb/v7-m/nofp\libg.a(lib_a-lock.o)
 .ARM.attributes
                0x00000680       0x2d d:/stm32cube/gcc-arm-none-eabi-10.3-2021.10-win32/gcc-arm-none-eabi-10.3-2021.10/bin/../lib/gcc/arm-none-eabi/10.3.1/../../../../arm-none-eabi/lib/thumb/v7-m/nofp\libg.a(lib_a-mallocr.o)
 .ARM.attributes
                0x000006ad       0x2d d:/stm32cube/gcc-arm-none-eabi-10.3-2021.10-win32/gcc-arm-none-eabi-10.3-2021.10/bin/../lib/gcc/arm-none-eabi/10.3.1/../../../../arm-none-eabi/lib/thumb/v7-m/nofp\libg.a(lib_a-mlock.o)
 .ARM.attributes
                0x000006da       0x2d d:/stm32cube/gcc-arm-none-eabi-10.3-2021.10-win32/gcc-arm-none-eabi-10.3-2021.10/bin/../lib/gcc/arm-none-eabi/10.3.1/../../../../arm-none-eabi/lib/thumb/v7-m/nofp\libg.a(lib_a-sbrkr.o)
 .ARM.attributes
                0x00000707       0x2d d:/stm32cube/gcc-arm-none-eabi-10.3-2021.10-win32/gcc-arm-none-eabi-10.3-2021.10/bin/../lib/gcc/arm-none-eabi/10.3.1/../../../../arm-none-eabi/lib/thumb/v7-m/nofp\libg.a(lib_a-__atexit.o)
 .ARM.attributes
                0x00000734       0x1d d:/stm32cube/gcc-arm-none-eabi-10.3-2021.10-win32/gcc-arm-none-eabi-10.3-2021.10/bin/../lib/gcc/arm-none-eabi/10.3.1/thumb/v7-m/nofp/crtn.o
OUTPUT(STM32F1_demo.elf elf32-littlearm)
LOAD linker stubs
LOAD d:/stm32cube/gcc-arm-none-eabi-10.3-2021.10-win32/gcc-arm-none-eabi-10.3-2021.10/bin/../lib/gcc/arm-none-eabi/10.3.1/../../../../arm-none-eabi/lib/thumb/v7-m/nofp\libc.a
LOAD d:/stm32cube/gcc-arm-none-eabi-10.3-2021.10-win32/gcc-arm-none-eabi-10.3-2021.10/bin/../lib/gcc/arm-none-eabi/10.3.1/../../../../arm-none-eabi/lib/thumb/v7-m/nofp\libm.a
LOAD d:/stm32cube/gcc-arm-none-eabi-10.3-2021.10-win32/gcc-arm-none-eabi-10.3-2021.10/bin/../lib/gcc/arm-none-eabi/10.3.1/thumb/v7-m/nofp\libgcc.a

.debug_info     0x00000000    0x2395f
 .debug_info    0x00000000     0x1886 CMakeFiles/STM32F1_demo.elf.dir/Core/Src/main.c.obj
 .debug_info    0x00001886     0x141c CMakeFiles/STM32F1_demo.elf.dir/Core/Src/stm32f1xx_hal_msp.c.obj
 .debug_info    0x00002ca2      0xa2c CMakeFiles/STM32F1_demo.elf.dir/Core/Src/stm32f1xx_hal_timebase_tim.c.obj
 .debug_info    0x000036ce      0xdc4 CMakeFiles/STM32F1_demo.elf.dir/Core/Src/stm32f1xx_it.c.obj
 .debug_info    0x00004492      0x174 CMakeFiles/STM32F1_demo.elf.dir/Core/Src/sysmem.c.obj
 .debug_info    0x00004606      0x248 CMakeFiles/STM32F1_demo.elf.dir/Core/Src/system_stm32f1xx.c.obj
 .debug_info    0x0000484e       0x22 CMakeFiles/STM32F1_demo.elf.dir/Core/Startup/startup_stm32f103c8tx.s.obj
 .debug_info    0x00004870      0x7a8 CMakeFiles/STM32F1_demo.elf.dir/Drivers/STM32F1xx_HAL_Driver/Src/stm32f1xx_hal.c.obj
 .debug_info    0x00005018      0xd8a CMakeFiles/STM32F1_demo.elf.dir/Drivers/STM32F1xx_HAL_Driver/Src/stm32f1xx_hal_cortex.c.obj
 .debug_info    0x00005da2      0x66f CMakeFiles/STM32F1_demo.elf.dir/Drivers/STM32F1xx_HAL_Driver/Src/stm32f1xx_hal_gpio.c.obj
 .debug_info    0x00006411     0x3a6b CMakeFiles/STM32F1_demo.elf.dir/Drivers/STM32F1xx_HAL_Driver/Src/stm32f1xx_hal_i2c.c.obj
 .debug_info    0x00009e7c     0x1b27 CMakeFiles/STM32F1_demo.elf.dir/Drivers/STM32F1xx_HAL_Driver/Src/stm32f1xx_hal_pcd.c.obj
 .debug_info    0x0000b9a3      0xa36 CMakeFiles/STM32F1_demo.elf.dir/Drivers/STM32F1xx_HAL_Driver/Src/stm32f1xx_hal_rcc.c.obj
 .debug_info    0x0000c3d9      0x443 CMakeFiles/STM32F1_demo.elf.dir/Drivers/STM32F1xx_HAL_Driver/Src/stm32f1xx_hal_rcc_ex.c.obj
 .debug_info    0x0000c81c     0x1d70 CMakeFiles/STM32F1_demo.elf.dir/Drivers/STM32F1xx_HAL_Driver/Src/stm32f1xx_hal_spi.c.obj
 .debug_info    0x0000e58c     0x3b00 CMakeFiles/STM32F1_demo.elf.dir/Drivers/STM32F1xx_HAL_Driver/Src/stm32f1xx_hal_tim.c.obj
 .debug_info    0x0001208c     0x19e9 CMakeFiles/STM32F1_demo.elf.dir/Drivers/STM32F1xx_HAL_Driver/Src/stm32f1xx_hal_tim_ex.c.obj
 .debug_info    0x00013a75     0x1cb2 CMakeFiles/STM32F1_demo.elf.dir/Drivers/STM32F1xx_HAL_Driver/Src/stm32f1xx_ll_usb.c.obj
 .debug_info    0x00015727     0x539a CMakeFiles/STM32F1_demo.elf.dir/Middlewares/Third_Party/FreeRTOS/Source/CMSIS_RTOS_V2/cmsis_os2.c.obj
 .debug_info    0x0001aac1      0x2da CMakeFiles/STM32F1_demo.elf.dir/Middlewares/Third_Party/FreeRTOS/Source/list.c.obj
 .debug_info    0x0001ad9b      0x52b CMakeFiles/STM32F1_demo.elf.dir/Middlewares/Third_Party/FreeRTOS/Source/portable/GCC/ARM_CM3/port.c.obj
 .debug_info    0x0001b2c6      0x471 CMakeFiles/STM32F1_demo.elf.dir/Middlewares/Third_Party/FreeRTOS/Source/portable/MemMang/heap_4.c.obj
 .debug_info    0x0001b737     0x2733 CMakeFiles/STM32F1_demo.elf.dir/Middlewares/Third_Party/FreeRTOS/Source/queue.c.obj
 .debug_info    0x0001de6a     0x390b CMakeFiles/STM32F1_demo.elf.dir/Middlewares/Third_Party/FreeRTOS/Source/tasks.c.obj
 .debug_info    0x00021775     0x21ea CMakeFiles/STM32F1_demo.elf.dir/Middlewares/Third_Party/FreeRTOS/Source/timers.c.obj

.debug_abbrev   0x00000000     0x39c9
 .debug_abbrev  0x00000000      0x2bd CMakeFiles/STM32F1_demo.elf.dir/Core/Src/main.c.obj
 .debug_abbrev  0x000002bd      0x224 CMakeFiles/STM32F1_demo.elf.dir/Core/Src/stm32f1xx_hal_msp.c.obj
 .debug_abbrev  0x000004e1      0x1ff CMakeFiles/STM32F1_demo.elf.dir/Core/Src/stm32f1xx_hal_timebase_tim.c.obj
 .debug_abbrev  0x000006e0      0x1c4 CMakeFiles/STM32F1_demo.elf.dir/Core/Src/stm32f1xx_it.c.obj
 .debug_abbrev  0x000008a4       0xe7 CMakeFiles/STM32F1_demo.elf.dir/Core/Src/sysmem.c.obj
 .debug_abbrev  0x0000098b      0x13e CMakeFiles/STM32F1_demo.elf.dir/Core/Src/system_stm32f1xx.c.obj
 .debug_abbrev  0x00000ac9       0x12 CMakeFiles/STM32F1_demo.elf.dir/Core/Startup/startup_stm32f103c8tx.s.obj
 .debug_abbrev  0x00000adb      0x1f4 CMakeFiles/STM32F1_demo.elf.dir/Drivers/STM32F1xx_HAL_Driver/Src/stm32f1xx_hal.c.obj
 .debug_abbrev  0x00000ccf      0x341 CMakeFiles/STM32F1_demo.elf.dir/Drivers/STM32F1xx_HAL_Driver/Src/stm32f1xx_hal_cortex.c.obj
 .debug_abbrev  0x00001010      0x1e6 CMakeFiles/STM32F1_demo.elf.dir/Drivers/STM32F1xx_HAL_Driver/Src/stm32f1xx_hal_gpio.c.obj
 .debug_abbrev  0x000011f6      0x293 CMakeFiles/STM32F1_demo.elf.dir/Drivers/STM32F1xx_HAL_Driver/Src/stm32f1xx_hal_i2c.c.obj
 .debug_abbrev  0x00001489      0x2bd CMakeFiles/STM32F1_demo.elf.dir/Drivers/STM32F1xx_HAL_Driver/Src/stm32f1xx_hal_pcd.c.obj
 .debug_abbrev  0x00001746      0x27a CMakeFiles/STM32F1_demo.elf.dir/Drivers/STM32F1xx_HAL_Driver/Src/stm32f1xx_hal_rcc.c.obj
 .debug_abbrev  0x000019c0      0x1d2 CMakeFiles/STM32F1_demo.elf.dir/Drivers/STM32F1xx_HAL_Driver/Src/stm32f1xx_hal_rcc_ex.c.obj
 .debug_abbrev  0x00001b92      0x23b CMakeFiles/STM32F1_demo.elf.dir/Drivers/STM32F1xx_HAL_Driver/Src/stm32f1xx_hal_spi.c.obj
 .debug_abbrev  0x00001dcd      0x23e CMakeFiles/STM32F1_demo.elf.dir/Drivers/STM32F1xx_HAL_Driver/Src/stm32f1xx_hal_tim.c.obj
 .debug_abbrev  0x0000200b      0x241 CMakeFiles/STM32F1_demo.elf.dir/Drivers/STM32F1xx_HAL_Driver/Src/stm32f1xx_hal_tim_ex.c.obj
 .debug_abbrev  0x0000224c      0x21f CMakeFiles/STM32F1_demo.elf.dir/Drivers/STM32F1xx_HAL_Driver/Src/stm32f1xx_ll_usb.c.obj
 .debug_abbrev  0x0000246b      0x495 CMakeFiles/STM32F1_demo.elf.dir/Middlewares/Third_Party/FreeRTOS/Source/CMSIS_RTOS_V2/cmsis_os2.c.obj
 .debug_abbrev  0x00002900      0x106 CMakeFiles/STM32F1_demo.elf.dir/Middlewares/Third_Party/FreeRTOS/Source/list.c.obj
 .debug_abbrev  0x00002a06      0x27e CMakeFiles/STM32F1_demo.elf.dir/Middlewares/Third_Party/FreeRTOS/Source/portable/GCC/ARM_CM3/port.c.obj
 .debug_abbrev  0x00002c84      0x238 CMakeFiles/STM32F1_demo.elf.dir/Middlewares/Third_Party/FreeRTOS/Source/portable/MemMang/heap_4.c.obj
 .debug_abbrev  0x00002ebc      0x38c CMakeFiles/STM32F1_demo.elf.dir/Middlewares/Third_Party/FreeRTOS/Source/queue.c.obj
 .debug_abbrev  0x00003248      0x401 CMakeFiles/STM32F1_demo.elf.dir/Middlewares/Third_Party/FreeRTOS/Source/tasks.c.obj
 .debug_abbrev  0x00003649      0x380 CMakeFiles/STM32F1_demo.elf.dir/Middlewares/Third_Party/FreeRTOS/Source/timers.c.obj

.debug_loc      0x00000000    0x1b881
 .debug_loc     0x00000000       0x67 CMakeFiles/STM32F1_demo.elf.dir/Core/Src/main.c.obj
 .debug_loc     0x00000067      0x209 CMakeFiles/STM32F1_demo.elf.dir/Core/Src/stm32f1xx_hal_msp.c.obj
 .debug_loc     0x00000270       0xd0 CMakeFiles/STM32F1_demo.elf.dir/Core/Src/stm32f1xx_hal_timebase_tim.c.obj
 .debug_loc     0x00000340       0x64 CMakeFiles/STM32F1_demo.elf.dir/Core/Src/sysmem.c.obj
 .debug_loc     0x000003a4       0xff CMakeFiles/STM32F1_demo.elf.dir/Core/Src/system_stm32f1xx.c.obj
 .debug_loc     0x000004a3      0x141 CMakeFiles/STM32F1_demo.elf.dir/Drivers/STM32F1xx_HAL_Driver/Src/stm32f1xx_hal.c.obj
 .debug_loc     0x000005e4      0x71f CMakeFiles/STM32F1_demo.elf.dir/Drivers/STM32F1xx_HAL_Driver/Src/stm32f1xx_hal_cortex.c.obj
 .debug_loc     0x00000d03      0x47d CMakeFiles/STM32F1_demo.elf.dir/Drivers/STM32F1xx_HAL_Driver/Src/stm32f1xx_hal_gpio.c.obj
 .debug_loc     0x00001180     0x41a9 CMakeFiles/STM32F1_demo.elf.dir/Drivers/STM32F1xx_HAL_Driver/Src/stm32f1xx_hal_i2c.c.obj
 .debug_loc     0x00005329     0x148f CMakeFiles/STM32F1_demo.elf.dir/Drivers/STM32F1xx_HAL_Driver/Src/stm32f1xx_hal_pcd.c.obj
 .debug_loc     0x000067b8      0x63e CMakeFiles/STM32F1_demo.elf.dir/Drivers/STM32F1xx_HAL_Driver/Src/stm32f1xx_hal_rcc.c.obj
 .debug_loc     0x00006df6      0x3c8 CMakeFiles/STM32F1_demo.elf.dir/Drivers/STM32F1xx_HAL_Driver/Src/stm32f1xx_hal_rcc_ex.c.obj
 .debug_loc     0x000071be     0x1d4e CMakeFiles/STM32F1_demo.elf.dir/Drivers/STM32F1xx_HAL_Driver/Src/stm32f1xx_hal_spi.c.obj
 .debug_loc     0x00008f0c     0x47a8 CMakeFiles/STM32F1_demo.elf.dir/Drivers/STM32F1xx_HAL_Driver/Src/stm32f1xx_hal_tim.c.obj
 .debug_loc     0x0000d6b4     0x1ade CMakeFiles/STM32F1_demo.elf.dir/Drivers/STM32F1xx_HAL_Driver/Src/stm32f1xx_hal_tim_ex.c.obj
 .debug_loc     0x0000f192     0x1c2e CMakeFiles/STM32F1_demo.elf.dir/Drivers/STM32F1xx_HAL_Driver/Src/stm32f1xx_ll_usb.c.obj
 .debug_loc     0x00010dc0     0x579d CMakeFiles/STM32F1_demo.elf.dir/Middlewares/Third_Party/FreeRTOS/Source/CMSIS_RTOS_V2/cmsis_os2.c.obj
 .debug_loc     0x0001655d       0xad CMakeFiles/STM32F1_demo.elf.dir/Middlewares/Third_Party/FreeRTOS/Source/list.c.obj
 .debug_loc     0x0001660a       0xe8 CMakeFiles/STM32F1_demo.elf.dir/Middlewares/Third_Party/FreeRTOS/Source/portable/GCC/ARM_CM3/port.c.obj
 .debug_loc     0x000166f2      0x331 CMakeFiles/STM32F1_demo.elf.dir/Middlewares/Third_Party/FreeRTOS/Source/portable/MemMang/heap_4.c.obj
 .debug_loc     0x00016a23     0x19de CMakeFiles/STM32F1_demo.elf.dir/Middlewares/Third_Party/FreeRTOS/Source/queue.c.obj
 .debug_loc     0x00018401     0x24f2 CMakeFiles/STM32F1_demo.elf.dir/Middlewares/Third_Party/FreeRTOS/Source/tasks.c.obj
 .debug_loc     0x0001a8f3      0xf8e CMakeFiles/STM32F1_demo.elf.dir/Middlewares/Third_Party/FreeRTOS/Source/timers.c.obj

.debug_aranges  0x00000000     0x1768
 .debug_aranges
                0x00000000       0x68 CMakeFiles/STM32F1_demo.elf.dir/Core/Src/main.c.obj
 .debug_aranges
                0x00000068       0x50 CMakeFiles/STM32F1_demo.elf.dir/Core/Src/stm32f1xx_hal_msp.c.obj
 .debug_aranges
                0x000000b8       0x30 CMakeFiles/STM32F1_demo.elf.dir/Core/Src/stm32f1xx_hal_timebase_tim.c.obj
 .debug_aranges
                0x000000e8       0x58 CMakeFiles/STM32F1_demo.elf.dir/Core/Src/stm32f1xx_it.c.obj
 .debug_aranges
                0x00000140       0x20 CMakeFiles/STM32F1_demo.elf.dir/Core/Src/sysmem.c.obj
 .debug_aranges
                0x00000160       0x28 CMakeFiles/STM32F1_demo.elf.dir/Core/Src/system_stm32f1xx.c.obj
 .debug_aranges
                0x00000188       0x28 CMakeFiles/STM32F1_demo.elf.dir/Core/Startup/startup_stm32f103c8tx.s.obj
 .debug_aranges
                0x000001b0       0xe0 CMakeFiles/STM32F1_demo.elf.dir/Drivers/STM32F1xx_HAL_Driver/Src/stm32f1xx_hal.c.obj
 .debug_aranges
                0x00000290       0x90 CMakeFiles/STM32F1_demo.elf.dir/Drivers/STM32F1xx_HAL_Driver/Src/stm32f1xx_hal_cortex.c.obj
 .debug_aranges
                0x00000320       0x58 CMakeFiles/STM32F1_demo.elf.dir/Drivers/STM32F1xx_HAL_Driver/Src/stm32f1xx_hal_gpio.c.obj
 .debug_aranges
                0x00000378      0x2a0 CMakeFiles/STM32F1_demo.elf.dir/Drivers/STM32F1xx_HAL_Driver/Src/stm32f1xx_hal_i2c.c.obj
 .debug_aranges
                0x00000618      0x138 CMakeFiles/STM32F1_demo.elf.dir/Drivers/STM32F1xx_HAL_Driver/Src/stm32f1xx_hal_pcd.c.obj
 .debug_aranges
                0x00000750       0x90 CMakeFiles/STM32F1_demo.elf.dir/Drivers/STM32F1xx_HAL_Driver/Src/stm32f1xx_hal_rcc.c.obj
 .debug_aranges
                0x000007e0       0x30 CMakeFiles/STM32F1_demo.elf.dir/Drivers/STM32F1xx_HAL_Driver/Src/stm32f1xx_hal_rcc_ex.c.obj
 .debug_aranges
                0x00000810      0x1d0 CMakeFiles/STM32F1_demo.elf.dir/Drivers/STM32F1xx_HAL_Driver/Src/stm32f1xx_hal_spi.c.obj
 .debug_aranges
                0x000009e0      0x3d0 CMakeFiles/STM32F1_demo.elf.dir/Drivers/STM32F1xx_HAL_Driver/Src/stm32f1xx_hal_tim.c.obj
 .debug_aranges
                0x00000db0      0x168 CMakeFiles/STM32F1_demo.elf.dir/Drivers/STM32F1xx_HAL_Driver/Src/stm32f1xx_hal_tim_ex.c.obj
 .debug_aranges
                0x00000f18       0xf0 CMakeFiles/STM32F1_demo.elf.dir/Drivers/STM32F1xx_HAL_Driver/Src/stm32f1xx_ll_usb.c.obj
 .debug_aranges
                0x00001008      0x228 CMakeFiles/STM32F1_demo.elf.dir/Middlewares/Third_Party/FreeRTOS/Source/CMSIS_RTOS_V2/cmsis_os2.c.obj
 .debug_aranges
                0x00001230       0x40 CMakeFiles/STM32F1_demo.elf.dir/Middlewares/Third_Party/FreeRTOS/Source/list.c.obj
 .debug_aranges
                0x00001270       0x78 CMakeFiles/STM32F1_demo.elf.dir/Middlewares/Third_Party/FreeRTOS/Source/portable/GCC/ARM_CM3/port.c.obj
 .debug_aranges
                0x000012e8       0x50 CMakeFiles/STM32F1_demo.elf.dir/Middlewares/Third_Party/FreeRTOS/Source/portable/MemMang/heap_4.c.obj
 .debug_aranges
                0x00001338      0x158 CMakeFiles/STM32F1_demo.elf.dir/Middlewares/Third_Party/FreeRTOS/Source/queue.c.obj
 .debug_aranges
                0x00001490      0x1f8 CMakeFiles/STM32F1_demo.elf.dir/Middlewares/Third_Party/FreeRTOS/Source/tasks.c.obj
 .debug_aranges
                0x00001688       0xe0 CMakeFiles/STM32F1_demo.elf.dir/Middlewares/Third_Party/FreeRTOS/Source/timers.c.obj

.debug_ranges   0x00000000     0x1c38
 .debug_ranges  0x00000000       0x58 CMakeFiles/STM32F1_demo.elf.dir/Core/Src/main.c.obj
 .debug_ranges  0x00000058       0x40 CMakeFiles/STM32F1_demo.elf.dir/Core/Src/stm32f1xx_hal_msp.c.obj
 .debug_ranges  0x00000098       0x20 CMakeFiles/STM32F1_demo.elf.dir/Core/Src/stm32f1xx_hal_timebase_tim.c.obj
 .debug_ranges  0x000000b8       0x48 CMakeFiles/STM32F1_demo.elf.dir/Core/Src/stm32f1xx_it.c.obj
 .debug_ranges  0x00000100       0x10 CMakeFiles/STM32F1_demo.elf.dir/Core/Src/sysmem.c.obj
 .debug_ranges  0x00000110       0x18 CMakeFiles/STM32F1_demo.elf.dir/Core/Src/system_stm32f1xx.c.obj
 .debug_ranges  0x00000128       0x20 CMakeFiles/STM32F1_demo.elf.dir/Core/Startup/startup_stm32f103c8tx.s.obj
 .debug_ranges  0x00000148       0xd0 CMakeFiles/STM32F1_demo.elf.dir/Drivers/STM32F1xx_HAL_Driver/Src/stm32f1xx_hal.c.obj
 .debug_ranges  0x00000218       0xe0 CMakeFiles/STM32F1_demo.elf.dir/Drivers/STM32F1xx_HAL_Driver/Src/stm32f1xx_hal_cortex.c.obj
 .debug_ranges  0x000002f8       0x48 CMakeFiles/STM32F1_demo.elf.dir/Drivers/STM32F1xx_HAL_Driver/Src/stm32f1xx_hal_gpio.c.obj
 .debug_ranges  0x00000340      0x2a8 CMakeFiles/STM32F1_demo.elf.dir/Drivers/STM32F1xx_HAL_Driver/Src/stm32f1xx_hal_i2c.c.obj
 .debug_ranges  0x000005e8      0x208 CMakeFiles/STM32F1_demo.elf.dir/Drivers/STM32F1xx_HAL_Driver/Src/stm32f1xx_hal_pcd.c.obj
 .debug_ranges  0x000007f0       0xa0 CMakeFiles/STM32F1_demo.elf.dir/Drivers/STM32F1xx_HAL_Driver/Src/stm32f1xx_hal_rcc.c.obj
 .debug_ranges  0x00000890       0x38 CMakeFiles/STM32F1_demo.elf.dir/Drivers/STM32F1xx_HAL_Driver/Src/stm32f1xx_hal_rcc_ex.c.obj
 .debug_ranges  0x000008c8      0x1c0 CMakeFiles/STM32F1_demo.elf.dir/Drivers/STM32F1xx_HAL_Driver/Src/stm32f1xx_hal_spi.c.obj
 .debug_ranges  0x00000a88      0x3c0 CMakeFiles/STM32F1_demo.elf.dir/Drivers/STM32F1xx_HAL_Driver/Src/stm32f1xx_hal_tim.c.obj
 .debug_ranges  0x00000e48      0x158 CMakeFiles/STM32F1_demo.elf.dir/Drivers/STM32F1xx_HAL_Driver/Src/stm32f1xx_hal_tim_ex.c.obj
 .debug_ranges  0x00000fa0      0x3a0 CMakeFiles/STM32F1_demo.elf.dir/Drivers/STM32F1xx_HAL_Driver/Src/stm32f1xx_ll_usb.c.obj
 .debug_ranges  0x00001340      0x218 CMakeFiles/STM32F1_demo.elf.dir/Middlewares/Third_Party/FreeRTOS/Source/CMSIS_RTOS_V2/cmsis_os2.c.obj
 .debug_ranges  0x00001558       0x30 CMakeFiles/STM32F1_demo.elf.dir/Middlewares/Third_Party/FreeRTOS/Source/list.c.obj
 .debug_ranges  0x00001588       0x68 CMakeFiles/STM32F1_demo.elf.dir/Middlewares/Third_Party/FreeRTOS/Source/portable/GCC/ARM_CM3/port.c.obj
 .debug_ranges  0x000015f0       0x40 CMakeFiles/STM32F1_demo.elf.dir/Middlewares/Third_Party/FreeRTOS/Source/portable/MemMang/heap_4.c.obj
 .debug_ranges  0x00001630      0x218 CMakeFiles/STM32F1_demo.elf.dir/Middlewares/Third_Party/FreeRTOS/Source/queue.c.obj
 .debug_ranges  0x00001848      0x320 CMakeFiles/STM32F1_demo.elf.dir/Middlewares/Third_Party/FreeRTOS/Source/tasks.c.obj
 .debug_ranges  0x00001b68       0xd0 CMakeFiles/STM32F1_demo.elf.dir/Middlewares/Third_Party/FreeRTOS/Source/timers.c.obj

.debug_line     0x00000000    0x1eb3a
 .debug_line    0x00000000      0x6ea CMakeFiles/STM32F1_demo.elf.dir/Core/Src/main.c.obj
 .debug_line    0x000006ea      0x4d4 CMakeFiles/STM32F1_demo.elf.dir/Core/Src/stm32f1xx_hal_msp.c.obj
 .debug_line    0x00000bbe      0x367 CMakeFiles/STM32F1_demo.elf.dir/Core/Src/stm32f1xx_hal_timebase_tim.c.obj
 .debug_line    0x00000f25      0x3bc CMakeFiles/STM32F1_demo.elf.dir/Core/Src/stm32f1xx_it.c.obj
 .debug_line    0x000012e1      0x23c CMakeFiles/STM32F1_demo.elf.dir/Core/Src/sysmem.c.obj
 .debug_line    0x0000151d      0x2a6 CMakeFiles/STM32F1_demo.elf.dir/Core/Src/system_stm32f1xx.c.obj
 .debug_line    0x000017c3       0xa4 CMakeFiles/STM32F1_demo.elf.dir/Core/Startup/startup_stm32f103c8tx.s.obj
 .debug_line    0x00001867      0x5ce CMakeFiles/STM32F1_demo.elf.dir/Drivers/STM32F1xx_HAL_Driver/Src/stm32f1xx_hal.c.obj
 .debug_line    0x00001e35      0x6b9 CMakeFiles/STM32F1_demo.elf.dir/Drivers/STM32F1xx_HAL_Driver/Src/stm32f1xx_hal_cortex.c.obj
 .debug_line    0x000024ee      0x663 CMakeFiles/STM32F1_demo.elf.dir/Drivers/STM32F1xx_HAL_Driver/Src/stm32f1xx_hal_gpio.c.obj
 .debug_line    0x00002b51     0x55ba CMakeFiles/STM32F1_demo.elf.dir/Drivers/STM32F1xx_HAL_Driver/Src/stm32f1xx_hal_i2c.c.obj
 .debug_line    0x0000810b     0x193d CMakeFiles/STM32F1_demo.elf.dir/Drivers/STM32F1xx_HAL_Driver/Src/stm32f1xx_hal_pcd.c.obj
 .debug_line    0x00009a48      0xcac CMakeFiles/STM32F1_demo.elf.dir/Drivers/STM32F1xx_HAL_Driver/Src/stm32f1xx_hal_rcc.c.obj
 .debug_line    0x0000a6f4      0x51e CMakeFiles/STM32F1_demo.elf.dir/Drivers/STM32F1xx_HAL_Driver/Src/stm32f1xx_hal_rcc_ex.c.obj
 .debug_line    0x0000ac12     0x24ea CMakeFiles/STM32F1_demo.elf.dir/Drivers/STM32F1xx_HAL_Driver/Src/stm32f1xx_hal_spi.c.obj
 .debug_line    0x0000d0fc     0x46de CMakeFiles/STM32F1_demo.elf.dir/Drivers/STM32F1xx_HAL_Driver/Src/stm32f1xx_hal_tim.c.obj
 .debug_line    0x000117da     0x1bde CMakeFiles/STM32F1_demo.elf.dir/Drivers/STM32F1xx_HAL_Driver/Src/stm32f1xx_hal_tim_ex.c.obj
 .debug_line    0x000133b8     0x1b1c CMakeFiles/STM32F1_demo.elf.dir/Drivers/STM32F1xx_HAL_Driver/Src/stm32f1xx_ll_usb.c.obj
 .debug_line    0x00014ed4     0x2e54 CMakeFiles/STM32F1_demo.elf.dir/Middlewares/Third_Party/FreeRTOS/Source/CMSIS_RTOS_V2/cmsis_os2.c.obj
 .debug_line    0x00017d28      0x3f4 CMakeFiles/STM32F1_demo.elf.dir/Middlewares/Third_Party/FreeRTOS/Source/list.c.obj
 .debug_line    0x0001811c      0x6a5 CMakeFiles/STM32F1_demo.elf.dir/Middlewares/Third_Party/FreeRTOS/Source/portable/GCC/ARM_CM3/port.c.obj
 .debug_line    0x000187c1      0x70e CMakeFiles/STM32F1_demo.elf.dir/Middlewares/Third_Party/FreeRTOS/Source/portable/MemMang/heap_4.c.obj
 .debug_line    0x00018ecf     0x20b2 CMakeFiles/STM32F1_demo.elf.dir/Middlewares/Third_Party/FreeRTOS/Source/queue.c.obj
 .debug_line    0x0001af81     0x2d12 CMakeFiles/STM32F1_demo.elf.dir/Middlewares/Third_Party/FreeRTOS/Source/tasks.c.obj
 .debug_line    0x0001dc93      0xea7 CMakeFiles/STM32F1_demo.elf.dir/Middlewares/Third_Party/FreeRTOS/Source/timers.c.obj

.debug_str      0x00000000     0x7f50
 .debug_str     0x00000000     0x14fc CMakeFiles/STM32F1_demo.elf.dir/Core/Src/main.c.obj
                               0x1619 (size before relaxing)
 .debug_str     0x000014fc      0x46b CMakeFiles/STM32F1_demo.elf.dir/Core/Src/stm32f1xx_hal_msp.c.obj
                                0xf95 (size before relaxing)
 .debug_str     0x00001967      0x126 CMakeFiles/STM32F1_demo.elf.dir/Core/Src/stm32f1xx_hal_timebase_tim.c.obj
                                0xb3a (size before relaxing)
 .debug_str     0x00001a8d      0x12c CMakeFiles/STM32F1_demo.elf.dir/Core/Src/stm32f1xx_it.c.obj
                                0xae2 (size before relaxing)
 .debug_str     0x00001bb9       0x9a CMakeFiles/STM32F1_demo.elf.dir/Core/Src/sysmem.c.obj
                                0x250 (size before relaxing)
 .debug_str     0x00001c53       0x9b CMakeFiles/STM32F1_demo.elf.dir/Core/Src/system_stm32f1xx.c.obj
                                0x28c (size before relaxing)
 .debug_str     0x00001cee       0x53 CMakeFiles/STM32F1_demo.elf.dir/Core/Startup/startup_stm32f103c8tx.s.obj
                                 0x85 (size before relaxing)
 .debug_str     0x00001d41      0x2cb CMakeFiles/STM32F1_demo.elf.dir/Drivers/STM32F1xx_HAL_Driver/Src/stm32f1xx_hal.c.obj
                                0x85c (size before relaxing)
 .debug_str     0x0000200c      0x336 CMakeFiles/STM32F1_demo.elf.dir/Drivers/STM32F1xx_HAL_Driver/Src/stm32f1xx_hal_cortex.c.obj
                                0x90b (size before relaxing)
 .debug_str     0x00002342      0x148 CMakeFiles/STM32F1_demo.elf.dir/Drivers/STM32F1xx_HAL_Driver/Src/stm32f1xx_hal_gpio.c.obj
                                0x438 (size before relaxing)
 .debug_str     0x0000248a      0x8dd CMakeFiles/STM32F1_demo.elf.dir/Drivers/STM32F1xx_HAL_Driver/Src/stm32f1xx_hal_i2c.c.obj
                                0xff0 (size before relaxing)
 .debug_str     0x00002d67      0x55d CMakeFiles/STM32F1_demo.elf.dir/Drivers/STM32F1xx_HAL_Driver/Src/stm32f1xx_hal_pcd.c.obj
                                0xb06 (size before relaxing)
 .debug_str     0x000032c4      0x1ac CMakeFiles/STM32F1_demo.elf.dir/Drivers/STM32F1xx_HAL_Driver/Src/stm32f1xx_hal_rcc.c.obj
                                0x663 (size before relaxing)
 .debug_str     0x00003470       0xbc CMakeFiles/STM32F1_demo.elf.dir/Drivers/STM32F1xx_HAL_Driver/Src/stm32f1xx_hal_rcc_ex.c.obj
                                0x40b (size before relaxing)
 .debug_str     0x0000352c      0x533 CMakeFiles/STM32F1_demo.elf.dir/Drivers/STM32F1xx_HAL_Driver/Src/stm32f1xx_hal_spi.c.obj
                                0xb9f (size before relaxing)
 .debug_str     0x00003a5f      0xec9 CMakeFiles/STM32F1_demo.elf.dir/Drivers/STM32F1xx_HAL_Driver/Src/stm32f1xx_hal_tim.c.obj
                               0x1670 (size before relaxing)
 .debug_str     0x00004928      0x5b1 CMakeFiles/STM32F1_demo.elf.dir/Drivers/STM32F1xx_HAL_Driver/Src/stm32f1xx_hal_tim_ex.c.obj
                                0xe71 (size before relaxing)
 .debug_str     0x00004ed9      0x150 CMakeFiles/STM32F1_demo.elf.dir/Drivers/STM32F1xx_HAL_Driver/Src/stm32f1xx_ll_usb.c.obj
                                0x733 (size before relaxing)
 .debug_str     0x00005029     0x15a8 CMakeFiles/STM32F1_demo.elf.dir/Middlewares/Third_Party/FreeRTOS/Source/CMSIS_RTOS_V2/cmsis_os2.c.obj
                               0x1ce9 (size before relaxing)
 .debug_str     0x000065d1      0x156 CMakeFiles/STM32F1_demo.elf.dir/Middlewares/Third_Party/FreeRTOS/Source/list.c.obj
                                0x32d (size before relaxing)
 .debug_str     0x00006727      0x25d CMakeFiles/STM32F1_demo.elf.dir/Middlewares/Third_Party/FreeRTOS/Source/portable/GCC/ARM_CM3/port.c.obj
                                0x499 (size before relaxing)
 .debug_str     0x00006984      0x205 CMakeFiles/STM32F1_demo.elf.dir/Middlewares/Third_Party/FreeRTOS/Source/portable/MemMang/heap_4.c.obj
                                0x416 (size before relaxing)
 .debug_str     0x00006b89      0x5f8 CMakeFiles/STM32F1_demo.elf.dir/Middlewares/Third_Party/FreeRTOS/Source/queue.c.obj
                                0xcab (size before relaxing)
 .debug_str     0x00007181      0x8d4 CMakeFiles/STM32F1_demo.elf.dir/Middlewares/Third_Party/FreeRTOS/Source/tasks.c.obj
                               0x16a7 (size before relaxing)
 .debug_str     0x00007a55      0x4fb CMakeFiles/STM32F1_demo.elf.dir/Middlewares/Third_Party/FreeRTOS/Source/timers.c.obj
                                0xfe4 (size before relaxing)

.comment        0x00000000       0x49
 .comment       0x00000000       0x49 CMakeFiles/STM32F1_demo.elf.dir/Core/Src/main.c.obj
                                 0x4a (size before relaxing)
 .comment       0x00000049       0x4a CMakeFiles/STM32F1_demo.elf.dir/Core/Src/stm32f1xx_hal_msp.c.obj
 .comment       0x00000049       0x4a CMakeFiles/STM32F1_demo.elf.dir/Core/Src/stm32f1xx_hal_timebase_tim.c.obj
 .comment       0x00000049       0x4a CMakeFiles/STM32F1_demo.elf.dir/Core/Src/stm32f1xx_it.c.obj
 .comment       0x00000049       0x4a CMakeFiles/STM32F1_demo.elf.dir/Core/Src/sysmem.c.obj
 .comment       0x00000049       0x4a CMakeFiles/STM32F1_demo.elf.dir/Core/Src/system_stm32f1xx.c.obj
 .comment       0x00000049       0x4a CMakeFiles/STM32F1_demo.elf.dir/Drivers/STM32F1xx_HAL_Driver/Src/stm32f1xx_hal.c.obj
 .comment       0x00000049       0x4a CMakeFiles/STM32F1_demo.elf.dir/Drivers/STM32F1xx_HAL_Driver/Src/stm32f1xx_hal_cortex.c.obj
 .comment       0x00000049       0x4a CMakeFiles/STM32F1_demo.elf.dir/Drivers/STM32F1xx_HAL_Driver/Src/stm32f1xx_hal_gpio.c.obj
 .comment       0x00000049       0x4a CMakeFiles/STM32F1_demo.elf.dir/Drivers/STM32F1xx_HAL_Driver/Src/stm32f1xx_hal_i2c.c.obj
 .comment       0x00000049       0x4a CMakeFiles/STM32F1_demo.elf.dir/Drivers/STM32F1xx_HAL_Driver/Src/stm32f1xx_hal_pcd.c.obj
 .comment       0x00000049       0x4a CMakeFiles/STM32F1_demo.elf.dir/Drivers/STM32F1xx_HAL_Driver/Src/stm32f1xx_hal_rcc.c.obj
 .comment       0x00000049       0x4a CMakeFiles/STM32F1_demo.elf.dir/Drivers/STM32F1xx_HAL_Driver/Src/stm32f1xx_hal_rcc_ex.c.obj
 .comment       0x00000049       0x4a CMakeFiles/STM32F1_demo.elf.dir/Drivers/STM32F1xx_HAL_Driver/Src/stm32f1xx_hal_spi.c.obj
 .comment       0x00000049       0x4a CMakeFiles/STM32F1_demo.elf.dir/Drivers/STM32F1xx_HAL_Driver/Src/stm32f1xx_hal_tim.c.obj
 .comment       0x00000049       0x4a CMakeFiles/STM32F1_demo.elf.dir/Drivers/STM32F1xx_HAL_Driver/Src/stm32f1xx_hal_tim_ex.c.obj
 .comment       0x00000049       0x4a CMakeFiles/STM32F1_demo.elf.dir/Drivers/STM32F1xx_HAL_Driver/Src/stm32f1xx_ll_usb.c.obj
 .comment       0x00000049       0x4a CMakeFiles/STM32F1_demo.elf.dir/Middlewares/Third_Party/FreeRTOS/Source/CMSIS_RTOS_V2/cmsis_os2.c.obj
 .comment       0x00000049       0x4a CMakeFiles/STM32F1_demo.elf.dir/Middlewares/Third_Party/FreeRTOS/Source/list.c.obj
 .comment       0x00000049       0x4a CMakeFiles/STM32F1_demo.elf.dir/Middlewares/Third_Party/FreeRTOS/Source/portable/GCC/ARM_CM3/port.c.obj
 .comment       0x00000049       0x4a CMakeFiles/STM32F1_demo.elf.dir/Middlewares/Third_Party/FreeRTOS/Source/portable/MemMang/heap_4.c.obj
 .comment       0x00000049       0x4a CMakeFiles/STM32F1_demo.elf.dir/Middlewares/Third_Party/FreeRTOS/Source/queue.c.obj
 .comment       0x00000049       0x4a CMakeFiles/STM32F1_demo.elf.dir/Middlewares/Third_Party/FreeRTOS/Source/tasks.c.obj
 .comment       0x00000049       0x4a CMakeFiles/STM32F1_demo.elf.dir/Middlewares/Third_Party/FreeRTOS/Source/timers.c.obj

.debug_frame    0x00000000     0x4720
 .debug_frame   0x00000000      0x100 CMakeFiles/STM32F1_demo.elf.dir/Core/Src/main.c.obj
 .debug_frame   0x00000100       0xd4 CMakeFiles/STM32F1_demo.elf.dir/Core/Src/stm32f1xx_hal_msp.c.obj
 .debug_frame   0x000001d4       0x54 CMakeFiles/STM32F1_demo.elf.dir/Core/Src/stm32f1xx_hal_timebase_tim.c.obj