Archive member included to satisfy reference by file (symbol)

d:/stm32cube/gcc-arm-none-eabi-10.3-2021.10-win32/gcc-arm-none-eabi-10.3-2021.10/bin/../lib/gcc/arm-none-eabi/10.3.1/../../../../arm-none-eabi/lib/thumb/v7-m/nofp\libg.a(lib_a-errno.o)
                              CMakeFiles/STM32F1_demo.elf.dir/Core/Src/syscalls.c.obj (__errno)
d:/stm32cube/gcc-arm-none-eabi-10.3-2021.10-win32/gcc-arm-none-eabi-10.3-2021.10/bin/../lib/gcc/arm-none-eabi/10.3.1/../../../../arm-none-eabi/lib/thumb/v7-m/nofp\libg.a(lib_a-exit.o)
                              d:/stm32cube/gcc-arm-none-eabi-10.3-2021.10-win32/gcc-arm-none-eabi-10.3-2021.10/bin/../lib/gcc/arm-none-eabi/10.3.1/../../../../arm-none-eabi/lib/thumb/v7-m/nofp/crt0.o (exit)
d:/stm32cube/gcc-arm-none-eabi-10.3-2021.10-win32/gcc-arm-none-eabi-10.3-2021.10/bin/../lib/gcc/arm-none-eabi/10.3.1/../../../../arm-none-eabi/lib/thumb/v7-m/nofp\libg.a(lib_a-impure.o)
                              d:/stm32cube/gcc-arm-none-eabi-10.3-2021.10-win32/gcc-arm-none-eabi-10.3-2021.10/bin/../lib/gcc/arm-none-eabi/10.3.1/../../../../arm-none-eabi/lib/thumb/v7-m/nofp\libg.a(lib_a-exit.o) (_global_impure_ptr)
d:/stm32cube/gcc-arm-none-eabi-10.3-2021.10-win32/gcc-arm-none-eabi-10.3-2021.10/bin/../lib/gcc/arm-none-eabi/10.3.1/../../../../arm-none-eabi/lib/thumb/v7-m/nofp\libg.a(lib_a-init.o)
                              d:/stm32cube/gcc-arm-none-eabi-10.3-2021.10-win32/gcc-arm-none-eabi-10.3-2021.10/bin/../lib/gcc/arm-none-eabi/10.3.1/../../../../arm-none-eabi/lib/thumb/v7-m/nofp/crt0.o (__libc_init_array)
d:/stm32cube/gcc-arm-none-eabi-10.3-2021.10-win32/gcc-arm-none-eabi-10.3-2021.10/bin/../lib/gcc/arm-none-eabi/10.3.1/../../../../arm-none-eabi/lib/thumb/v7-m/nofp\libg.a(lib_a-memcpy.o)
                              CMakeFiles/STM32F1_demo.elf.dir/Middlewares/Third_Party/FreeRTOS/Source/CMSIS_RTOS_V2/cmsis_os2.c.obj (memcpy)
d:/stm32cube/gcc-arm-none-eabi-10.3-2021.10-win32/gcc-arm-none-eabi-10.3-2021.10/bin/../lib/gcc/arm-none-eabi/10.3.1/../../../../arm-none-eabi/lib/thumb/v7-m/nofp\libg.a(lib_a-memset.o)
                              d:/stm32cube/gcc-arm-none-eabi-10.3-2021.10-win32/gcc-arm-none-eabi-10.3-2021.10/bin/../lib/gcc/arm-none-eabi/10.3.1/../../../../arm-none-eabi/lib/thumb/v7-m/nofp/crt0.o (memset)
d:/stm32cube/gcc-arm-none-eabi-10.3-2021.10-win32/gcc-arm-none-eabi-10.3-2021.10/bin/../lib/gcc/arm-none-eabi/10.3.1/../../../../arm-none-eabi/lib/thumb/v7-m/nofp\libg.a(lib_a-reent.o)
                              CMakeFiles/STM32F1_demo.elf.dir/Middlewares/Third_Party/FreeRTOS/Source/tasks.c.obj (_reclaim_reent)
d:/stm32cube/gcc-arm-none-eabi-10.3-2021.10-win32/gcc-arm-none-eabi-10.3-2021.10/bin/../lib/gcc/arm-none-eabi/10.3.1/../../../../arm-none-eabi/lib/thumb/v7-m/nofp\libg.a(lib_a-__call_atexit.o)
                              d:/stm32cube/gcc-arm-none-eabi-10.3-2021.10-win32/gcc-arm-none-eabi-10.3-2021.10/bin/../lib/gcc/arm-none-eabi/10.3.1/../../../../arm-none-eabi/lib/thumb/v7-m/nofp\libg.a(lib_a-exit.o) (__call_exitprocs)
d:/stm32cube/gcc-arm-none-eabi-10.3-2021.10-win32/gcc-arm-none-eabi-10.3-2021.10/bin/../lib/gcc/arm-none-eabi/10.3.1/../../../../arm-none-eabi/lib/thumb/v7-m/nofp\libg.a(lib_a-atexit.o)
                              d:/stm32cube/gcc-arm-none-eabi-10.3-2021.10-win32/gcc-arm-none-eabi-10.3-2021.10/bin/../lib/gcc/arm-none-eabi/10.3.1/../../../../arm-none-eabi/lib/thumb/v7-m/nofp\libg.a(lib_a-__call_atexit.o) (atexit)
d:/stm32cube/gcc-arm-none-eabi-10.3-2021.10-win32/gcc-arm-none-eabi-10.3-2021.10/bin/../lib/gcc/arm-none-eabi/10.3.1/../../../../arm-none-eabi/lib/thumb/v7-m/nofp\libg.a(lib_a-fini.o)
                              d:/stm32cube/gcc-arm-none-eabi-10.3-2021.10-win32/gcc-arm-none-eabi-10.3-2021.10/bin/../lib/gcc/arm-none-eabi/10.3.1/../../../../arm-none-eabi/lib/thumb/v7-m/nofp\libg.a(lib_a-__call_atexit.o) (__libc_fini_array)
d:/stm32cube/gcc-arm-none-eabi-10.3-2021.10-win32/gcc-arm-none-eabi-10.3-2021.10/bin/../lib/gcc/arm-none-eabi/10.3.1/../../../../arm-none-eabi/lib/thumb/v7-m/nofp\libg.a(lib_a-freer.o)
                              d:/stm32cube/gcc-arm-none-eabi-10.3-2021.10-win32/gcc-arm-none-eabi-10.3-2021.10/bin/../lib/gcc/arm-none-eabi/10.3.1/../../../../arm-none-eabi/lib/thumb/v7-m/nofp\libg.a(lib_a-reent.o) (_free_r)
d:/stm32cube/gcc-arm-none-eabi-10.3-2021.10-win32/gcc-arm-none-eabi-10.3-2021.10/bin/../lib/gcc/arm-none-eabi/10.3.1/../../../../arm-none-eabi/lib/thumb/v7-m/nofp\libg.a(lib_a-lock.o)
                              d:/stm32cube/gcc-arm-none-eabi-10.3-2021.10-win32/gcc-arm-none-eabi-10.3-2021.10/bin/../lib/gcc/arm-none-eabi/10.3.1/../../../../arm-none-eabi/lib/thumb/v7-m/nofp\libg.a(lib_a-__call_atexit.o) (__retarget_lock_acquire_recursive)
d:/stm32cube/gcc-arm-none-eabi-10.3-2021.10-win32/gcc-arm-none-eabi-10.3-2021.10/bin/../lib/gcc/arm-none-eabi/10.3.1/../../../../arm-none-eabi/lib/thumb/v7-m/nofp\libg.a(lib_a-mallocr.o)
[...]
Memory Configuration

Name             Origin             Length             Attributes
RAM              0x20000000         0x00005000         xrw
FLASH            0x08000000         0x00010000         xr
*default*        0x00000000         0xffffffff

Linker script and memory map

LOAD d:/stm32cube/gcc-arm-none-eabi-10.3-2021.10-win32/gcc-arm-none-eabi-10.3-2021.10/bin/../lib/gcc/arm-none-eabi/10.3.1/thumb/v7-m/nofp/crti.o
LOAD d:/stm32cube/gcc-arm-none-eabi-10.3-2021.10-win32/gcc-arm-none-eabi-10.3-2021.10/bin/../lib/gcc/arm-none-eabi/10.3.1/thumb/v7-m/nofp/crtbegin.o
LOAD d:/stm32cube/gcc-arm-none-eabi-10.3-2021.10-win32/gcc-arm-none-eabi-10.3-2021.10/bin/../lib/gcc/arm-none-eabi/10.3.1/../../../../arm-none-eabi/lib/thumb/v7-m/nofp/crt0.o
LOAD CMakeFiles/STM32F1_demo.elf.dir/Core/Src/freertos.c.obj
LOAD CMakeFiles/STM32F1_demo.elf.dir/Core/Src/main.c.obj
LOAD CMakeFiles/STM32F1_demo.elf.dir/Core/Src/stm32f1xx_hal_msp.c.obj
LOAD CMakeFiles/STM32F1_demo.elf.dir/Core/Src/stm32f1xx_hal_timebase_tim.c.obj
LOAD CMakeFiles/STM32F1_demo.elf.dir/Core/Src/stm32f1xx_it.c.obj
LOAD CMakeFiles/STM32F1_demo.elf.dir/Core/Src/syscalls.c.obj
LOAD CMakeFiles/STM32F1_demo.elf.dir/Core/Src/sysmem.c.obj
LOAD CMakeFiles/STM32F1_demo.elf.dir/Core/Src/system_stm32f1xx.c.obj
LOAD CMakeFiles/STM32F1_demo.elf.dir/Core/Startup/startup_stm32f103c8tx.s.obj
LOAD CMakeFiles/STM32F1_demo.elf.dir/Drivers/STM32F1xx_HAL_Driver/Src/stm32f1xx_hal.c.obj
LOAD CMakeFiles/STM32F1_demo.elf.dir/Drivers/STM32F1xx_HAL_Driver/Src/stm32f1xx_hal_cortex.c.obj
LOAD CMakeFiles/STM32F1_demo.elf.dir/Drivers/STM32F1xx_HAL_Driver/Src/stm32f1xx_hal_dma.c.obj
LOAD CMakeFiles/STM32F1_demo.elf.dir/Drivers/STM32F1xx_HAL_Driver/Src/stm32f1xx_hal_exti.c.obj
LOAD CMakeFiles/STM32F1_demo.elf.dir/Drivers/STM32F1xx_HAL_Driver/Src/stm32f1xx_hal_flash.c.obj
LOAD CMakeFiles/STM32F1_demo.elf.dir/Drivers/STM32F1xx_HAL_Driver/Src/stm32f1xx_hal_flash_ex.c.obj
LOAD CMakeFiles/STM32F1_demo.elf.dir/Drivers/STM32F1xx_HAL_Driver/Src/stm32f1xx_hal_gpio.c.obj
LOAD CMakeFiles/STM32F1_demo.elf.dir/Drivers/STM32F1xx_HAL_Driver/Src/stm32f1xx_hal_gpio_ex.c.obj
LOAD CMakeFiles/STM32F1_demo.elf.dir/Drivers/STM32F1xx_HAL_Driver/Src/stm32f1xx_hal_pcd.c.obj
LOAD CMakeFiles/STM32F1_demo.elf.dir/Drivers/STM32F1xx_HAL_Driver/Src/stm32f1xx_hal_pcd_ex.c.obj
LOAD CMakeFiles/STM32F1_demo.elf.dir/Drivers/STM32F1xx_HAL_Driver/Src/stm32f1xx_hal_pwr.c.obj
LOAD CMakeFiles/STM32F1_demo.elf.dir/Drivers/STM32F1xx_HAL_Driver/Src/stm32f1xx_hal_rcc.c.obj
LOAD CMakeFiles/STM32F1_demo.elf.dir/Drivers/STM32F1xx_HAL_Driver/Src/stm32f1xx_hal_rcc_ex.c.obj
LOAD CMakeFiles/STM32F1_demo.elf.dir/Drivers/STM32F1xx_HAL_Driver/Src/stm32f1xx_hal_spi.c.obj
LOAD CMakeFiles/STM32F1_demo.elf.dir/Drivers/STM32F1xx_HAL_Driver/Src/stm32f1xx_hal_tim.c.obj
LOAD CMakeFiles/STM32F1_demo.elf.dir/Drivers/STM32F1xx_HAL_Driver/Src/stm32f1xx_hal_tim_ex.c.obj
LOAD CMakeFiles/STM32F1_demo.elf.dir/Drivers/STM32F1xx_HAL_Driver/Src/stm32f1xx_ll_usb.c.obj
LOAD CMakeFiles/STM32F1_demo.elf.dir/Middlewares/Third_Party/FreeRTOS/Source/CMSIS_RTOS_V2/cmsis_os2.c.obj
LOAD CMakeFiles/STM32F1_demo.elf.dir/Middlewares/Third_Party/FreeRTOS/Source/croutine.c.obj
LOAD CMakeFiles/STM32F1_demo.elf.dir/Middlewares/Third_Party/FreeRTOS/Source/event_groups.c.obj
LOAD CMakeFiles/STM32F1_demo.elf.dir/Middlewares/Third_Party/FreeRTOS/Source/list.c.obj
LOAD CMakeFiles/STM32F1_demo.elf.dir/Middlewares/Third_Party/FreeRTOS/Source/portable/GCC/ARM_CM3/port.c.obj
LOAD CMakeFiles/STM32F1_demo.elf.dir/Middlewares/Third_Party/FreeRTOS/Source/portable/MemMang/heap_4.c.obj
LOAD CMakeFiles/STM32F1_demo.elf.dir/Middlewares/Third_Party/FreeRTOS/Source/queue.c.obj
LOAD CMakeFiles/STM32F1_demo.elf.dir/Middlewares/Third_Party/FreeRTOS/Source/stream_buffer.c.obj
LOAD CMakeFiles/STM32F1_demo.elf.dir/Middlewares/Third_Party/FreeRTOS/Source/tasks.c.obj
LOAD CMakeFiles/STM32F1_demo.elf.dir/Middlewares/Third_Party/FreeRTOS/Source/timers.c.obj
START GROUP
LOAD d:/stm32cube/gcc-arm-none-eabi-10.3-2021.10-win32/gcc-arm-none-eabi-10.3-2021.10/bin/../lib/gcc/arm-none-eabi/10.3.1/thumb/v7-m/nofp\libgcc.a
LOAD d:/stm32cube/gcc-arm-none-eabi-10.3-2021.10-win32/gcc-arm-none-eabi-10.3-2021.10/bin/../lib/gcc/arm-none-eabi/10.3.1/../../../../arm-none-eabi/lib/thumb/v7-m/nofp\libg.a
LOAD d:/stm32cube/gcc-arm-none-eabi-10.3-2021.10-win32/gcc-arm-none-eabi-10.3-2021.10/bin/../lib/gcc/arm-none-eabi/10.3.1/../../../../arm-none-eabi/lib/thumb/v7-m/nofp\libc.a
END GROUP
LOAD d:/stm32cube/gcc-arm-none-eabi-10.3-2021.10-win32/gcc-arm-none-eabi-10.3-2021.10/bin/../lib/gcc/arm-none-eabi/10.3.1/thumb/v7-m/nofp/crtend.o
LOAD d:/stm32cube/gcc-arm-none-eabi-10.3-2021.10-win32/gcc-arm-none-eabi-10.3-2021.10/bin/../lib/gcc/arm-none-eabi/10.3.1/thumb/v7-m/nofp/crtn.o
                0x20005000                _estack = (ORIGIN (RAM) + LENGTH (RAM))
                0x00000200                _Min_Heap_Size = 0x200
                0x00000400                _Min_Stack_Size = 0x400

.isr_vector     0x08000000      0x10c
                0x08000000                . = ALIGN (0x4)
 *(.isr_vector)
 .isr_vector    0x08000000      0x10c CMakeFiles/STM32F1_demo.elf.dir/Core/Startup/startup_stm32f103c8tx.s.obj
                0x08000000                g_pfnVectors
                0x0800010c                . = ALIGN (0x4)

.text           0x08000110     0x3704
                0x08000110                . = ALIGN (0x4)
 *(.text)
 .text          0x08000110       0x40 d:/stm32cube/gcc-arm-none-eabi-10.3-2021.10-win32/gcc-arm-none-eabi-10.3-2021.10/bin/../lib/gcc/arm-none-eabi/10.3.1/thumb/v7-m/nofp/crtbegin.o
 .text          0x08000150       0xec d:/stm32cube/gcc-arm-none-eabi-10.3-2021.10-win32/gcc-arm-none-eabi-10.3-2021.10/bin/../lib/gcc/arm-none-eabi/10.3.1/../../../../arm-none-eabi/lib/thumb/v7-m/nofp\libg.a(lib_a-memcpy.o)
                0x08000150                memcpy
 *(.text*)
 .text.MX_GPIO_Init
                0x0800023c       0x20 CMakeFiles/STM32F1_demo.elf.dir/Core/Src/main.c.obj
 .text.StartDefaultTask
                0x0800025c        0xc CMakeFiles/STM32F1_demo.elf.dir/Core/Src/main.c.obj
                0x0800025c                StartDefaultTask
 .text.HAL_TIM_PeriodElapsedCallback
                0x08000268       0x18 CMakeFiles/STM32F1_demo.elf.dir/Core/Src/main.c.obj
                0x08000268                HAL_TIM_PeriodElapsedCallback
 .text.Error_Handler
                0x08000280        0x4 CMakeFiles/STM32F1_demo.elf.dir/Core/Src/main.c.obj
                0x08000280                Error_Handler
 .text.MX_SPI1_Init
                0x08000284       0x40 CMakeFiles/STM32F1_demo.elf.dir/Core/Src/main.c.obj
 .text.MX_USB_PCD_Init
                0x080002c4       0x30 CMakeFiles/STM32F1_demo.elf.dir/Core/Src/main.c.obj
 .text.SystemClock_Config
                0x080002f4       0x74 CMakeFiles/STM32F1_demo.elf.dir/Core/Src/main.c.obj
                0x080002f4                SystemClock_Config
 .text.main     0x08000368       0x3c CMakeFiles/STM32F1_demo.elf.dir/Core/Src/main.c.obj
                0x08000368                main
 .text.HAL_MspInit
                0x080003a4       0x40 CMakeFiles/STM32F1_demo.elf.dir/Core/Src/stm32f1xx_hal_msp.c.obj
                0x080003a4                HAL_MspInit
 .text.HAL_SPI_MspInit
                0x080003e4       0x64 CMakeFiles/STM32F1_demo.elf.dir/Core/Src/stm32f1xx_hal_msp.c.obj
                0x080003e4                HAL_SPI_MspInit
 .text.HAL_PCD_MspInit
                0x08000448       0x6c CMakeFiles/STM32F1_demo.elf.dir/Core/Src/stm32f1xx_hal_msp.c.obj
                0x08000448                HAL_PCD_MspInit
 .text.HAL_InitTick
                0x080004b4       0x94 CMakeFiles/STM32F1_demo.elf.dir/Core/Src/stm32f1xx_hal_timebase_tim.c.obj
                0x080004b4                HAL_InitTick
 .text.NMI_Handler
                0x08000548        0x2 CMakeFiles/STM32F1_demo.elf.dir/Core/Src/stm32f1xx_it.c.obj
                0x08000548                NMI_Handler
 .text.HardFault_Handler
                0x0800054a        0x2 CMakeFiles/STM32F1_demo.elf.dir/Core/Src/stm32f1xx_it.c.obj
                0x0800054a                HardFault_Handler
 .text.MemManage_Handler
                0x0800054c        0x2 CMakeFiles/STM32F1_demo.elf.dir/Core/Src/stm32f1xx_it.c.obj
                0x0800054c                MemManage_Handler
 .text.BusFault_Handler
                0x0800054e        0x2 CMakeFiles/STM32F1_demo.elf.dir/Core/Src/stm32f1xx_it.c.obj
                0x0800054e                BusFault_Handler
 .text.UsageFault_Handler
                0x08000550        0x2 CMakeFiles/STM32F1_demo.elf.dir/Core/Src/stm32f1xx_it.c.obj
                0x08000550                UsageFault_Handler
 .text.DebugMon_Handler
                0x08000552        0x2 CMakeFiles/STM32F1_demo.elf.dir/Core/Src/stm32f1xx_it.c.obj
                0x08000552                DebugMon_Handler
 .text.TIM1_UP_IRQHandler
                0x08000554       0x10 CMakeFiles/STM32F1_demo.elf.dir/Core/Src/stm32f1xx_it.c.obj
                0x08000554                TIM1_UP_IRQHandler
 .text.USBWakeUp_IRQHandler
                0x08000564       0x30 CMakeFiles/STM32F1_demo.elf.dir/Core/Src/stm32f1xx_it.c.obj
                0x08000564                USBWakeUp_IRQHandler
 .text._sbrk    0x08000594       0x48 CMakeFiles/STM32F1_demo.elf.dir/Core/Src/sysmem.c.obj
                0x08000594                _sbrk
 .text.SystemInit
                0x080005dc        0x2 CMakeFiles/STM32F1_demo.elf.dir/Core/Src/system_stm32f1xx.c.obj
                0x080005dc                SystemInit
 *fill*         0x080005de        0x2 
 .text.Reset_Handler
                0x080005e0       0x48 CMakeFiles/STM32F1_demo.elf.dir/Core/Startup/startup_stm32f103c8tx.s.obj
                0x080005e0                Reset_Handler
 .text.Default_Handler
                0x08000628        0x2 CMakeFiles/STM32F1_demo.elf.dir/Core/Startup/startup_stm32f103c8tx.s.obj
                0x08000628                RTC_Alarm_IRQHandler
                0x08000628                EXTI2_IRQHandler
                0x08000628                TIM1_CC_IRQHandler
                0x08000628                PVD_IRQHandler
                0x08000628                EXTI3_IRQHandler
                0x08000628                EXTI0_IRQHandler
                0x08000628                I2C2_EV_IRQHandler
                0x08000628                ADC1_2_IRQHandler
                0x08000628                SPI1_IRQHandler
                0x08000628                TAMPER_IRQHandler
                0x08000628                DMA1_Channel4_IRQHandler
                0x08000628                USART3_IRQHandler
                0x08000628                RTC_IRQHandler
                0x08000628                DMA1_Channel7_IRQHandler
                0x08000628                CAN1_RX1_IRQHandler
                0x08000628                TIM4_IRQHandler
                0x08000628                I2C1_EV_IRQHandler
                0x08000628                DMA1_Channel6_IRQHandler
                0x08000628                TIM3_IRQHandler
                0x08000628                RCC_IRQHandler
                0x08000628                TIM1_TRG_COM_IRQHandler
                0x08000628                DMA1_Channel1_IRQHandler
                0x08000628                Default_Handler
                0x08000628                EXTI15_10_IRQHandler
                0x08000628                EXTI9_5_IRQHandler
                0x08000628                SPI2_IRQHandler
                0x08000628                DMA1_Channel5_IRQHandler
                0x08000628                EXTI4_IRQHandler
                0x08000628                USB_LP_CAN1_RX0_IRQHandler
                0x08000628                USB_HP_CAN1_TX_IRQHandler
                0x08000628                DMA1_Channel3_IRQHandler
                0x08000628                WWDG_IRQHandler
                0x08000628                TIM2_IRQHandler
                0x08000628                TIM1_BRK_IRQHandler
                0x08000628                EXTI1_IRQHandler
                0x08000628                USART2_IRQHandler
                0x08000628                I2C2_ER_IRQHandler
                0x08000628                DMA1_Channel2_IRQHandler
                0x08000628                CAN1_SCE_IRQHandler
                0x08000628                FLASH_IRQHandler
                0x08000628                USART1_IRQHandler
                0x08000628                I2C1_ER_IRQHandler
 *fill*         0x0800062a        0x2 
 .text.HAL_Init
                0x0800062c       0x24 CMakeFiles/STM32F1_demo.elf.dir/Drivers/STM32F1xx_HAL_Driver/Src/stm32f1xx_hal.c.obj
                0x0800062c                HAL_Init
 .text.HAL_IncTick
                0x08000650       0x18 CMakeFiles/STM32F1_demo.elf.dir/Drivers/STM32F1xx_HAL_Driver/Src/stm32f1xx_hal.c.obj
                0x08000650                HAL_IncTick
 .text.HAL_GetTick
                0x08000668        0xc CMakeFiles/STM32F1_demo.elf.dir/Drivers/STM32F1xx_HAL_Driver/Src/stm32f1xx_hal.c.obj
                0x08000668                HAL_GetTick
 .text.HAL_NVIC_SetPriorityGrouping
                0x08000674       0x24 CMakeFiles/STM32F1_demo.elf.dir/Drivers/STM32F1xx_HAL_Driver/Src/stm32f1xx_hal_cortex.c.obj
                0x08000674                HAL_NVIC_SetPriorityGrouping
 .text.HAL_NVIC_SetPriority
                0x08000698       0x70 CMakeFiles/STM32F1_demo.elf.dir/Drivers/STM32F1xx_HAL_Driver/Src/stm32f1xx_hal_cortex.c.obj
                0x08000698                HAL_NVIC_SetPriority
 .text.HAL_NVIC_EnableIRQ
                0x08000708       0x1c CMakeFiles/STM32F1_demo.elf.dir/Drivers/STM32F1xx_HAL_Driver/Src/stm32f1xx_hal_cortex.c.obj
                0x08000708                HAL_NVIC_EnableIRQ
 .text.HAL_GPIO_Init
                0x08000724      0x224 CMakeFiles/STM32F1_demo.elf.dir/Drivers/STM32F1xx_HAL_Driver/Src/stm32f1xx_hal_gpio.c.obj
                0x08000724                HAL_GPIO_Init
 .text.HAL_PCD_Init
                0x08000948      0x118 CMakeFiles/STM32F1_demo.elf.dir/Drivers/STM32F1xx_HAL_Driver/Src/stm32f1xx_hal_pcd.c.obj
                0x08000948                HAL_PCD_Init
 .text.RCC_Delay
                0x08000a60       0x2c CMakeFiles/STM32F1_demo.elf.dir/Drivers/STM32F1xx_HAL_Driver/Src/stm32f1xx_hal_rcc.c.obj
 .text.HAL_RCC_OscConfig
                0x08000a8c      0x410 CMakeFiles/STM32F1_demo.elf.dir/Drivers/STM32F1xx_HAL_Driver/Src/stm32f1xx_hal_rcc.c.obj
                0x08000a8c                HAL_RCC_OscConfig
 .text.HAL_RCC_GetSysClockFreq
                0x08000e9c       0x70 CMakeFiles/STM32F1_demo.elf.dir/Drivers/STM32F1xx_HAL_Driver/Src/stm32f1xx_hal_rcc.c.obj
                0x08000e9c                HAL_RCC_GetSysClockFreq
 .text.HAL_RCC_ClockConfig
                0x08000f0c      0x16c CMakeFiles/STM32F1_demo.elf.dir/Drivers/STM32F1xx_HAL_Driver/Src/stm32f1xx_hal_rcc.c.obj
                0x08000f0c                HAL_RCC_ClockConfig
 .text.HAL_RCC_GetHCLKFreq
                0x08001078        0xc CMakeFiles/STM32F1_demo.elf.dir/Drivers/STM32F1xx_HAL_Driver/Src/stm32f1xx_hal_rcc.c.obj
                0x08001078                HAL_RCC_GetHCLKFreq
 .text.HAL_RCC_GetPCLK2Freq
                0x08001084       0x20 CMakeFiles/STM32F1_demo.elf.dir/Drivers/STM32F1xx_HAL_Driver/Src/stm32f1xx_hal_rcc.c.obj
                0x08001084                HAL_RCC_GetPCLK2Freq
 .text.HAL_RCC_GetClockConfig
                0x080010a4       0x3c CMakeFiles/STM32F1_demo.elf.dir/Drivers/STM32F1xx_HAL_Driver/Src/stm32f1xx_hal_rcc.c.obj
                0x080010a4                HAL_RCC_GetClockConfig
 .text.HAL_RCCEx_PeriphCLKConfig
                0x080010e0      0x118 CMakeFiles/STM32F1_demo.elf.dir/Drivers/STM32F1xx_HAL_Driver/Src/stm32f1xx_hal_rcc_ex.c.obj
                0x080010e0                HAL_RCCEx_PeriphCLKConfig
 .text.HAL_SPI_Init
                0x080011f8       0xb6 CMakeFiles/STM32F1_demo.elf.dir/Drivers/STM32F1xx_HAL_Driver/Src/stm32f1xx_hal_spi.c.obj
                0x080011f8                HAL_SPI_Init
 .text.HAL_TIM_Base_MspInit
                0x080012ae        0x2 CMakeFiles/STM32F1_demo.elf.dir/Drivers/STM32F1xx_HAL_Driver/Src/stm32f1xx_hal_tim.c.obj
                0x080012ae                HAL_TIM_Base_MspInit
 .text.HAL_TIM_Base_Start_IT
                0x080012b0       0x68 CMakeFiles/STM32F1_demo.elf.dir/Drivers/STM32F1xx_HAL_Driver/Src/stm32f1xx_hal_tim.c.obj
                0x080012b0                HAL_TIM_Base_Start_IT
 .text.HAL_TIM_OC_DelayElapsedCallback
                0x08001318        0x2 CMakeFiles/STM32F1_demo.elf.dir/Drivers/STM32F1xx_HAL_Driver/Src/stm32f1xx_hal_tim.c.obj
                0x08001318                HAL_TIM_OC_DelayElapsedCallback
 .text.HAL_TIM_IC_CaptureCallback
                0x0800131a        0x2 CMakeFiles/STM32F1_demo.elf.dir/Drivers/STM32F1xx_HAL_Driver/Src/stm32f1xx_hal_tim.c.obj
                0x0800131a                HAL_TIM_IC_CaptureCallback
 .text.HAL_TIM_PWM_PulseFinishedCallback
                0x0800131c        0x2 CMakeFiles/STM32F1_demo.elf.dir/Drivers/STM32F1xx_HAL_Driver/Src/stm32f1xx_hal_tim.c.obj
                0x0800131c                HAL_TIM_PWM_PulseFinishedCallback
 .text.HAL_TIM_TriggerCallback
                0x0800131e        0x2 CMakeFiles/STM32F1_demo.elf.dir/Drivers/STM32F1xx_HAL_Driver/Src/stm32f1xx_hal_tim.c.obj
                0x0800131e                HAL_TIM_TriggerCallback
 .text.HAL_TIM_IRQHandler
                0x08001320      0x17a CMakeFiles/STM32F1_demo.elf.dir/Drivers/STM32F1xx_HAL_Driver/Src/stm32f1xx_hal_tim.c.obj
                0x08001320                HAL_TIM_IRQHandler
 *fill*         0x0800149a        0x2 
 .text.TIM_Base_SetConfig
                0x0800149c       0x74 CMakeFiles/STM32F1_demo.elf.dir/Drivers/STM32F1xx_HAL_Driver/Src/stm32f1xx_hal_tim.c.obj
                0x0800149c                TIM_Base_SetConfig
 .text.HAL_TIM_Base_Init
                0x08001510       0x58 CMakeFiles/STM32F1_demo.elf.dir/Drivers/STM32F1xx_HAL_Driver/Src/stm32f1xx_hal_tim.c.obj
                0x08001510                HAL_TIM_Base_Init
 .text.HAL_TIMEx_CommutCallback
                0x08001568        0x2 CMakeFiles/STM32F1_demo.elf.dir/Drivers/STM32F1xx_HAL_Driver/Src/stm32f1xx_hal_tim_ex.c.obj
                0x08001568                HAL_TIMEx_CommutCallback
 .text.HAL_TIMEx_BreakCallback
                0x0800156a        0x2 CMakeFiles/STM32F1_demo.elf.dir/Drivers/STM32F1xx_HAL_Driver/Src/stm32f1xx_hal_tim_ex.c.obj
                0x0800156a                HAL_TIMEx_BreakCallback
 .text.USB_CoreInit
                0x0800156c        0xe CMakeFiles/STM32F1_demo.elf.dir/Drivers/STM32F1xx_HAL_Driver/Src/stm32f1xx_ll_usb.c.obj
                0x0800156c                USB_CoreInit
 .text.USB_DisableGlobalInt
                0x0800157a       0x14 CMakeFiles/STM32F1_demo.elf.dir/Drivers/STM32F1xx_HAL_Driver/Src/stm32f1xx_ll_usb.c.obj
                0x0800157a                USB_DisableGlobalInt
 .text.USB_SetCurrentMode
                0x0800158e        0x4 CMakeFiles/STM32F1_demo.elf.dir/Drivers/STM32F1xx_HAL_Driver/Src/stm32f1xx_ll_usb.c.obj
                0x0800158e                USB_SetCurrentMode
 .text.USB_DevInit
                0x08001592       0x22 CMakeFiles/STM32F1_demo.elf.dir/Drivers/STM32F1xx_HAL_Driver/Src/stm32f1xx_ll_usb.c.obj
                0x08001592                USB_DevInit
 .text.USB_DevDisconnect
                0x080015b4        0x4 CMakeFiles/STM32F1_demo.elf.dir/Drivers/STM32F1xx_HAL_Driver/Src/stm32f1xx_ll_usb.c.obj
                0x080015b4                USB_DevDisconnect
 .text.osKernelInitialize
                0x080015b8       0x44 CMakeFiles/STM32F1_demo.elf.dir/Middlewares/Third_Party/FreeRTOS/Source/CMSIS_RTOS_V2/cmsis_os2.c.obj
                0x080015b8                osKernelInitialize
 .text.osKernelStart
                0x080015fc       0x4c CMakeFiles/STM32F1_demo.elf.dir/Middlewares/Third_Party/FreeRTOS/Source/CMSIS_RTOS_V2/cmsis_os2.c.obj
                0x080015fc                osKernelStart
 .text.osThreadNew
                0x08001648       0xf0 CMakeFiles/STM32F1_demo.elf.dir/Middlewares/Third_Party/FreeRTOS/Source/CMSIS_RTOS_V2/cmsis_os2.c.obj
                0x08001648                osThreadNew
 .text.osDelay  0x08001738       0x44 CMakeFiles/STM32F1_demo.elf.dir/Middlewares/Third_Party/FreeRTOS/Source/CMSIS_RTOS_V2/cmsis_os2.c.obj
                0x08001738                osDelay
 .text.vApplicationGetIdleTaskMemory
                0x0800177c       0x18 CMakeFiles/STM32F1_demo.elf.dir/Middlewares/Third_Party/FreeRTOS/Source/CMSIS_RTOS_V2/cmsis_os2.c.obj
                0x0800177c                vApplicationGetIdleTaskMemory
 .text.vApplicationGetTimerTaskMemory
                0x08001794       0x18 CMakeFiles/STM32F1_demo.elf.dir/Middlewares/Third_Party/FreeRTOS/Source/CMSIS_RTOS_V2/cmsis_os2.c.obj
                0x08001794                vApplicationGetTimerTaskMemory
 .text.vListInitialise
                0x080017ac       0x16 CMakeFiles/STM32F1_demo.elf.dir/Middlewares/Third_Party/FreeRTOS/Source/list.c.obj
                0x080017ac                vListInitialise
 .text.vListInitialiseItem
                0x080017c2        0x6 CMakeFiles/STM32F1_demo.elf.dir/Middlewares/Third_Party/FreeRTOS/Source/list.c.obj
                0x080017c2                vListInitialiseItem
 .text.vListInsertEnd
                0x080017c8       0x16 CMakeFiles/STM32F1_demo.elf.dir/Middlewares/Third_Party/FreeRTOS/Source/list.c.obj
                0x080017c8                vListInsertEnd
 .text.vListInsert
                0x080017de       0x32 CMakeFiles/STM32F1_demo.elf.dir/Middlewares/Third_Party/FreeRTOS/Source/list.c.obj
                0x080017de                vListInsert
 .text.uxListRemove
                0x08001810       0x26 CMakeFiles/STM32F1_demo.elf.dir/Middlewares/Third_Party/FreeRTOS/Source/list.c.obj
                0x08001810                uxListRemove
 *fill*         0x08001836        0x2 
 .text.prvTaskExitError
                0x08001838       0x40 CMakeFiles/STM32F1_demo.elf.dir/Middlewares/Third_Party/FreeRTOS/Source/portable/GCC/ARM_CM3/port.c.obj
 .text.prvPortStartFirstTask
                0x08001878       0x20 CMakeFiles/STM32F1_demo.elf.dir/Middlewares/Third_Party/FreeRTOS/Source/portable/GCC/ARM_CM3/port.c.obj
 .text.pxPortInitialiseStack
                0x08001898       0x24 CMakeFiles/STM32F1_demo.elf.dir/Middlewares/Third_Party/FreeRTOS/Source/portable/GCC/ARM_CM3/port.c.obj
                0x08001898                pxPortInitialiseStack
 *fill*         0x080018bc        0x4 
 .text.SVC_Handler
                0x080018c0       0x24 CMakeFiles/STM32F1_demo.elf.dir/Middlewares/Third_Party/FreeRTOS/Source/portable/GCC/ARM_CM3/port.c.obj
                0x080018c0                SVC_Handler
 .text.vPortEnterCritical
                0x080018e4       0x44 CMakeFiles/STM32F1_demo.elf.dir/Middlewares/Third_Party/FreeRTOS/Source/portable/GCC/ARM_CM3/port.c.obj
                0x080018e4                vPortEnterCritical
 .text.vPortExitCritical
                0x08001928       0x2c CMakeFiles/STM32F1_demo.elf.dir/Middlewares/Third_Party/FreeRTOS/Source/portable/GCC/ARM_CM3/port.c.obj
                0x08001928                vPortExitCritical
 *fill*         0x08001954        0xc 
 .text.PendSV_Handler
                0x08001960       0x44 CMakeFiles/STM32F1_demo.elf.dir/Middlewares/Third_Party/FreeRTOS/Source/portable/GCC/ARM_CM3/port.c.obj
                0x08001960                PendSV_Handler
 .text.SysTick_Handler
                0x080019a4       0x2c CMakeFiles/STM32F1_demo.elf.dir/Middlewares/Third_Party/FreeRTOS/Source/portable/GCC/ARM_CM3/port.c.obj
                0x080019a4                SysTick_Handler
 .text.vPortSetupTimerInterrupt
                0x080019d0       0x28 CMakeFiles/STM32F1_demo.elf.dir/Middlewares/Third_Party/FreeRTOS/Source/portable/GCC/ARM_CM3/port.c.obj
                0x080019d0                vPortSetupTimerInterrupt
 .text.xPortStartScheduler
                0x080019f8       0xc0 CMakeFiles/STM32F1_demo.elf.dir/Middlewares/Third_Party/FreeRTOS/Source/portable/GCC/ARM_CM3/port.c.obj
                0x080019f8                xPortStartScheduler
 .text.vPortValidateInterruptPriority
                0x08001ab8       0x5c CMakeFiles/STM32F1_demo.elf.dir/Middlewares/Third_Party/FreeRTOS/Source/portable/GCC/ARM_CM3/port.c.obj
                0x08001ab8                vPortValidateInterruptPriority
 .text.prvHeapInit
                0x08001b14       0x64 CMakeFiles/STM32F1_demo.elf.dir/Middlewares/Third_Party/FreeRTOS/Source/portable/MemMang/heap_4.c.obj
 .text.prvInsertBlockIntoFreeList
                0x08001b78       0x60 CMakeFiles/STM32F1_demo.elf.dir/Middlewares/Third_Party/FreeRTOS/Source/portable/MemMang/heap_4.c.obj
 .text.pvPortMalloc
                0x08001bd8       0xf0 CMakeFiles/STM32F1_demo.elf.dir/Middlewares/Third_Party/FreeRTOS/Source/portable/MemMang/heap_4.c.obj
                0x08001bd8                pvPortMalloc
 .text.vPortFree
                0x08001cc8       0x70 CMakeFiles/STM32F1_demo.elf.dir/Middlewares/Third_Party/FreeRTOS/Source/portable/MemMang/heap_4.c.obj
                0x08001cc8                vPortFree
 .text.prvIsQueueFull
                0x08001d38       0x1e CMakeFiles/STM32F1_demo.elf.dir/Middlewares/Third_Party/FreeRTOS/Source/queue.c.obj
 .text.prvIsQueueEmpty
                0x08001d56       0x1a CMakeFiles/STM32F1_demo.elf.dir/Middlewares/Third_Party/FreeRTOS/Source/queue.c.obj
 .text.prvCopyDataToQueue
                0x08001d70       0x76 CMakeFiles/STM32F1_demo.elf.dir/Middlewares/Third_Party/FreeRTOS/Source/queue.c.obj
 .text.prvCopyDataFromQueue
                0x08001de6       0x24 CMakeFiles/STM32F1_demo.elf.dir/Middlewares/Third_Party/FreeRTOS/Source/queue.c.obj
 .text.prvUnlockQueue
                0x08001e0a       0x6e CMakeFiles/STM32F1_demo.elf.dir/Middlewares/Third_Party/FreeRTOS/Source/queue.c.obj
 .text.xQueueGenericReset
                0x08001e78       0x84 CMakeFiles/STM32F1_demo.elf.dir/Middlewares/Third_Party/FreeRTOS/Source/queue.c.obj
                0x08001e78                xQueueGenericReset
 .text.prvInitialiseNewQueue
                0x08001efc       0x22 CMakeFiles/STM32F1_demo.elf.dir/Middlewares/Third_Party/FreeRTOS/Source/queue.c.obj
 .text.xQueueGenericCreateStatic
                0x08001f1e       0x92 CMakeFiles/STM32F1_demo.elf.dir/Middlewares/Third_Party/FreeRTOS/Source/queue.c.obj
                0x08001f1e                xQueueGenericCreateStatic
 .text.xQueueGenericSend
                0x08001fb0      0x188 CMakeFiles/STM32F1_demo.elf.dir/Middlewares/Third_Party/FreeRTOS/Source/queue.c.obj
                0x08001fb0                xQueueGenericSend
 .text.xQueueGenericSendFromISR
                0x08002138       0xcc CMakeFiles/STM32F1_demo.elf.dir/Middlewares/Third_Party/FreeRTOS/Source/queue.c.obj
                0x08002138                xQueueGenericSendFromISR
 .text.xQueueReceive
                0x08002204      0x15e CMakeFiles/STM32F1_demo.elf.dir/Middlewares/Third_Party/FreeRTOS/Source/queue.c.obj
                0x08002204                xQueueReceive
 *fill*         0x08002362        0x2 
 .text.vQueueAddToRegistry
                0x08002364       0x28 CMakeFiles/STM32F1_demo.elf.dir/Middlewares/Third_Party/FreeRTOS/Source/queue.c.obj
                0x08002364                vQueueAddToRegistry
 .text.vQueueWaitForMessageRestricted
                0x0800238c       0x52 CMakeFiles/STM32F1_demo.elf.dir/Middlewares/Third_Party/FreeRTOS/Source/queue.c.obj
                0x0800238c                vQueueWaitForMessageRestricted
 *fill*         0x080023de        0x2 
 .text.prvResetNextTaskUnblockTime
                0x080023e0       0x2c CMakeFiles/STM32F1_demo.elf.dir/Middlewares/Third_Party/FreeRTOS/Source/tasks.c.obj
 .text.prvInitialiseNewTask
                0x0800240c       0xfa CMakeFiles/STM32F1_demo.elf.dir/Middlewares/Third_Party/FreeRTOS/Source/tasks.c.obj
 *fill*         0x08002506        0x2 
 .text.prvInitialiseTaskLists
                0x08002508       0x68 CMakeFiles/STM32F1_demo.elf.dir/Middlewares/Third_Party/FreeRTOS/Source/tasks.c.obj
 .text.prvAddNewTaskToReadyList
                0x08002570       0xac CMakeFiles/STM32F1_demo.elf.dir/Middlewares/Third_Party/FreeRTOS/Source/tasks.c.obj
 .text.prvDeleteTCB
                0x0800261c       0x40 CMakeFiles/STM32F1_demo.elf.dir/Middlewares/Third_Party/FreeRTOS/Source/tasks.c.obj
 .text.prvCheckTasksWaitingTermination
                0x0800265c       0x4c CMakeFiles/STM32F1_demo.elf.dir/Middlewares/Third_Party/FreeRTOS/Source/tasks.c.obj
 .text.prvIdleTask
                0x080026a8       0x28 CMakeFiles/STM32F1_demo.elf.dir/Middlewares/Third_Party/FreeRTOS/Source/tasks.c.obj
 .text.prvAddCurrentTaskToDelayedList
                0x080026d0       0x7c CMakeFiles/STM32F1_demo.elf.dir/Middlewares/Third_Party/FreeRTOS/Source/tasks.c.obj
 .text.xTaskCreateStatic
                0x0800274c       0x78 CMakeFiles/STM32F1_demo.elf.dir/Middlewares/Third_Party/FreeRTOS/Source/tasks.c.obj
                0x0800274c                xTaskCreateStatic
 .text.xTaskCreate
                0x080027c4       0x6a CMakeFiles/STM32F1_demo.elf.dir/Middlewares/Third_Party/FreeRTOS/Source/tasks.c.obj
                0x080027c4                xTaskCreate
 *fill*         0x0800282e        0x2 
 .text.vTaskStartScheduler
                0x08002830       0xac CMakeFiles/STM32F1_demo.elf.dir/Middlewares/Third_Party/FreeRTOS/Source/tasks.c.obj
                0x08002830                vTaskStartScheduler
 .text.vTaskSuspendAll
                0x080028dc       0x10 CMakeFiles/STM32F1_demo.elf.dir/Middlewares/Third_Party/FreeRTOS/Source/tasks.c.obj
                0x080028dc                vTaskSuspendAll
 .text.xTaskGetTickCount
                0x080028ec        0xc CMakeFiles/STM32F1_demo.elf.dir/Middlewares/Third_Party/FreeRTOS/Source/tasks.c.obj
                0x080028ec                xTaskGetTickCount
 .text.xTaskIncrementTick
                0x080028f8      0x118 CMakeFiles/STM32F1_demo.elf.dir/Middlewares/Third_Party/FreeRTOS/Source/tasks.c.obj
                0x080028f8                xTaskIncrementTick
 .text.xTaskResumeAll
                0x08002a10       0xf8 CMakeFiles/STM32F1_demo.elf.dir/Middlewares/Third_Party/FreeRTOS/Source/tasks.c.obj
                0x08002a10                xTaskResumeAll
 .text.vTaskDelay
                0x08002b08       0x4c CMakeFiles/STM32F1_demo.elf.dir/Middlewares/Third_Party/FreeRTOS/Source/tasks.c.obj
                0x08002b08                vTaskDelay
 .text.vTaskSwitchContext
                0x08002b54       0xa0 CMakeFiles/STM32F1_demo.elf.dir/Middlewares/Third_Party/FreeRTOS/Source/tasks.c.obj
                0x08002b54                vTaskSwitchContext
 .text.vTaskPlaceOnEventList
                0x08002bf4       0x30 CMakeFiles/STM32F1_demo.elf.dir/Middlewares/Third_Party/FreeRTOS/Source/tasks.c.obj
                0x08002bf4                vTaskPlaceOnEventList
 .text.vTaskPlaceOnEventListRestricted
                0x08002c24       0x38 CMakeFiles/STM32F1_demo.elf.dir/Middlewares/Third_Party/FreeRTOS/Source/tasks.c.obj
                0x08002c24                vTaskPlaceOnEventListRestricted
 .text.xTaskRemoveFromEventList
                0x08002c5c       0x8c CMakeFiles/STM32F1_demo.elf.dir/Middlewares/Third_Party/FreeRTOS/Source/tasks.c.obj
                0x08002c5c                xTaskRemoveFromEventList
 .text.vTaskInternalSetTimeOutState
                0x08002ce8       0x18 CMakeFiles/STM32F1_demo.elf.dir/Middlewares/Third_Party/FreeRTOS/Source/tasks.c.obj
                0x08002ce8                vTaskInternalSetTimeOutState
 .text.xTaskCheckForTimeOut
                0x08002d00       0x84 CMakeFiles/STM32F1_demo.elf.dir/Middlewares/Third_Party/FreeRTOS/Source/tasks.c.obj
                0x08002d00                xTaskCheckForTimeOut
 .text.vTaskMissedYield
                0x08002d84        0xc CMakeFiles/STM32F1_demo.elf.dir/Middlewares/Third_Party/FreeRTOS/Source/tasks.c.obj
                0x08002d84                vTaskMissedYield
 .text.xTaskGetSchedulerState
                0x08002d90       0x20 CMakeFiles/STM32F1_demo.elf.dir/Middlewares/Third_Party/FreeRTOS/Source/tasks.c.obj
                0x08002d90                xTaskGetSchedulerState
 .text.xTaskPriorityDisinherit
                0x08002db0       0x90 CMakeFiles/STM32F1_demo.elf.dir/Middlewares/Third_Party/FreeRTOS/Source/tasks.c.obj
                0x08002db0                xTaskPriorityDisinherit
 .text.prvGetNextExpireTime
                0x08002e40       0x20 CMakeFiles/STM32F1_demo.elf.dir/Middlewares/Third_Party/FreeRTOS/Source/timers.c.obj
 .text.prvInsertTimerInActiveList
                0x08002e60       0x48 CMakeFiles/STM32F1_demo.elf.dir/Middlewares/Third_Party/FreeRTOS/Source/timers.c.obj
 .text.prvCheckForValidListAndQueue
                0x08002ea8       0x70 CMakeFiles/STM32F1_demo.elf.dir/Middlewares/Third_Party/FreeRTOS/Source/timers.c.obj
 .text.xTimerCreateTimerTask
                0x08002f18       0x64 CMakeFiles/STM32F1_demo.elf.dir/Middlewares/Third_Party/FreeRTOS/Source/timers.c.obj
                0x08002f18                xTimerCreateTimerTask
 .text.xTimerGenericCommand
                0x08002f7c       0x6c CMakeFiles/STM32F1_demo.elf.dir/Middlewares/Third_Party/FreeRTOS/Source/timers.c.obj
                0x08002f7c                xTimerGenericCommand
 .text.prvSwitchTimerLists
                0x08002fe8       0x78 CMakeFiles/STM32F1_demo.elf.dir/Middlewares/Third_Party/FreeRTOS/Source/timers.c.obj
 .text.prvSampleTimeNow
                0x08003060       0x2c CMakeFiles/STM32F1_demo.elf.dir/Middlewares/Third_Party/FreeRTOS/Source/timers.c.obj
 .text.prvProcessExpiredTimer
                0x0800308c       0x60 CMakeFiles/STM32F1_demo.elf.dir/Middlewares/Third_Party/FreeRTOS/Source/timers.c.obj
 .text.prvProcessTimerOrBlockTask
                0x080030ec       0x74 CMakeFiles/STM32F1_demo.elf.dir/Middlewares/Third_Party/FreeRTOS/Source/timers.c.obj
 .text.prvProcessReceivedCommands
                0x08003160       0xf8 CMakeFiles/STM32F1_demo.elf.dir/Middlewares/Third_Party/FreeRTOS/Source/timers.c.obj
 .text.prvTimerTask
                0x08003258       0x16 CMakeFiles/STM32F1_demo.elf.dir/Middlewares/Third_Party/FreeRTOS/Source/timers.c.obj
 *fill*         0x0800326e        0x2 
 .text.__errno  0x08003270        0xc d:/stm32cube/gcc-arm-none-eabi-10.3-2021.10-win32/gcc-arm-none-eabi-10.3-2021.10/bin/../lib/gcc/arm-none-eabi/10.3.1/../../../../arm-none-eabi/lib/thumb/v7-m/nofp\libg.a(lib_a-errno.o)
                0x08003270                __errno
 .text.__libc_init_array
                0x0800327c       0x48 d:/stm32cube/gcc-arm-none-eabi-10.3-2021.10-win32/gcc-arm-none-eabi-10.3-2021.10/bin/../lib/gcc/arm-none-eabi/10.3.1/../../../../arm-none-eabi/lib/thumb/v7-m/nofp\libg.a(lib_a-init.o)
                0x0800327c                __libc_init_array
 .text.memset   0x080032c4       0xa4 d:/stm32cube/gcc-arm-none-eabi-10.3-2021.10-win32/gcc-arm-none-eabi-10.3-2021.10/bin/../lib/gcc/arm-none-eabi/10.3.1/../../../../arm-none-eabi/lib/thumb/v7-m/nofp\libg.a(lib_a-memset.o)
                0x080032c4                memset
 .text.cleanup_glue
                0x08003368       0x48 d:/stm32cube/gcc-arm-none-eabi-10.3-2021.10-win32/gcc-arm-none-eabi-10.3-2021.10/bin/../lib/gcc/arm-none-eabi/10.3.1/../../../../arm-none-eabi/lib/thumb/v7-m/nofp\libg.a(lib_a-reent.o)
                0x08003368                cleanup_glue
 .text._reclaim_reent
                0x080033b0       0x90 d:/stm32cube/gcc-arm-none-eabi-10.3-2021.10-win32/gcc-arm-none-eabi-10.3-2021.10/bin/../lib/gcc/arm-none-eabi/10.3.1/../../../../arm-none-eabi/lib/thumb/v7-m/nofp\libg.a(lib_a-reent.o)
                0x080033b0                _reclaim_reent
 .text.startup.register_fini
                0x08003440       0x14 d:/stm32cube/gcc-arm-none-eabi-10.3-2021.10-win32/gcc-arm-none-eabi-10.3-2021.10/bin/../lib/gcc/arm-none-eabi/10.3.1/../../../../arm-none-eabi/lib/thumb/v7-m/nofp\libg.a(lib_a-__call_atexit.o)
 .text.atexit   0x08003454        0xc d:/stm32cube/gcc-arm-none-eabi-10.3-2021.10-win32/gcc-arm-none-eabi-10.3-2021.10/bin/../lib/gcc/arm-none-eabi/10.3.1/../../../../arm-none-eabi/lib/thumb/v7-m/nofp\libg.a(lib_a-atexit.o)
                0x08003454                atexit
 .text.__libc_fini_array
                0x08003460       0x2c d:/stm32cube/gcc-arm-none-eabi-10.3-2021.10-win32/gcc-arm-none-eabi-10.3-2021.10/bin/../lib/gcc/arm-none-eabi/10.3.1/../../../../arm-none-eabi/lib/thumb/v7-m/nofp\libg.a(lib_a-fini.o)
                0x08003460                __libc_fini_array
 .text._malloc_trim_r
                0x0800348c       0xa0 d:/stm32cube/gcc-arm-none-eabi-10.3-2021.10-win32/gcc-arm-none-eabi-10.3-2021.10/bin/../lib/gcc/arm-none-eabi/10.3.1/../../../../arm-none-eabi/lib/thumb/v7-m/nofp\libg.a(lib_a-freer.o)
                0x0800348c                _malloc_trim_r
 .text._free_r  0x0800352c      0x200 d:/stm32cube/gcc-arm-none-eabi-10.3-2021.10-win32/gcc-arm-none-eabi-10.3-2021.10/bin/../lib/gcc/arm-none-eabi/10.3.1/../../../../arm-none-eabi/lib/thumb/v7-m/nofp\libg.a(lib_a-freer.o)
                0x0800352c                _free_r
 .text.__retarget_lock_acquire_recursive
                0x0800372c        0x4 d:/stm32cube/gcc-arm-none-eabi-10.3-2021.10-win32/gcc-arm-none-eabi-10.3-2021.10/bin/../lib/gcc/arm-none-eabi/10.3.1/../../../../arm-none-eabi/lib/thumb/v7-m/nofp\libg.a(lib_a-lock.o)
                0x0800372c                __retarget_lock_acquire_recursive
 .text.__retarget_lock_release_recursive
                0x08003730        0x4 d:/stm32cube/gcc-arm-none-eabi-10.3-2021.10-win32/gcc-arm-none-eabi-10.3-2021.10/bin/../lib/gcc/arm-none-eabi/10.3.1/../../../../arm-none-eabi/lib/thumb/v7-m/nofp\libg.a(lib_a-lock.o)
                0x08003730                __retarget_lock_release_recursive
 .text.__malloc_lock
                0x08003734        0xc d:/stm32cube/gcc-arm-none-eabi-10.3-2021.10-win32/gcc-arm-none-eabi-10.3-2021.10/bin/../lib/gcc/arm-none-eabi/10.3.1/../../../../arm-none-eabi/lib/thumb/v7-m/nofp\libg.a(lib_a-mlock.o)
                0x08003734                __malloc_lock
 .text.__malloc_unlock
                0x08003740        0xc d:/stm32cube/gcc-arm-none-eabi-10.3-2021.10-win32/gcc-arm-none-eabi-10.3-2021.10/bin/../lib/gcc/arm-none-eabi/10.3.1/../../../../arm-none-eabi/lib/thumb/v7-m/nofp\libg.a(lib_a-mlock.o)
                0x08003740                __malloc_unlock
 .text._sbrk_r  0x0800374c       0x24 d:/stm32cube/gcc-arm-none-eabi-10.3-2021.10-win32/gcc-arm-none-eabi-10.3-2021.10/bin/../lib/gcc/arm-none-eabi/10.3.1/../../../../arm-none-eabi/lib/thumb/v7-m/nofp\libg.a(lib_a-sbrkr.o)
                0x0800374c                _sbrk_r
 .text.__register_exitproc
                0x08003770       0x8c d:/stm32cube/gcc-arm-none-eabi-10.3-2021.10-win32/gcc-arm-none-eabi-10.3-2021.10/bin/../lib/gcc/arm-none-eabi/10.3.1/../../../../arm-none-eabi/lib/thumb/v7-m/nofp\libg.a(lib_a-__atexit.o)
                0x08003770                __register_exitproc
 *(.glue_7)
 .glue_7        0x080037fc        0x0 linker stubs
 *(.glue_7t)
 .glue_7t       0x080037fc        0x0 linker stubs
 *(.eh_frame)
 .eh_frame      0x080037fc        0x0 d:/stm32cube/gcc-arm-none-eabi-10.3-2021.10-win32/gcc-arm-none-eabi-10.3-2021.10/bin/../lib/gcc/arm-none-eabi/10.3.1/thumb/v7-m/nofp/crtbegin.o
 *(.init)
 .init          0x080037fc        0x4 d:/stm32cube/gcc-arm-none-eabi-10.3-2021.10-win32/gcc-arm-none-eabi-10.3-2021.10/bin/../lib/gcc/arm-none-eabi/10.3.1/thumb/v7-m/nofp/crti.o
                0x080037fc                _init
 .init          0x08003800        0x8 d:/stm32cube/gcc-arm-none-eabi-10.3-2021.10-win32/gcc-arm-none-eabi-10.3-2021.10/bin/../lib/gcc/arm-none-eabi/10.3.1/thumb/v7-m/nofp/crtn.o
 *(.fini)
 .fini          0x08003808        0x4 d:/stm32cube/gcc-arm-none-eabi-10.3-2021.10-win32/gcc-arm-none-eabi-10.3-2021.10/bin/../lib/gcc/arm-none-eabi/10.3.1/thumb/v7-m/nofp/crti.o
                0x08003808                _fini
 .fini          0x0800380c        0x8 d:/stm32cube/gcc-arm-none-eabi-10.3-2021.10-win32/gcc-arm-none-eabi-10.3-2021.10/bin/../lib/gcc/arm-none-eabi/10.3.1/thumb/v7-m/nofp/crtn.o
                0x08003814                . = ALIGN (0x4)
                0x08003814                _etext = .

.vfp11_veneer   0x08003814        0x0
 .vfp11_veneer  0x08003814        0x0 linker stubs

.v4_bx          0x08003814        0x0
 .v4_bx         0x08003814        0x0 linker stubs

.iplt           0x08003814        0x0
 .iplt          0x08003814        0x0 d:/stm32cube/gcc-arm-none-eabi-10.3-2021.10-win32/gcc-arm-none-eabi-10.3-2021.10/bin/../lib/gcc/arm-none-eabi/10.3.1/thumb/v7-m/nofp/crtbegin.o

.rodata         0x08003814       0x78
                0x08003814                . = ALIGN (0x4)
 *(.rodata)
 *(.rodata*)
 .rodata.str1.4
                0x08003814        0xc CMakeFiles/STM32F1_demo.elf.dir/Core/Src/main.c.obj
 .rodata.defaultTask_attributes
                0x08003820       0x24 CMakeFiles/STM32F1_demo.elf.dir/Core/Src/main.c.obj
                0x08003820                defaultTask_attributes
 .rodata.AHBPrescTable
                0x08003844       0x10 CMakeFiles/STM32F1_demo.elf.dir/Core/Src/system_stm32f1xx.c.obj
                0x08003844                AHBPrescTable
 .rodata.APBPrescTable
                0x08003854        0x8 CMakeFiles/STM32F1_demo.elf.dir/Core/Src/system_stm32f1xx.c.obj
                0x08003854                APBPrescTable
 .rodata.HAL_RCC_GetSysClockFreq.str1.4
                0x0800385c       0x11 CMakeFiles/STM32F1_demo.elf.dir/Drivers/STM32F1xx_HAL_Driver/Src/stm32f1xx_hal_rcc.c.obj
 *fill*         0x0800386d        0x3 
 .rodata.vTaskStartScheduler.str1.4
                0x08003870        0x5 CMakeFiles/STM32F1_demo.elf.dir/Middlewares/Third_Party/FreeRTOS/Source/tasks.c.obj
 *fill*         0x08003875        0x3 
 .rodata.prvCheckForValidListAndQueue.str1.4
                0x08003878        0x5 CMakeFiles/STM32F1_demo.elf.dir/Middlewares/Third_Party/FreeRTOS/Source/timers.c.obj
 *fill*         0x0800387d        0x3 
 .rodata.xTimerCreateTimerTask.str1.4
                0x08003880        0x8 CMakeFiles/STM32F1_demo.elf.dir/Middlewares/Third_Party/FreeRTOS/Source/timers.c.obj
 .rodata._global_impure_ptr
                0x08003888        0x4 d:/stm32cube/gcc-arm-none-eabi-10.3-2021.10-win32/gcc-arm-none-eabi-10.3-2021.10/bin/../lib/gcc/arm-none-eabi/10.3.1/../../../../arm-none-eabi/lib/thumb/v7-m/nofp\libg.a(lib_a-impure.o)
                0x08003888                _global_impure_ptr
                0x0800388c                . = ALIGN (0x4)

.rel.dyn        0x0800388c        0x0
 .rel.iplt      0x0800388c        0x0 d:/stm32cube/gcc-arm-none-eabi-10.3-2021.10-win32/gcc-arm-none-eabi-10.3-2021.10/bin/../lib/gcc/arm-none-eabi/10.3.1/thumb/v7-m/nofp/crtbegin.o

.ARM.extab      0x0800388c        0x0
                0x0800388c                . = ALIGN (0x4)
 *(.ARM.extab* .gnu.linkonce.armextab.*)
                0x0800388c                . = ALIGN (0x4)

.ARM            0x0800388c        0x0
                0x0800388c                . = ALIGN (0x4)
                0x0800388c                __exidx_start = .
 *(.ARM.exidx*)
                0x0800388c                __exidx_end = .
                0x0800388c                . = ALIGN (0x4)

.preinit_array  0x0800388c        0x0
                0x0800388c                . = ALIGN (0x4)
                0x0800388c                PROVIDE (__preinit_array_start = .)
 *(.preinit_array*)
                0x0800388c                PROVIDE (__preinit_array_end = .)
                0x0800388c                . = ALIGN (0x4)

.init_array     0x0800388c        0x8
                0x0800388c                . = ALIGN (0x4)
                0x0800388c                PROVIDE (__init_array_start = .)
 *(SORT_BY_NAME(.init_array.*))
 .init_array.00000
                0x0800388c        0x4 d:/stm32cube/gcc-arm-none-eabi-10.3-2021.10-win32/gcc-arm-none-eabi-10.3-2021.10/bin/../lib/gcc/arm-none-eabi/10.3.1/../../../../arm-none-eabi/lib/thumb/v7-m/nofp\libg.a(lib_a-__call_atexit.o)
 *(.init_array*)
 .init_array    0x08003890        0x4 d:/stm32cube/gcc-arm-none-eabi-10.3-2021.10-win32/gcc-arm-none-eabi-10.3-2021.10/bin/../lib/gcc/arm-none-eabi/10.3.1/thumb/v7-m/nofp/crtbegin.o
                0x08003894                PROVIDE (__init_array_end = .)
                0x08003894                . = ALIGN (0x4)

.fini_array     0x08003894        0x4
                0x08003894                . = ALIGN (0x4)
                0x08003894                PROVIDE (__fini_array_start = .)
 *(SORT_BY_NAME(.fini_array.*))
 *(.fini_array*)
 .fini_array    0x08003894        0x4 d:/stm32cube/gcc-arm-none-eabi-10.3-2021.10-win32/gcc-arm-none-eabi-10.3-2021.10/bin/../lib/gcc/arm-none-eabi/10.3.1/thumb/v7-m/nofp/crtbegin.o
                0x08003898                PROVIDE (__fini_array_end = .)
                0x08003898                . = ALIGN (0x4)
                0x08003898                _sidata = LOADADDR (.data)

.data           0x20000000      0x854 load address 0x08003898
                0x20000000                . = ALIGN (0x4)
                0x20000000                _sdata = .
 *(.data)
 *(.data*)
 .data.SystemCoreClock
                0x20000000        0x4 CMakeFiles/STM32F1_demo.elf.dir/Core/Src/system_stm32f1xx.c.obj
                0x20000000                SystemCoreClock
 .data.uwTickFreq
                0x20000004        0x1 CMakeFiles/STM32F1_demo.elf.dir/Drivers/STM32F1xx_HAL_Driver/Src/stm32f1xx_hal.c.obj
                0x20000004                uwTickFreq
 *fill*         0x20000005        0x3 
 .data.uwTickPrio
                0x20000008        0x4 CMakeFiles/STM32F1_demo.elf.dir/Drivers/STM32F1xx_HAL_Driver/Src/stm32f1xx_hal.c.obj
                0x20000008                uwTickPrio
 .data.uxCriticalNesting
                0x2000000c        0x4 CMakeFiles/STM32F1_demo.elf.dir/Middlewares/Third_Party/FreeRTOS/Source/portable/GCC/ARM_CM3/port.c.obj
 .data._impure_ptr
                0x20000010        0x4 d:/stm32cube/gcc-arm-none-eabi-10.3-2021.10-win32/gcc-arm-none-eabi-10.3-2021.10/bin/../lib/gcc/arm-none-eabi/10.3.1/../../../../arm-none-eabi/lib/thumb/v7-m/nofp\libg.a(lib_a-impure.o)
                0x20000010                _impure_ptr
 *fill*         0x20000014        0x4 
 .data.impure_data
                0x20000018      0x428 d:/stm32cube/gcc-arm-none-eabi-10.3-2021.10-win32/gcc-arm-none-eabi-10.3-2021.10/bin/../lib/gcc/arm-none-eabi/10.3.1/../../../../arm-none-eabi/lib/thumb/v7-m/nofp\libg.a(lib_a-impure.o)
 .data.__atexit_recursive_mutex
                0x20000440        0x4 d:/stm32cube/gcc-arm-none-eabi-10.3-2021.10-win32/gcc-arm-none-eabi-10.3-2021.10/bin/../lib/gcc/arm-none-eabi/10.3.1/../../../../arm-none-eabi/lib/thumb/v7-m/nofp\libg.a(lib_a-__call_atexit.o)
                0x20000440                __atexit_recursive_mutex
 .data.__malloc_av_
                0x20000444      0x408 d:/stm32cube/gcc-arm-none-eabi-10.3-2021.10-win32/gcc-arm-none-eabi-10.3-2021.10/bin/../lib/gcc/arm-none-eabi/10.3.1/../../../../arm-none-eabi/lib/thumb/v7-m/nofp\libg.a(lib_a-mallocr.o)
                0x20000444                __malloc_av_
 .data.__malloc_sbrk_base
                0x2000084c        0x4 d:/stm32cube/gcc-arm-none-eabi-10.3-2021.10-win32/gcc-arm-none-eabi-10.3-2021.10/bin/../lib/gcc/arm-none-eabi/10.3.1/../../../../arm-none-eabi/lib/thumb/v7-m/nofp\libg.a(lib_a-mallocr.o)
                0x2000084c                __malloc_sbrk_base
 .data.__malloc_trim_threshold
                0x20000850        0x4 d:/stm32cube/gcc-arm-none-eabi-10.3-2021.10-win32/gcc-arm-none-eabi-10.3-2021.10/bin/../lib/gcc/arm-none-eabi/10.3.1/../../../../arm-none-eabi/lib/thumb/v7-m/nofp\libg.a(lib_a-mallocr.o)
                0x20000850                __malloc_trim_threshold
 *(.RamFunc)
 *(.RamFunc*)
                0x20000854                . = ALIGN (0x4)
                0x20000854                _edata = .

.igot.plt       0x20000854        0x0 load address 0x080040ec
 .igot.plt      0x20000854        0x0 d:/stm32cube/gcc-arm-none-eabi-10.3-2021.10-win32/gcc-arm-none-eabi-10.3-2021.10/bin/../lib/gcc/arm-none-eabi/10.3.1/thumb/v7-m/nofp/crtbegin.o
                0x20000854                . = ALIGN (0x4)

.bss            0x20000858     0x2594 load address 0x080040ec
                0x20000858                _sbss = .
                0x20000858                __bss_start__ = _sbss
 *(.bss)
 .bss           0x20000858       0x1c d:/stm32cube/gcc-arm-none-eabi-10.3-2021.10-win32/gcc-arm-none-eabi-10.3-2021.10/bin/../lib/gcc/arm-none-eabi/10.3.1/thumb/v7-m/nofp/crtbegin.o
 *(.bss*)
 .bss.defaultTaskHandle
                0x20000874        0x4 CMakeFiles/STM32F1_demo.elf.dir/Core/Src/main.c.obj
                0x20000874                defaultTaskHandle
 .bss.hpcd_USB_FS
                0x20000878      0x2ec CMakeFiles/STM32F1_demo.elf.dir/Core/Src/main.c.obj
                0x20000878                hpcd_USB_FS
 .bss.hspi1     0x20000b64       0x58 CMakeFiles/STM32F1_demo.elf.dir/Core/Src/main.c.obj
                0x20000b64                hspi1
 .bss.htim1     0x20000bbc       0x48 CMakeFiles/STM32F1_demo.elf.dir/Core/Src/stm32f1xx_hal_timebase_tim.c.obj
                0x20000bbc                htim1
 .bss.__sbrk_heap_end
                0x20000c04        0x4 CMakeFiles/STM32F1_demo.elf.dir/Core/Src/sysmem.c.obj
 .bss.uwTick    0x20000c08        0x4 CMakeFiles/STM32F1_demo.elf.dir/Drivers/STM32F1xx_HAL_Driver/Src/stm32f1xx_hal.c.obj
                0x20000c08                uwTick
 .bss.Idle_Stack
                0x20000c0c      0x200 CMakeFiles/STM32F1_demo.elf.dir/Middlewares/Third_Party/FreeRTOS/Source/CMSIS_RTOS_V2/cmsis_os2.c.obj
 *fill*         0x20000e0c        0x4 
 .bss.Idle_TCB  0x20000e10      0x488 CMakeFiles/STM32F1_demo.elf.dir/Middlewares/Third_Party/FreeRTOS/Source/CMSIS_RTOS_V2/cmsis_os2.c.obj
 .bss.KernelState
                0x20001298        0x4 CMakeFiles/STM32F1_demo.elf.dir/Middlewares/Third_Party/FreeRTOS/Source/CMSIS_RTOS_V2/cmsis_os2.c.obj
 .bss.Timer_Stack
                0x2000129c      0x400 CMakeFiles/STM32F1_demo.elf.dir/Middlewares/Third_Party/FreeRTOS/Source/CMSIS_RTOS_V2/cmsis_os2.c.obj
 *fill*         0x2000169c        0x4 
 .bss.Timer_TCB
                0x200016a0      0x488 CMakeFiles/STM32F1_demo.elf.dir/Middlewares/Third_Party/FreeRTOS/Source/CMSIS_RTOS_V2/cmsis_os2.c.obj
 .bss.ucMaxSysCallPriority
                0x20001b28        0x1 CMakeFiles/STM32F1_demo.elf.dir/Middlewares/Third_Party/FreeRTOS/Source/portable/GCC/ARM_CM3/port.c.obj
 *fill*         0x20001b29        0x3 
 .bss.ulMaxPRIGROUPValue
                0x20001b2c        0x4 CMakeFiles/STM32F1_demo.elf.dir/Middlewares/Third_Party/FreeRTOS/Source/portable/GCC/ARM_CM3/port.c.obj
 .bss.pxEnd     0x20001b30        0x4 CMakeFiles/STM32F1_demo.elf.dir/Middlewares/Third_Party/FreeRTOS/Source/portable/MemMang/heap_4.c.obj
 .bss.ucHeap    0x20001b34      0xc00 CMakeFiles/STM32F1_demo.elf.dir/Middlewares/Third_Party/FreeRTOS/Source/portable/MemMang/heap_4.c.obj
 .bss.xBlockAllocatedBit
                0x20002734        0x4 CMakeFiles/STM32F1_demo.elf.dir/Middlewares/Third_Party/FreeRTOS/Source/portable/MemMang/heap_4.c.obj
 .bss.xFreeBytesRemaining
                0x20002738        0x4 CMakeFiles/STM32F1_demo.elf.dir/Middlewares/Third_Party/FreeRTOS/Source/portable/MemMang/heap_4.c.obj
 .bss.xMinimumEverFreeBytesRemaining
                0x2000273c        0x4 CMakeFiles/STM32F1_demo.elf.dir/Middlewares/Third_Party/FreeRTOS/Source/portable/MemMang/heap_4.c.obj
 .bss.xStart    0x20002740        0x8 CMakeFiles/STM32F1_demo.elf.dir/Middlewares/Third_Party/FreeRTOS/Source/portable/MemMang/heap_4.c.obj
 .bss.xQueueRegistry
                0x20002748       0x40 CMakeFiles/STM32F1_demo.elf.dir/Middlewares/Third_Party/FreeRTOS/Source/queue.c.obj
                0x20002748                xQueueRegistry
 .bss.pxCurrentTCB
                0x20002788        0x4 CMakeFiles/STM32F1_demo.elf.dir/Middlewares/Third_Party/FreeRTOS/Source/tasks.c.obj
                0x20002788                pxCurrentTCB
 .bss.pxDelayedTaskList
                0x2000278c        0x4 CMakeFiles/STM32F1_demo.elf.dir/Middlewares/Third_Party/FreeRTOS/Source/tasks.c.obj
 .bss.pxOverflowDelayedTaskList
                0x20002790        0x4 CMakeFiles/STM32F1_demo.elf.dir/Middlewares/Third_Party/FreeRTOS/Source/tasks.c.obj
 .bss.pxReadyTasksLists
                0x20002794      0x460 CMakeFiles/STM32F1_demo.elf.dir/Middlewares/Third_Party/FreeRTOS/Source/tasks.c.obj
 .bss.uxCurrentNumberOfTasks
                0x20002bf4        0x4 CMakeFiles/STM32F1_demo.elf.dir/Middlewares/Third_Party/FreeRTOS/Source/tasks.c.obj
 .bss.uxDeletedTasksWaitingCleanUp
                0x20002bf8        0x4 CMakeFiles/STM32F1_demo.elf.dir/Middlewares/Third_Party/FreeRTOS/Source/tasks.c.obj
 .bss.uxPendedTicks
                0x20002bfc        0x4 CMakeFiles/STM32F1_demo.elf.dir/Middlewares/Third_Party/FreeRTOS/Source/tasks.c.obj
 .bss.uxSchedulerSuspended
                0x20002c00        0x4 CMakeFiles/STM32F1_demo.elf.dir/Middlewares/Third_Party/FreeRTOS/Source/tasks.c.obj
 .bss.uxTaskNumber
                0x20002c04        0x4 CMakeFiles/STM32F1_demo.elf.dir/Middlewares/Third_Party/FreeRTOS/Source/tasks.c.obj
 .bss.uxTopReadyPriority
                0x20002c08        0x4 CMakeFiles/STM32F1_demo.elf.dir/Middlewares/Third_Party/FreeRTOS/Source/tasks.c.obj
 .bss.xDelayedTaskList1
                0x20002c0c       0x14 CMakeFiles/STM32F1_demo.elf.dir/Middlewares/Third_Party/FreeRTOS/Source/tasks.c.obj
 .bss.xDelayedTaskList2
                0x20002c20       0x14 CMakeFiles/STM32F1_demo.elf.dir/Middlewares/Third_Party/FreeRTOS/Source/tasks.c.obj
 .bss.xIdleTaskHandle
                0x20002c34        0x4 CMakeFiles/STM32F1_demo.elf.dir/Middlewares/Third_Party/FreeRTOS/Source/tasks.c.obj
 .bss.xNextTaskUnblockTime
                0x20002c38        0x4 CMakeFiles/STM32F1_demo.elf.dir/Middlewares/Third_Party/FreeRTOS/Source/tasks.c.obj
 .bss.xNumOfOverflows
                0x20002c3c        0x4 CMakeFiles/STM32F1_demo.elf.dir/Middlewares/Third_Party/FreeRTOS/Source/tasks.c.obj
 .bss.xPendingReadyList
                0x20002c40       0x14 CMakeFiles/STM32F1_demo.elf.dir/Middlewares/Third_Party/FreeRTOS/Source/tasks.c.obj
 .bss.xSchedulerRunning
                0x20002c54        0x4 CMakeFiles/STM32F1_demo.elf.dir/Middlewares/Third_Party/FreeRTOS/Source/tasks.c.obj
 .bss.xSuspendedTaskList
                0x20002c58       0x14 CMakeFiles/STM32F1_demo.elf.dir/Middlewares/Third_Party/FreeRTOS/Source/tasks.c.obj
 .bss.xTasksWaitingTermination
                0x20002c6c       0x14 CMakeFiles/STM32F1_demo.elf.dir/Middlewares/Third_Party/FreeRTOS/Source/tasks.c.obj
 .bss.xTickCount
                0x20002c80        0x4 CMakeFiles/STM32F1_demo.elf.dir/Middlewares/Third_Party/FreeRTOS/Source/tasks.c.obj
 .bss.xYieldPending
                0x20002c84        0x4 CMakeFiles/STM32F1_demo.elf.dir/Middlewares/Third_Party/FreeRTOS/Source/tasks.c.obj
 .bss.pxCurrentTimerList
                0x20002c88        0x4 CMakeFiles/STM32F1_demo.elf.dir/Middlewares/Third_Party/FreeRTOS/Source/timers.c.obj
 .bss.pxOverflowTimerList
                0x20002c8c        0x4 CMakeFiles/STM32F1_demo.elf.dir/Middlewares/Third_Party/FreeRTOS/Source/timers.c.obj
 .bss.ucStaticTimerQueueStorage.1
                0x20002c90       0xa0 CMakeFiles/STM32F1_demo.elf.dir/Middlewares/Third_Party/FreeRTOS/Source/timers.c.obj
 .bss.xActiveTimerList1
                0x20002d30       0x14 CMakeFiles/STM32F1_demo.elf.dir/Middlewares/Third_Party/FreeRTOS/Source/timers.c.obj
 .bss.xActiveTimerList2
                0x20002d44       0x14 CMakeFiles/STM32F1_demo.elf.dir/Middlewares/Third_Party/FreeRTOS/Source/timers.c.obj
 .bss.xLastTime.2
                0x20002d58        0x4 CMakeFiles/STM32F1_demo.elf.dir/Middlewares/Third_Party/FreeRTOS/Source/timers.c.obj
 .bss.xStaticTimerQueue.0
                0x20002d5c       0x50 CMakeFiles/STM32F1_demo.elf.dir/Middlewares/Third_Party/FreeRTOS/Source/timers.c.obj
 .bss.xTimerQueue
                0x20002dac        0x4 CMakeFiles/STM32F1_demo.elf.dir/Middlewares/Third_Party/FreeRTOS/Source/timers.c.obj
 .bss.xTimerTaskHandle
                0x20002db0        0x4 CMakeFiles/STM32F1_demo.elf.dir/Middlewares/Third_Party/FreeRTOS/Source/timers.c.obj
 .bss.errno     0x20002db4        0x4 d:/stm32cube/gcc-arm-none-eabi-10.3-2021.10-win32/gcc-arm-none-eabi-10.3-2021.10/bin/../lib/gcc/arm-none-eabi/10.3.1/../../../../arm-none-eabi/lib/thumb/v7-m/nofp\libg.a(lib_a-reent.o)
                0x20002db4                errno
 .bss.__lock___atexit_recursive_mutex
                0x20002db8        0x1 d:/stm32cube/gcc-arm-none-eabi-10.3-2021.10-win32/gcc-arm-none-eabi-10.3-2021.10/bin/../lib/gcc/arm-none-eabi/10.3.1/../../../../arm-none-eabi/lib/thumb/v7-m/nofp\libg.a(lib_a-lock.o)
                0x20002db8                __lock___atexit_recursive_mutex
 *fill*         0x20002db9        0x3 
 .bss.__lock___malloc_recursive_mutex
                0x20002dbc        0x1 d:/stm32cube/gcc-arm-none-eabi-10.3-2021.10-win32/gcc-arm-none-eabi-10.3-2021.10/bin/../lib/gcc/arm-none-eabi/10.3.1/../../../../arm-none-eabi/lib/thumb/v7-m/nofp\libg.a(lib_a-lock.o)
                0x20002dbc                __lock___malloc_recursive_mutex
 *fill*         0x20002dbd        0x3 
 .bss.__malloc_current_mallinfo
                0x20002dc0       0x28 d:/stm32cube/gcc-arm-none-eabi-10.3-2021.10-win32/gcc-arm-none-eabi-10.3-2021.10/bin/../lib/gcc/arm-none-eabi/10.3.1/../../../../arm-none-eabi/lib/thumb/v7-m/nofp\libg.a(lib_a-mallocr.o)
                0x20002dc0                __malloc_current_mallinfo
 .bss.__malloc_top_pad
                0x20002de8        0x4 d:/stm32cube/gcc-arm-none-eabi-10.3-2021.10-win32/gcc-arm-none-eabi-10.3-2021.10/bin/../lib/gcc/arm-none-eabi/10.3.1/../../../../arm-none-eabi/lib/thumb/v7-m/nofp\libg.a(lib_a-mallocr.o)
                0x20002de8                __malloc_top_pad
 *(COMMON)
                0x20002dec                . = ALIGN (0x4)
                0x20002dec                _ebss = .
                0x20002dec                __bss_end__ = _ebss

._user_heap_stack
                0x20002dec      0x604 load address 0x080040ec
                0x20002df0                . = ALIGN (0x8)
 *fill*         0x20002dec        0x4 
                [!provide]                PROVIDE (end = .)
                0x20002df0                PROVIDE (_end = .)
                0x20002ff0                . = (. + _Min_Heap_Size)
 *fill*         0x20002df0      0x200 
                0x200033f0                . = (. + _Min_Stack_Size)
 *fill*         0x20002ff0      0x400 
                0x200033f0                . = ALIGN (0x8)

/DISCARD/
 libc.a(*)
 libm.a(*)
 libgcc.a(*)

.ARM.attributes
                0x00000000       0x29
 *(.ARM.attributes)
 .ARM.attributes
                0x00000000       0x1d d:/stm32cube/gcc-arm-none-eabi-10.3-2021.10-win32/gcc-arm-none-eabi-10.3-2021.10/bin/../lib/gcc/arm-none-eabi/10.3.1/thumb/v7-m/nofp/crti.o
 .ARM.attributes
                0x0000001d       0x2d d:/stm32cube/gcc-arm-none-eabi-10.3-2021.10-win32/gcc-arm-none-eabi-10.3-2021.10/bin/../lib/gcc/arm-none-eabi/10.3.1/thumb/v7-m/nofp/crtbegin.o
 .ARM.attributes
                0x0000004a       0x2d CMakeFiles/STM32F1_demo.elf.dir/Core/Src/main.c.obj
 .ARM.attributes
                0x00000077       0x2d CMakeFiles/STM32F1_demo.elf.dir/Core/Src/stm32f1xx_hal_msp.c.obj
 .ARM.attributes
                0x000000a4       0x2d CMakeFiles/STM32F1_demo.elf.dir/Core/Src/stm32f1xx_hal_timebase_tim.c.obj
 .ARM.attributes
                0x000000d1       0x2d CMakeFiles/STM32F1_demo.elf.dir/Core/Src/stm32f1xx_it.c.obj
 .ARM.attributes
                0x000000fe       0x2d CMakeFiles/STM32F1_demo.elf.dir/Core/Src/sysmem.c.obj
 .ARM.attributes
                0x0000012b       0x2d CMakeFiles/STM32F1_demo.elf.dir/Core/Src/system_stm32f1xx.c.obj
 .ARM.attributes
                0x00000158       0x21 CMakeFiles/STM32F1_demo.elf.dir/Core/Startup/startup_stm32f103c8tx.s.obj
 .ARM.attributes
                0x00000179       0x2d CMakeFiles/STM32F1_demo.elf.dir/Drivers/STM32F1xx_HAL_Driver/Src/stm32f1xx_hal.c.obj
 .ARM.attributes
                0x000001a6       0x2d CMakeFiles/STM32F1_demo.elf.dir/Drivers/STM32F1xx_HAL_Driver/Src/stm32f1xx_hal_cortex.c.obj
 .ARM.attributes
                0x000001d3       0x2d CMakeFiles/STM32F1_demo.elf.dir/Drivers/STM32F1xx_HAL_Driver/Src/stm32f1xx_hal_gpio.c.obj
 .ARM.attributes
                0x00000200       0x2d CMakeFiles/STM32F1_demo.elf.dir/Drivers/STM32F1xx_HAL_Driver/Src/stm32f1xx_hal_pcd.c.obj
 .ARM.attributes
                0x0000022d       0x2d CMakeFiles/STM32F1_demo.elf.dir/Drivers/STM32F1xx_HAL_Driver/Src/stm32f1xx_hal_rcc.c.obj
 .ARM.attributes
                0x0000025a       0x2d CMakeFiles/STM32F1_demo.elf.dir/Drivers/STM32F1xx_HAL_Driver/Src/stm32f1xx_hal_rcc_ex.c.obj
 .ARM.attributes
                0x00000287       0x2d CMakeFiles/STM32F1_demo.elf.dir/Drivers/STM32F1xx_HAL_Driver/Src/stm32f1xx_hal_spi.c.obj
 .ARM.attributes
                0x000002b4       0x2d CMakeFiles/STM32F1_demo.elf.dir/Drivers/STM32F1xx_HAL_Driver/Src/stm32f1xx_hal_tim.c.obj
 .ARM.attributes
                0x000002e1       0x2d CMakeFiles/STM32F1_demo.elf.dir/Drivers/STM32F1xx_HAL_Driver/Src/stm32f1xx_hal_tim_ex.c.obj
 .ARM.attributes
                0x0000030e       0x2d CMakeFiles/STM32F1_demo.elf.dir/Drivers/STM32F1xx_HAL_Driver/Src/stm32f1xx_ll_usb.c.obj
 .ARM.attributes
                0x0000033b       0x2d CMakeFiles/STM32F1_demo.elf.dir/Middlewares/Third_Party/FreeRTOS/Source/CMSIS_RTOS_V2/cmsis_os2.c.obj
 .ARM.attributes
                0x00000368       0x2d CMakeFiles/STM32F1_demo.elf.dir/Middlewares/Third_Party/FreeRTOS/Source/list.c.obj
 .ARM.attributes
                0x00000395       0x2d CMakeFiles/STM32F1_demo.elf.dir/Middlewares/Third_Party/FreeRTOS/Source/portable/GCC/ARM_CM3/port.c.obj
 .ARM.attributes
                0x000003c2       0x2d CMakeFiles/STM32F1_demo.elf.dir/Middlewares/Third_Party/FreeRTOS/Source/portable/MemMang/heap_4.c.obj
 .ARM.attributes
                0x000003ef       0x2d CMakeFiles/STM32F1_demo.elf.dir/Middlewares/Third_Party/FreeRTOS/Source/queue.c.obj
 .ARM.attributes
                0x0000041c       0x2d CMakeFiles/STM32F1_demo.elf.dir/Middlewares/Third_Party/FreeRTOS/Source/tasks.c.obj
 .ARM.attributes
                0x00000449       0x2d CMakeFiles/STM32F1_demo.elf.dir/Middlewares/Third_Party/FreeRTOS/Source/timers.c.obj
 .ARM.attributes
                0x00000476       0x2d d:/stm32cube/gcc-arm-none-eabi-10.3-2021.10-win32/gcc-arm-none-eabi-10.3-2021.10/bin/../lib/gcc/arm-none-eabi/10.3.1/../../../../arm-none-eabi/lib/thumb/v7-m/nofp\libg.a(lib_a-errno.o)
 .ARM.attributes
                0x000004a3       0x2d d:/stm32cube/gcc-arm-none-eabi-10.3-2021.10-win32/gcc-arm-none-eabi-10.3-2021.10/bin/../lib/gcc/arm-none-eabi/10.3.1/../../../../arm-none-eabi/lib/thumb/v7-m/nofp\libg.a(lib_a-impure.o)
 .ARM.attributes
                0x000004d0       0x2d d:/stm32cube/gcc-arm-none-eabi-10.3-2021.10-win32/gcc-arm-none-eabi-10.3-2021.10/bin/../lib/gcc/arm-none-eabi/10.3.1/../../../../arm-none-eabi/lib/thumb/v7-m/nofp\libg.a(lib_a-init.o)
 .ARM.attributes
                0x000004fd       0x1b d:/stm32cube/gcc-arm-none-eabi-10.3-2021.10-win32/gcc-arm-none-eabi-10.3-2021.10/bin/../lib/gcc/arm-none-eabi/10.3.1/../../../../arm-none-eabi/lib/thumb/v7-m/nofp\libg.a(lib_a-memcpy.o)
 .ARM.attributes
                0x00000518       0x2d d:/stm32cube/gcc-arm-none-eabi-10.3-2021.10-win32/gcc-arm-none-eabi-10.3-2021.10/bin/../lib/gcc/arm-none-eabi/10.3.1/../../../../arm-none-eabi/lib/thumb/v7-m/nofp\libg.a(lib_a-memset.o)
 .ARM.attributes
                0x00000545       0x2d d:/stm32cube/gcc-arm-none-eabi-10.3-2021.10-win32/gcc-arm-none-eabi-10.3-2021.10/bin/../lib/gcc/arm-none-eabi/10.3.1/../../../../arm-none-eabi/lib/thumb/v7-m/nofp\libg.a(lib_a-reent.o)
 .ARM.attributes
                0x00000572       0x2d d:/stm32cube/gcc-arm-none-eabi-10.3-2021.10-win32/gcc-arm-none-eabi-10.3-2021.10/bin/../lib/gcc/arm-none-eabi/10.3.1/../../../../arm-none-eabi/lib/thumb/v7-m/nofp\libg.a(lib_a-__call_atexit.o)
 .ARM.attributes
                0x0000059f       0x2d d:/stm32cube/gcc-arm-none-eabi-10.3-2021.10-win32/gcc-arm-none-eabi-10.3-2021.10/bin/../lib/gcc/arm-none-eabi/10.3.1/../../../../arm-none-eabi/lib/thumb/v7-m/nofp\libg.a(lib_a-atexit.o)
 .ARM.attributes
                0x000005cc       0x2d d:/stm32cube/gcc-arm-none-eabi-10.3-2021.10-win32/gcc-arm-none-eabi-10.3-2021.10/bin/../lib/gcc/arm-none-eabi/10.3.1/../../../../arm-none-eabi/lib/thumb/v7-m/nofp\libg.a(lib_a-fini.o)
 .ARM.attributes
                0x000005f9       0x2d d:/stm32cube/gcc-arm-none-eabi-10.3-2021.10-win32/gcc-arm-none-eabi-10.3-2021.10/bin/../lib/gcc/arm-none-eabi/10.3.1/../../../../arm-none-eabi/lib/thumb/v7-m/nofp\libg.a(lib_a-freer.o)
 .ARM.attributes
                0x00000626       0x2d d:/stm32cube/gcc-arm-none-eabi-10.3-2021.10-win32/gcc-arm-none-eabi-10.3-2021.10/bin/../lib/gcc/arm-none-eabi/10.3.1/../../../../arm-none-eabi/lib/thumb/v7-m/nofp\libg.a(lib_a-lock.o)
 .ARM.attributes
                0x00000653       0x2d d:/stm32cube/gcc-arm-none-eabi-10.3-2021.10-win32/gcc-arm-none-eabi-10.3-2021.10/bin/../lib/gcc/arm-none-eabi/10.3.1/../../../../arm-none-eabi/lib/thumb/v7-m/nofp\libg.a(lib_a-mallocr.o)
 .ARM.attributes
                0x00000680       0x2d d:/stm32cube/gcc-arm-none-eabi-10.3-2021.10-win32/gcc-arm-none-eabi-10.3-2021.10/bin/../lib/gcc/arm-none-eabi/10.3.1/../../../../arm-none-eabi/lib/thumb/v7-m/nofp\libg.a(lib_a-mlock.o)
 .ARM.attributes
                0x000006ad       0x2d d:/stm32cube/gcc-arm-none-eabi-10.3-2021.10-win32/gcc-arm-none-eabi-10.3-2021.10/bin/../lib/gcc/arm-none-eabi/10.3.1/../../../../arm-none-eabi/lib/thumb/v7-m/nofp\libg.a(lib_a-sbrkr.o)
 .ARM.attributes
                0x000006da       0x2d d:/stm32cube/gcc-arm-none-eabi-10.3-2021.10-win32/gcc-arm-none-eabi-10.3-2021.10/bin/../lib/gcc/arm-none-eabi/10.3.1/../../../../arm-none-eabi/lib/thumb/v7-m/nofp\libg.a(lib_a-__atexit.o)
 .ARM.attributes
                0x00000707       0x1d d:/stm32cube/gcc-arm-none-eabi-10.3-2021.10-win32/gcc-arm-none-eabi-10.3-2021.10/bin/../lib/gcc/arm-none-eabi/10.3.1/thumb/v7-m/nofp/crtn.o
OUTPUT(STM32F1_demo.elf elf32-littlearm)
LOAD linker stubs
LOAD d:/stm32cube/gcc-arm-none-eabi-10.3-2021.10-win32/gcc-arm-none-eabi-10.3-2021.10/bin/../lib/gcc/arm-none-eabi/10.3.1/../../../../arm-none-eabi/lib/thumb/v7-m/nofp\libc.a
LOAD d:/stm32cube/gcc-arm-none-eabi-10.3-2021.10-win32/gcc-arm-none-eabi-10.3-2021.10/bin/../lib/gcc/arm-none-eabi/10.3.1/../../../../arm-none-eabi/lib/thumb/v7-m/nofp\libm.a
LOAD d:/stm32cube/gcc-arm-none-eabi-10.3-2021.10-win32/gcc-arm-none-eabi-10.3-2021.10/bin/../lib/gcc/arm-none-eabi/10.3.1/thumb/v7-m/nofp\libgcc.a

.debug_info     0x00000000    0x1f6bb
 .debug_info    0x00000000     0x1521 CMakeFiles/STM32F1_demo.elf.dir/Core/Src/main.c.obj
 .debug_info    0x00001521      0xf48 CMakeFiles/STM32F1_demo.elf.dir/Core/Src/stm32f1xx_hal_msp.c.obj
 .debug_info    0x00002469      0xa2c CMakeFiles/STM32F1_demo.elf.dir/Core/Src/stm32f1xx_hal_timebase_tim.c.obj
 .debug_info    0x00002e95      0xdc4 CMakeFiles/STM32F1_demo.elf.dir/Core/Src/stm32f1xx_it.c.obj
 .debug_info    0x00003c59      0x174 CMakeFiles/STM32F1_demo.elf.dir/Core/Src/sysmem.c.obj
 .debug_info    0x00003dcd      0x248 CMakeFiles/STM32F1_demo.elf.dir/Core/Src/system_stm32f1xx.c.obj
 .debug_info    0x00004015       0x22 CMakeFiles/STM32F1_demo.elf.dir/Core/Startup/startup_stm32f103c8tx.s.obj
 .debug_info    0x00004037      0x7a8 CMakeFiles/STM32F1_demo.elf.dir/Drivers/STM32F1xx_HAL_Driver/Src/stm32f1xx_hal.c.obj
 .debug_info    0x000047df      0xd8a CMakeFiles/STM32F1_demo.elf.dir/Drivers/STM32F1xx_HAL_Driver/Src/stm32f1xx_hal_cortex.c.obj
 .debug_info    0x00005569      0x66f CMakeFiles/STM32F1_demo.elf.dir/Drivers/STM32F1xx_HAL_Driver/Src/stm32f1xx_hal_gpio.c.obj
 .debug_info    0x00005bd8     0x1b27 CMakeFiles/STM32F1_demo.elf.dir/Drivers/STM32F1xx_HAL_Driver/Src/stm32f1xx_hal_pcd.c.obj
 .debug_info    0x000076ff      0xa36 CMakeFiles/STM32F1_demo.elf.dir/Drivers/STM32F1xx_HAL_Driver/Src/stm32f1xx_hal_rcc.c.obj
 .debug_info    0x00008135      0x443 CMakeFiles/STM32F1_demo.elf.dir/Drivers/STM32F1xx_HAL_Driver/Src/stm32f1xx_hal_rcc_ex.c.obj
 .debug_info    0x00008578     0x1d70 CMakeFiles/STM32F1_demo.elf.dir/Drivers/STM32F1xx_HAL_Driver/Src/stm32f1xx_hal_spi.c.obj
 .debug_info    0x0000a2e8     0x3b00 CMakeFiles/STM32F1_demo.elf.dir/Drivers/STM32F1xx_HAL_Driver/Src/stm32f1xx_hal_tim.c.obj
 .debug_info    0x0000dde8     0x19e9 CMakeFiles/STM32F1_demo.elf.dir/Drivers/STM32F1xx_HAL_Driver/Src/stm32f1xx_hal_tim_ex.c.obj
 .debug_info    0x0000f7d1     0x1cb2 CMakeFiles/STM32F1_demo.elf.dir/Drivers/STM32F1xx_HAL_Driver/Src/stm32f1xx_ll_usb.c.obj
 .debug_info    0x00011483     0x539a CMakeFiles/STM32F1_demo.elf.dir/Middlewares/Third_Party/FreeRTOS/Source/CMSIS_RTOS_V2/cmsis_os2.c.obj
 .debug_info    0x0001681d      0x2da CMakeFiles/STM32F1_demo.elf.dir/Middlewares/Third_Party/FreeRTOS/Source/list.c.obj
 .debug_info    0x00016af7      0x52b CMakeFiles/STM32F1_demo.elf.dir/Middlewares/Third_Party/FreeRTOS/Source/portable/GCC/ARM_CM3/port.c.obj
 .debug_info    0x00017022      0x471 CMakeFiles/STM32F1_demo.elf.dir/Middlewares/Third_Party/FreeRTOS/Source/portable/MemMang/heap_4.c.obj
 .debug_info    0x00017493     0x2733 CMakeFiles/STM32F1_demo.elf.dir/Middlewares/Third_Party/FreeRTOS/Source/queue.c.obj
 .debug_info    0x00019bc6     0x390b CMakeFiles/STM32F1_demo.elf.dir/Middlewares/Third_Party/FreeRTOS/Source/tasks.c.obj
 .debug_info    0x0001d4d1     0x21ea CMakeFiles/STM32F1_demo.elf.dir/Middlewares/Third_Party/FreeRTOS/Source/timers.c.obj

.debug_abbrev   0x00000000     0x36f0
 .debug_abbrev  0x00000000      0x2cc CMakeFiles/STM32F1_demo.elf.dir/Core/Src/main.c.obj
 .debug_abbrev  0x000002cc      0x1cf CMakeFiles/STM32F1_demo.elf.dir/Core/Src/stm32f1xx_hal_msp.c.obj
 .debug_abbrev  0x0000049b      0x1ff CMakeFiles/STM32F1_demo.elf.dir/Core/Src/stm32f1xx_hal_timebase_tim.c.obj
 .debug_abbrev  0x0000069a      0x1c4 CMakeFiles/STM32F1_demo.elf.dir/Core/Src/stm32f1xx_it.c.obj
 .debug_abbrev  0x0000085e       0xe7 CMakeFiles/STM32F1_demo.elf.dir/Core/Src/sysmem.c.obj
 .debug_abbrev  0x00000945      0x13e CMakeFiles/STM32F1_demo.elf.dir/Core/Src/system_stm32f1xx.c.obj
 .debug_abbrev  0x00000a83       0x12 CMakeFiles/STM32F1_demo.elf.dir/Core/Startup/startup_stm32f103c8tx.s.obj
 .debug_abbrev  0x00000a95      0x1f4 CMakeFiles/STM32F1_demo.elf.dir/Drivers/STM32F1xx_HAL_Driver/Src/stm32f1xx_hal.c.obj
 .debug_abbrev  0x00000c89      0x341 CMakeFiles/STM32F1_demo.elf.dir/Drivers/STM32F1xx_HAL_Driver/Src/stm32f1xx_hal_cortex.c.obj
 .debug_abbrev  0x00000fca      0x1e6 CMakeFiles/STM32F1_demo.elf.dir/Drivers/STM32F1xx_HAL_Driver/Src/stm32f1xx_hal_gpio.c.obj
 .debug_abbrev  0x000011b0      0x2bd CMakeFiles/STM32F1_demo.elf.dir/Drivers/STM32F1xx_HAL_Driver/Src/stm32f1xx_hal_pcd.c.obj
 .debug_abbrev  0x0000146d      0x27a CMakeFiles/STM32F1_demo.elf.dir/Drivers/STM32F1xx_HAL_Driver/Src/stm32f1xx_hal_rcc.c.obj
 .debug_abbrev  0x000016e7      0x1d2 CMakeFiles/STM32F1_demo.elf.dir/Drivers/STM32F1xx_HAL_Driver/Src/stm32f1xx_hal_rcc_ex.c.obj
 .debug_abbrev  0x000018b9      0x23b CMakeFiles/STM32F1_demo.elf.dir/Drivers/STM32F1xx_HAL_Driver/Src/stm32f1xx_hal_spi.c.obj
 .debug_abbrev  0x00001af4      0x23e CMakeFiles/STM32F1_demo.elf.dir/Drivers/STM32F1xx_HAL_Driver/Src/stm32f1xx_hal_tim.c.obj
 .debug_abbrev  0x00001d32      0x241 CMakeFiles/STM32F1_demo.elf.dir/Drivers/STM32F1xx_HAL_Driver/Src/stm32f1xx_hal_tim_ex.c.obj
 .debug_abbrev  0x00001f73      0x21f CMakeFiles/STM32F1_demo.elf.dir/Drivers/STM32F1xx_HAL_Driver/Src/stm32f1xx_ll_usb.c.obj
 .debug_abbrev  0x00002192      0x495 CMakeFiles/STM32F1_demo.elf.dir/Middlewares/Third_Party/FreeRTOS/Source/CMSIS_RTOS_V2/cmsis_os2.c.obj
 .debug_abbrev  0x00002627      0x106 CMakeFiles/STM32F1_demo.elf.dir/Middlewares/Third_Party/FreeRTOS/Source/list.c.obj
 .debug_abbrev  0x0000272d      0x27e CMakeFiles/STM32F1_demo.elf.dir/Middlewares/Third_Party/FreeRTOS/Source/portable/GCC/ARM_CM3/port.c.obj
 .debug_abbrev  0x000029ab      0x238 CMakeFiles/STM32F1_demo.elf.dir/Middlewares/Third_Party/FreeRTOS/Source/portable/MemMang/heap_4.c.obj
 .debug_abbrev  0x00002be3      0x38c CMakeFiles/STM32F1_demo.elf.dir/Middlewares/Third_Party/FreeRTOS/Source/queue.c.obj
 .debug_abbrev  0x00002f6f      0x401 CMakeFiles/STM32F1_demo.elf.dir/Middlewares/Third_Party/FreeRTOS/Source/tasks.c.obj
 .debug_abbrev  0x00003370      0x380 CMakeFiles/STM32F1_demo.elf.dir/Middlewares/Third_Party/FreeRTOS/Source/timers.c.obj

.debug_loc      0x00000000    0x175d7
 .debug_loc     0x00000000       0x67 CMakeFiles/STM32F1_demo.elf.dir/Core/Src/main.c.obj
 .debug_loc     0x00000067      0x108 CMakeFiles/STM32F1_demo.elf.dir/Core/Src/stm32f1xx_hal_msp.c.obj
 .debug_loc     0x0000016f       0xd0 CMakeFiles/STM32F1_demo.elf.dir/Core/Src/stm32f1xx_hal_timebase_tim.c.obj
 .debug_loc     0x0000023f       0x64 CMakeFiles/STM32F1_demo.elf.dir/Core/Src/sysmem.c.obj
 .debug_loc     0x000002a3       0xff CMakeFiles/STM32F1_demo.elf.dir/Core/Src/system_stm32f1xx.c.obj
 .debug_loc     0x000003a2      0x141 CMakeFiles/STM32F1_demo.elf.dir/Drivers/STM32F1xx_HAL_Driver/Src/stm32f1xx_hal.c.obj
 .debug_loc     0x000004e3      0x71f CMakeFiles/STM32F1_demo.elf.dir/Drivers/STM32F1xx_HAL_Driver/Src/stm32f1xx_hal_cortex.c.obj
 .debug_loc     0x00000c02      0x47d CMakeFiles/STM32F1_demo.elf.dir/Drivers/STM32F1xx_HAL_Driver/Src/stm32f1xx_hal_gpio.c.obj
 .debug_loc     0x0000107f     0x148f CMakeFiles/STM32F1_demo.elf.dir/Drivers/STM32F1xx_HAL_Driver/Src/stm32f1xx_hal_pcd.c.obj
 .debug_loc     0x0000250e      0x63e CMakeFiles/STM32F1_demo.elf.dir/Drivers/STM32F1xx_HAL_Driver/Src/stm32f1xx_hal_rcc.c.obj
 .debug_loc     0x00002b4c      0x3c8 CMakeFiles/STM32F1_demo.elf.dir/Drivers/STM32F1xx_HAL_Driver/Src/stm32f1xx_hal_rcc_ex.c.obj
 .debug_loc     0x00002f14     0x1d4e CMakeFiles/STM32F1_demo.elf.dir/Drivers/STM32F1xx_HAL_Driver/Src/stm32f1xx_hal_spi.c.obj
 .debug_loc     0x00004c62     0x47a8 CMakeFiles/STM32F1_demo.elf.dir/Drivers/STM32F1xx_HAL_Driver/Src/stm32f1xx_hal_tim.c.obj
 .debug_loc     0x0000940a     0x1ade CMakeFiles/STM32F1_demo.elf.dir/Drivers/STM32F1xx_HAL_Driver/Src/stm32f1xx_hal_tim_ex.c.obj
 .debug_loc     0x0000aee8     0x1c2e CMakeFiles/STM32F1_demo.elf.dir/Drivers/STM32F1xx_HAL_Driver/Src/stm32f1xx_ll_usb.c.obj
 .debug_loc     0x0000cb16     0x579d CMakeFiles/STM32F1_demo.elf.dir/Middlewares/Third_Party/FreeRTOS/Source/CMSIS_RTOS_V2/cmsis_os2.c.obj
 .debug_loc     0x000122b3       0xad CMakeFiles/STM32F1_demo.elf.dir/Middlewares/Third_Party/FreeRTOS/Source/list.c.obj
 .debug_loc     0x00012360       0xe8 CMakeFiles/STM32F1_demo.elf.dir/Middlewares/Third_Party/FreeRTOS/Source/portable/GCC/ARM_CM3/port.c.obj
 .debug_loc     0x00012448      0x331 CMakeFiles/STM32F1_demo.elf.dir/Middlewares/Third_Party/FreeRTOS/Source/portable/MemMang/heap_4.c.obj
 .debug_loc     0x00012779     0x19de CMakeFiles/STM32F1_demo.elf.dir/Middlewares/Third_Party/FreeRTOS/Source/queue.c.obj
 .debug_loc     0x00014157     0x24f2 CMakeFiles/STM32F1_demo.elf.dir/Middlewares/Third_Party/FreeRTOS/Source/tasks.c.obj
 .debug_loc     0x00016649      0xf8e CMakeFiles/STM32F1_demo.elf.dir/Middlewares/Third_Party/FreeRTOS/Source/timers.c.obj

.debug_aranges  0x00000000     0x14b0
 .debug_aranges
                0x00000000       0x60 CMakeFiles/STM32F1_demo.elf.dir/Core/Src/main.c.obj
 .debug_aranges
                0x00000060       0x40 CMakeFiles/STM32F1_demo.elf.dir/Core/Src/stm32f1xx_hal_msp.c.obj
 .debug_aranges
                0x000000a0       0x30 CMakeFiles/STM32F1_demo.elf.dir/Core/Src/stm32f1xx_hal_timebase_tim.c.obj
 .debug_aranges
                0x000000d0       0x58 CMakeFiles/STM32F1_demo.elf.dir/Core/Src/stm32f1xx_it.c.obj
 .debug_aranges
                0x00000128       0x20 CMakeFiles/STM32F1_demo.elf.dir/Core/Src/sysmem.c.obj
 .debug_aranges
                0x00000148       0x28 CMakeFiles/STM32F1_demo.elf.dir/Core/Src/system_stm32f1xx.c.obj
 .debug_aranges
                0x00000170       0x28 CMakeFiles/STM32F1_demo.elf.dir/Core/Startup/startup_stm32f103c8tx.s.obj
 .debug_aranges
                0x00000198       0xe0 CMakeFiles/STM32F1_demo.elf.dir/Drivers/STM32F1xx_HAL_Driver/Src/stm32f1xx_hal.c.obj
 .debug_aranges
                0x00000278       0x90 CMakeFiles/STM32F1_demo.elf.dir/Drivers/STM32F1xx_HAL_Driver/Src/stm32f1xx_hal_cortex.c.obj
 .debug_aranges
                0x00000308       0x58 CMakeFiles/STM32F1_demo.elf.dir/Drivers/STM32F1xx_HAL_Driver/Src/stm32f1xx_hal_gpio.c.obj
 .debug_aranges
                0x00000360      0x138 CMakeFiles/STM32F1_demo.elf.dir/Drivers/STM32F1xx_HAL_Driver/Src/stm32f1xx_hal_pcd.c.obj
 .debug_aranges
                0x00000498       0x90 CMakeFiles/STM32F1_demo.elf.dir/Drivers/STM32F1xx_HAL_Driver/Src/stm32f1xx_hal_rcc.c.obj
 .debug_aranges
                0x00000528       0x30 CMakeFiles/STM32F1_demo.elf.dir/Drivers/STM32F1xx_HAL_Driver/Src/stm32f1xx_hal_rcc_ex.c.obj
 .debug_aranges
                0x00000558      0x1d0 CMakeFiles/STM32F1_demo.elf.dir/Drivers/STM32F1xx_HAL_Driver/Src/stm32f1xx_hal_spi.c.obj
 .debug_aranges
                0x00000728      0x3d0 CMakeFiles/STM32F1_demo.elf.dir/Drivers/STM32F1xx_HAL_Driver/Src/stm32f1xx_hal_tim.c.obj
 .debug_aranges
                0x00000af8      0x168 CMakeFiles/STM32F1_demo.elf.dir/Drivers/STM32F1xx_HAL_Driver/Src/stm32f1xx_hal_tim_ex.c.obj
 .debug_aranges
                0x00000c60       0xf0 CMakeFiles/STM32F1_demo.elf.dir/Drivers/STM32F1xx_HAL_Driver/Src/stm32f1xx_ll_usb.c.obj
 .debug_aranges
                0x00000d50      0x228 CMakeFiles/STM32F1_demo.elf.dir/Middlewares/Third_Party/FreeRTOS/Source/CMSIS_RTOS_V2/cmsis_os2.c.obj
 .debug_aranges
                0x00000f78       0x40 CMakeFiles/STM32F1_demo.elf.dir/Middlewares/Third_Party/FreeRTOS/Source/list.c.obj
 .debug_aranges
                0x00000fb8       0x78 CMakeFiles/STM32F1_demo.elf.dir/Middlewares/Third_Party/FreeRTOS/Source/portable/GCC/ARM_CM3/port.c.obj
 .debug_aranges
                0x00001030       0x50 CMakeFiles/STM32F1_demo.elf.dir/Middlewares/Third_Party/FreeRTOS/Source/portable/MemMang/heap_4.c.obj
 .debug_aranges
                0x00001080      0x158 CMakeFiles/STM32F1_demo.elf.dir/Middlewares/Third_Party/FreeRTOS/Source/queue.c.obj
 .debug_aranges
                0x000011d8      0x1f8 CMakeFiles/STM32F1_demo.elf.dir/Middlewares/Third_Party/FreeRTOS/Source/tasks.c.obj
 .debug_aranges
                0x000013d0       0xe0 CMakeFiles/STM32F1_demo.elf.dir/Middlewares/Third_Party/FreeRTOS/Source/timers.c.obj

.debug_ranges   0x00000000     0x1978
 .debug_ranges  0x00000000       0x50 CMakeFiles/STM32F1_demo.elf.dir/Core/Src/main.c.obj
 .debug_ranges  0x00000050       0x30 CMakeFiles/STM32F1_demo.elf.dir/Core/Src/stm32f1xx_hal_msp.c.obj
 .debug_ranges  0x00000080       0x20 CMakeFiles/STM32F1_demo.elf.dir/Core/Src/stm32f1xx_hal_timebase_tim.c.obj
 .debug_ranges  0x000000a0       0x48 CMakeFiles/STM32F1_demo.elf.dir/Core/Src/stm32f1xx_it.c.obj
 .debug_ranges  0x000000e8       0x10 CMakeFiles/STM32F1_demo.elf.dir/Core/Src/sysmem.c.obj
 .debug_ranges  0x000000f8       0x18 CMakeFiles/STM32F1_demo.elf.dir/Core/Src/system_stm32f1xx.c.obj
 .debug_ranges  0x00000110       0x20 CMakeFiles/STM32F1_demo.elf.dir/Core/Startup/startup_stm32f103c8tx.s.obj
 .debug_ranges  0x00000130       0xd0 CMakeFiles/STM32F1_demo.elf.dir/Drivers/STM32F1xx_HAL_Driver/Src/stm32f1xx_hal.c.obj
 .debug_ranges  0x00000200       0xe0 CMakeFiles/STM32F1_demo.elf.dir/Drivers/STM32F1xx_HAL_Driver/Src/stm32f1xx_hal_cortex.c.obj
 .debug_ranges  0x000002e0       0x48 CMakeFiles/STM32F1_demo.elf.dir/Drivers/STM32F1xx_HAL_Driver/Src/stm32f1xx_hal_gpio.c.obj
 .debug_ranges  0x00000328      0x208 CMakeFiles/STM32F1_demo.elf.dir/Drivers/STM32F1xx_HAL_Driver/Src/stm32f1xx_hal_pcd.c.obj
 .debug_ranges  0x00000530       0xa0 CMakeFiles/STM32F1_demo.elf.dir/Drivers/STM32F1xx_HAL_Driver/Src/stm32f1xx_hal_rcc.c.obj
 .debug_ranges  0x000005d0       0x38 CMakeFiles/STM32F1_demo.elf.dir/Drivers/STM32F1xx_HAL_Driver/Src/stm32f1xx_hal_rcc_ex.c.obj
 .debug_ranges  0x00000608      0x1c0 CMakeFiles/STM32F1_demo.elf.dir/Drivers/STM32F1xx_HAL_Driver/Src/stm32f1xx_hal_spi.c.obj
 .debug_ranges  0x000007c8      0x3c0 CMakeFiles/STM32F1_demo.elf.dir/Drivers/STM32F1xx_HAL_Driver/Src/stm32f1xx_hal_tim.c.obj
 .debug_ranges  0x00000b88      0x158 CMakeFiles/STM32F1_demo.elf.dir/Drivers/STM32F1xx_HAL_Driver/Src/stm32f1xx_hal_tim_ex.c.obj
 .debug_ranges  0x00000ce0      0x3a0 CMakeFiles/STM32F1_demo.elf.dir/Drivers/STM32F1xx_HAL_Driver/Src/stm32f1xx_ll_usb.c.obj
 .debug_ranges  0x00001080      0x218 CMakeFiles/STM32F1_demo.elf.dir/Middlewares/Third_Party/FreeRTOS/Source/CMSIS_RTOS_V2/cmsis_os2.c.obj
 .debug_ranges  0x00001298       0x30 CMakeFiles/STM32F1_demo.elf.dir/Middlewares/Third_Party/FreeRTOS/Source/list.c.obj
 .debug_ranges  0x000012c8       0x68 CMakeFiles/STM32F1_demo.elf.dir/Middlewares/Third_Party/FreeRTOS/Source/portable/GCC/ARM_CM3/port.c.obj
 .debug_ranges  0x00001330       0x40 CMakeFiles/STM32F1_demo.elf.dir/Middlewares/Third_Party/FreeRTOS/Source/portable/MemMang/heap_4.c.obj
 .debug_ranges  0x00001370      0x218 CMakeFiles/STM32F1_demo.elf.dir/Middlewares/Third_Party/FreeRTOS/Source/queue.c.obj
 .debug_ranges  0x00001588      0x320 CMakeFiles/STM32F1_demo.elf.dir/Middlewares/Third_Party/FreeRTOS/Source/tasks.c.obj
 .debug_ranges  0x000018a8       0xd0 CMakeFiles/STM32F1_demo.elf.dir/Middlewares/Third_Party/FreeRTOS/Source/timers.c.obj

.debug_line     0x00000000    0x19384
 .debug_line    0x00000000      0x602 CMakeFiles/STM32F1_demo.elf.dir/Core/Src/main.c.obj
 .debug_line    0x00000602      0x3c0 CMakeFiles/STM32F1_demo.elf.dir/Core/Src/stm32f1xx_hal_msp.c.obj
 .debug_line    0x000009c2      0x367 CMakeFiles/STM32F1_demo.elf.dir/Core/Src/stm32f1xx_hal_timebase_tim.c.obj
 .debug_line    0x00000d29      0x3bc CMakeFiles/STM32F1_demo.elf.dir/Core/Src/stm32f1xx_it.c.obj
 .debug_line    0x000010e5      0x23c CMakeFiles/STM32F1_demo.elf.dir/Core/Src/sysmem.c.obj
 .debug_line    0x00001321      0x2a6 CMakeFiles/STM32F1_demo.elf.dir/Core/Src/system_stm32f1xx.c.obj
 .debug_line    0x000015c7       0xa4 CMakeFiles/STM32F1_demo.elf.dir/Core/Startup/startup_stm32f103c8tx.s.obj
 .debug_line    0x0000166b      0x5ce CMakeFiles/STM32F1_demo.elf.dir/Drivers/STM32F1xx_HAL_Driver/Src/stm32f1xx_hal.c.obj
 .debug_line    0x00001c39      0x6b9 CMakeFiles/STM32F1_demo.elf.dir/Drivers/STM32F1xx_HAL_Driver/Src/stm32f1xx_hal_cortex.c.obj
 .debug_line    0x000022f2      0x663 CMakeFiles/STM32F1_demo.elf.dir/Drivers/STM32F1xx_HAL_Driver/Src/stm32f1xx_hal_gpio.c.obj
 .debug_line    0x00002955     0x193d CMakeFiles/STM32F1_demo.elf.dir/Drivers/STM32F1xx_HAL_Driver/Src/stm32f1xx_hal_pcd.c.obj
 .debug_line    0x00004292      0xcac CMakeFiles/STM32F1_demo.elf.dir/Drivers/STM32F1xx_HAL_Driver/Src/stm32f1xx_hal_rcc.c.obj
 .debug_line    0x00004f3e      0x51e CMakeFiles/STM32F1_demo.elf.dir/Drivers/STM32F1xx_HAL_Driver/Src/stm32f1xx_hal_rcc_ex.c.obj
 .debug_line    0x0000545c     0x24ea CMakeFiles/STM32F1_demo.elf.dir/Drivers/STM32F1xx_HAL_Driver/Src/stm32f1xx_hal_spi.c.obj
 .debug_line    0x00007946     0x46de CMakeFiles/STM32F1_demo.elf.dir/Drivers/STM32F1xx_HAL_Driver/Src/stm32f1xx_hal_tim.c.obj
 .debug_line    0x0000c024     0x1bde CMakeFiles/STM32F1_demo.elf.dir/Drivers/STM32F1xx_HAL_Driver/Src/stm32f1xx_hal_tim_ex.c.obj
 .debug_line    0x0000dc02     0x1b1c CMakeFiles/STM32F1_demo.elf.dir/Drivers/STM32F1xx_HAL_Driver/Src/stm32f1xx_ll_usb.c.obj
 .debug_line    0x0000f71e     0x2e54 CMakeFiles/STM32F1_demo.elf.dir/Middlewares/Third_Party/FreeRTOS/Source/CMSIS_RTOS_V2/cmsis_os2.c.obj
 .debug_line    0x00012572      0x3f4 CMakeFiles/STM32F1_demo.elf.dir/Middlewares/Third_Party/FreeRTOS/Source/list.c.obj
 .debug_line    0x00012966      0x6a5 CMakeFiles/STM32F1_demo.elf.dir/Middlewares/Third_Party/FreeRTOS/Source/portable/GCC/ARM_CM3/port.c.obj
 .debug_line    0x0001300b      0x70e CMakeFiles/STM32F1_demo.elf.dir/Middlewares/Third_Party/FreeRTOS/Source/portable/MemMang/heap_4.c.obj
 .debug_line    0x00013719     0x20b2 CMakeFiles/STM32F1_demo.elf.dir/Middlewares/Third_Party/FreeRTOS/Source/queue.c.obj
 .debug_line    0x000157cb     0x2d12 CMakeFiles/STM32F1_demo.elf.dir/Middlewares/Third_Party/FreeRTOS/Source/tasks.c.obj
 .debug_line    0x000184dd      0xea7 CMakeFiles/STM32F1_demo.elf.dir/Middlewares/Third_Party/FreeRTOS/Source/timers.c.obj

.debug_str      0x00000000     0x7444
 .debug_str     0x00000000     0x1288 CMakeFiles/STM32F1_demo.elf.dir/Core/Src/main.c.obj
                               0x137c (size before relaxing)
 .debug_str     0x00001288      0x426 CMakeFiles/STM32F1_demo.elf.dir/Core/Src/stm32f1xx_hal_msp.c.obj
                                0xcd9 (size before relaxing)
 .debug_str     0x000016ae      0x126 CMakeFiles/STM32F1_demo.elf.dir/Core/Src/stm32f1xx_hal_timebase_tim.c.obj
                                0xb3a (size before relaxing)
 .debug_str     0x000017d4      0x12c CMakeFiles/STM32F1_demo.elf.dir/Core/Src/stm32f1xx_it.c.obj
                                0xae2 (size before relaxing)
 .debug_str     0x00001900       0x9a CMakeFiles/STM32F1_demo.elf.dir/Core/Src/sysmem.c.obj
                                0x250 (size before relaxing)
 .debug_str     0x0000199a       0x9b CMakeFiles/STM32F1_demo.elf.dir/Core/Src/system_stm32f1xx.c.obj
                                0x28c (size before relaxing)
 .debug_str     0x00001a35       0x53 CMakeFiles/STM32F1_demo.elf.dir/Core/Startup/startup_stm32f103c8tx.s.obj
                                 0x85 (size before relaxing)
 .debug_str     0x00001a88      0x2cb CMakeFiles/STM32F1_demo.elf.dir/Drivers/STM32F1xx_HAL_Driver/Src/stm32f1xx_hal.c.obj
                                0x85c (size before relaxing)
 .debug_str     0x00001d53      0x336 CMakeFiles/STM32F1_demo.elf.dir/Drivers/STM32F1xx_HAL_Driver/Src/stm32f1xx_hal_cortex.c.obj
                                0x90b (size before relaxing)
 .debug_str     0x00002089      0x16c CMakeFiles/STM32F1_demo.elf.dir/Drivers/STM32F1xx_HAL_Driver/Src/stm32f1xx_hal_gpio.c.obj
                                0x438 (size before relaxing)
 .debug_str     0x000021f5      0x565 CMakeFiles/STM32F1_demo.elf.dir/Drivers/STM32F1xx_HAL_Driver/Src/stm32f1xx_hal_pcd.c.obj
                                0xb06 (size before relaxing)
 .debug_str     0x0000275a      0x1cc CMakeFiles/STM32F1_demo.elf.dir/Drivers/STM32F1xx_HAL_Driver/Src/stm32f1xx_hal_rcc.c.obj
                                0x663 (size before relaxing)
 .debug_str     0x00002926       0xbc CMakeFiles/STM32F1_demo.elf.dir/Drivers/STM32F1xx_HAL_Driver/Src/stm32f1xx_hal_rcc_ex.c.obj
                                0x40b (size before relaxing)
 .debug_str     0x000029e2      0x56a CMakeFiles/STM32F1_demo.elf.dir/Drivers/STM32F1xx_HAL_Driver/Src/stm32f1xx_hal_spi.c.obj
                                0xb9f (size before relaxing)
 .debug_str     0x00002f4c      0xec9 CMakeFiles/STM32F1_demo.elf.dir/Drivers/STM32F1xx_HAL_Driver/Src/stm32f1xx_hal_tim.c.obj
                               0x1670 (size before relaxing)
 .debug_str     0x00003e15      0x5b1 CMakeFiles/STM32F1_demo.elf.dir/Drivers/STM32F1xx_HAL_Driver/Src/stm32f1xx_hal_tim_ex.c.obj
                                0xe71 (size before relaxing)
 .debug_str     0x000043c6      0x150 CMakeFiles/STM32F1_demo.elf.dir/Drivers/STM32F1xx_HAL_Driver/Src/stm32f1xx_ll_usb.c.obj
                                0x733 (size before relaxing)
 .debug_str     0x00004516     0x15af CMakeFiles/STM32F1_demo.elf.dir/Middlewares/Third_Party/FreeRTOS/Source/CMSIS_RTOS_V2/cmsis_os2.c.obj
                               0x1ce9 (size before relaxing)
 .debug_str     0x00005ac5      0x156 CMakeFiles/STM32F1_demo.elf.dir/Middlewares/Third_Party/FreeRTOS/Source/list.c.obj
                                0x32d (size before relaxing)
 .debug_str     0x00005c1b      0x25d CMakeFiles/STM32F1_demo.elf.dir/Middlewares/Third_Party/FreeRTOS/Source/portable/GCC/ARM_CM3/port.c.obj
                                0x499 (size before relaxing)
 .debug_str     0x00005e78      0x205 CMakeFiles/STM32F1_demo.elf.dir/Middlewares/Third_Party/FreeRTOS/Source/portable/MemMang/heap_4.c.obj
                                0x416 (size before relaxing)
 .debug_str     0x0000607d      0x5f8 CMakeFiles/STM32F1_demo.elf.dir/Middlewares/Third_Party/FreeRTOS/Source/queue.c.obj
                                0xcab (size before relaxing)
 .debug_str     0x00006675      0x8d4 CMakeFiles/STM32F1_demo.elf.dir/Middlewares/Third_Party/FreeRTOS/Source/tasks.c.obj
                               0x16a7 (size before relaxing)
 .debug_str     0x00006f49      0x4fb CMakeFiles/STM32F1_demo.elf.dir/Middlewares/Third_Party/FreeRTOS/Source/timers.c.obj
                                0xfe4 (size before relaxing)

.comment        0x00000000       0x49
 .comment       0x00000000       0x49 CMakeFiles/STM32F1_demo.elf.dir/Core/Src/main.c.obj
                                 0x4a (size before relaxing)
 .comment       0x00000049       0x4a CMakeFiles/STM32F1_demo.elf.dir/Core/Src/stm32f1xx_hal_msp.c.obj
 .comment       0x00000049       0x4a CMakeFiles/STM32F1_demo.elf.dir/Core/Src/stm32f1xx_hal_timebase_tim.c.obj
 .comment       0x00000049       0x4a CMakeFiles/STM32F1_demo.elf.dir/Core/Src/stm32f1xx_it.c.obj
 .comment       0x00000049       0x4a CMakeFiles/STM32F1_demo.elf.dir/Core/Src/sysmem.c.obj
 .comment       0x00000049       0x4a CMakeFiles/STM32F1_demo.elf.dir/Core/Src/system_stm32f1xx.c.obj
 .comment       0x00000049       0x4a CMakeFiles/STM32F1_demo.elf.dir/Drivers/STM32F1xx_HAL_Driver/Src/stm32f1xx_hal.c.obj
 .comment       0x00000049       0x4a CMakeFiles/STM32F1_demo.elf.dir/Drivers/STM32F1xx_HAL_Driver/Src/stm32f1xx_hal_cortex.c.obj
 .comment       0x00000049       0x4a CMakeFiles/STM32F1_demo.elf.dir/Drivers/STM32F1xx_HAL_Driver/Src/stm32f1xx_hal_gpio.c.obj
 .comment       0x00000049       0x4a CMakeFiles/STM32F1_demo.elf.dir/Drivers/STM32F1xx_HAL_Driver/Src/stm32f1xx_hal_pcd.c.obj
 .comment       0x00000049       0x4a CMakeFiles/STM32F1_demo.elf.dir/Drivers/STM32F1xx_HAL_Driver/Src/stm32f1xx_hal_rcc.c.obj
 .comment       0x00000049       0x4a CMakeFiles/STM32F1_demo.elf.dir/Drivers/STM32F1xx_HAL_Driver/Src/stm32f1xx_hal_rcc_ex.c.obj
 .comment       0x00000049       0x4a CMakeFiles/STM32F1_demo.elf.dir/Drivers/STM32F1xx_HAL_Driver/Src/stm32f1xx_hal_spi.c.obj
 .comment       0x00000049       0x4a CMakeFiles/STM32F1_demo.elf.dir/Drivers/STM32F1xx_HAL_Driver/Src/stm32f1xx_hal_tim.c.obj
 .comment       0x00000049       0x4a CMakeFiles/STM32F1_demo.elf.dir/Drivers/STM32F1xx_HAL_Driver/Src/stm32f1xx_hal_tim_ex.c.obj
 .comment       0x00000049       0x4a CMakeFiles/STM32F1_demo.elf.dir/Drivers/STM32F1xx_HAL_Driver/Src/stm32f1xx_ll_usb.c.obj
 .comment       0x00000049       0x4a CMakeFiles/STM32F1_demo.elf.dir/Middlewares/Third_Party/FreeRTOS/Source/CMSIS_RTOS_V2/cmsis_os2.c.obj
 .comment       0x00000049       0x4a CMakeFiles/STM32F1_demo.elf.dir/Middlewares/Third_Party/FreeRTOS/Source/list.c.obj
 .comment       0x00000049       0x4a CMakeFiles/STM32F1_demo.elf.dir/Middlewares/Third_Party/FreeRTOS/Source/portable/GCC/ARM_CM3/port.c.obj
 .comment       0x00000049       0x4a CMakeFiles/STM32F1_demo.elf.dir/Middlewares/Third_Party/FreeRTOS/Source/portable/MemMang/heap_4.c.obj
 .comment       0x00000049       0x4a CMakeFiles/STM32F1_demo.elf.dir/Middlewares/Third_Party/FreeRTOS/Source/queue.c.obj
 .comment       0x00000049       0x4a CMakeFiles/STM32F1_demo.elf.dir/Middlewares/Third_Party/FreeRTOS/Source/tasks.c.obj
 .comment       0x00000049       0x4a CMakeFiles/STM32F1_demo.elf.dir/Middlewares/Third_Party/FreeRTOS/Source/timers.c.obj

.debug_frame    0x00000000     0x3d58
 .debug_frame   0x00000000       0xe0 CMakeFiles/STM32F1_demo.elf.dir/Core/Src/main.c.obj
 .debug_frame   0x000000e0       0x9c CMakeFiles/STM32F1_demo.elf.dir/Core/Src/stm32f1xx_hal_msp.c.obj
 .debug_frame   0x0000017c       0x54 CMakeFiles/STM32F1_demo.elf.dir/Core/Src/stm32f1xx_hal_timebase_tim.c.obj
 .debug_frame   0x000001d0       0xa0 CMakeFiles/STM32F1_demo.elf.dir/Core/Src/stm32f1xx_it.c.obj
 .debug_frame   0x00000270       0x28 CMakeFiles/STM32F1_demo.elf.dir/Core/Src/sysmem.c.obj
 .debug_frame   0x00000298       0x30 CMakeFiles/STM32F1_demo.elf.dir/Core/Src/system_stm32f1xx.c.obj
 .debug_frame   0x000002c8      0x1cc CMakeFiles/STM32F1_demo.elf.dir/Drivers/STM32F1xx_HAL_Driver/Src/stm32f1xx_hal.c.obj
 .debug_frame   0x00000494      0x118 CMakeFiles/STM32F1_demo.elf.dir/Drivers/STM32F1xx_HAL_Driver/Src/stm32f1xx_hal_cortex.c.obj
 .debug_frame   0x000005ac       0xe4 CMakeFiles/STM32F1_demo.elf.dir/Drivers/STM32F1xx_HAL_Driver/Src/stm32f1xx_hal_gpio.c.obj
 .debug_frame   0x00000690      0x344 CMakeFiles/STM32F1_demo.elf.dir/Drivers/STM32F1xx_HAL_Driver/Src/stm32f1xx_hal_pcd.c.obj
 .debug_frame   0x000009d4      0x190 CMakeFiles/STM32F1_demo.elf.dir/Drivers/STM32F1xx_HAL_Driver/Src/stm32f1xx_hal_rcc.c.obj
 .debug_frame   0x00000b64       0x64 CMakeFiles/STM32F1_demo.elf.dir/Drivers/STM32F1xx_HAL_Driver/Src/stm32f1xx_hal_rcc_ex.c.obj
 .debug_frame   0x00000bc8      0x5a4 CMakeFiles/STM32F1_demo.elf.dir/Drivers/STM32F1xx_HAL_Driver/Src/stm32f1xx_hal_spi.c.obj
 .debug_frame   0x0000116c      0xb18 CMakeFiles/STM32F1_demo.elf.dir/Drivers/STM32F1xx_HAL_Driver/Src/stm32f1xx_hal_tim.c.obj
 .debug_frame   0x00001c84      0x40c CMakeFiles/STM32F1_demo.elf.dir/Drivers/STM32F1xx_HAL_Driver/Src/stm32f1xx_hal_tim_ex.c.obj
 .debug_frame   0x00002090      0x1fc CMakeFiles/STM32F1_demo.elf.dir/Drivers/STM32F1xx_HAL_Driver/Src/stm32f1xx_ll_usb.c.obj
 .debug_frame   0x0000228c      0x79c CMakeFiles/STM32F1_demo.elf.dir/Middlewares/Third_Party/FreeRTOS/Source/CMSIS_RTOS_V2/cmsis_os2.c.obj
 .debug_frame   0x00002a28       0x70 CMakeFiles/STM32F1_demo.elf.dir/Middlewares/Third_Party/FreeRTOS/Source/list.c.obj
 .debug_frame   0x00002a98       0xf0 CMakeFiles/STM32F1_demo.elf.dir/Middlewares/Third_Party/FreeRTOS/Source/portable/GCC/ARM_CM3/port.c.obj
 .debug_frame   0x00002b88       0xb0 CMakeFiles/STM32F1_demo.elf.dir/Middlewares/Third_Party/FreeRTOS/Source/portable/MemMang/heap_4.c.obj
 .debug_frame   0x00002c38      0x458 CMakeFiles/STM32F1_demo.elf.dir/Middlewares/Third_Party/FreeRTOS/Source/queue.c.obj
 .debug_frame   0x00003090      0x660 CMakeFiles/STM32F1_demo.elf.dir/Middlewares/Third_Party/FreeRTOS/Source/tasks.c.obj